 PMSConnD

 Timestamp is 4b6bc51e (Fri Feb 05 16:13:34 2010)

 Preferred load address is 10b00000

 Start         Length     Name                   Class
 0001:00000000 0004dbe8H .text                   CODE
 0001:0004dbf0 00002223H .text$x                 CODE
 0001:0004fe20 0000007eH .text$yc                CODE
 0001:0004fea0 00000071H .text$yd                CODE
 0002:00000000 00000278H .idata$5                DATA
 0002:00000278 00000004H .CRT$XCA                DATA
 0002:0000027c 00000004H .CRT$XCC                DATA
 0002:00000280 00000008H .CRT$XCU                DATA
 0002:00000288 00000004H .CRT$XCZ                DATA
 0002:0000028c 00000004H .CRT$XIA                DATA
 0002:00000290 00000010H .CRT$XIC                DATA
 0002:000002a0 00000004H .CRT$XIZ                DATA
 0002:000002a4 00000004H .CRT$XPA                DATA
 0002:000002a8 00000008H .CRT$XPX                DATA
 0002:000002b0 00000004H .CRT$XPXA               DATA
 0002:000002b4 00000004H .CRT$XPZ                DATA
 0002:000002b8 00000004H .CRT$XTA                DATA
 0002:000002bc 00000004H .CRT$XTZ                DATA
 0002:000002c0 0000bbc8H .rdata                  DATA
 0002:0000be88 0000005dH .rdata$debug            DATA
 0002:0000bee8 00000dd4H .rdata$r                DATA
 0002:0000ccc0 000002b4H .rdata$sxdata           DATA
 0002:0000cf74 00000004H .rtc$IAA                DATA
 0002:0000cf78 00000000H .rtc$IMZ                DATA
 0002:0000cf78 00000004H .rtc$IZZ                DATA
 0002:0000cf7c 00000004H .rtc$TAA                DATA
 0002:0000cf80 00000000H .rtc$TMZ                DATA
 0002:0000cf80 00000004H .rtc$TZZ                DATA
 0002:0000cf88 00002e7cH .xdata$x                DATA
 0002:0000fe04 00000064H .idata$2                DATA
 0002:0000fe68 00000014H .idata$3                DATA
 0002:0000fe7c 00000278H .idata$4                DATA
 0002:000100f4 000008caH .idata$6                DATA
 0002:000109c0 000000c8H .edata                  DATA
 0003:00000000 00001af4H .data                   DATA
 0003:00001b00 00001f68H .bss                    DATA
 0004:00000000 00000058H .rsrc$01                DATA
 0004:00000060 00000318H .rsrc$02                DATA

  Address         Publics by Value              Rva+Base       Lib:Object

 0000:00000000       __except_list              00000000     <absolute>
 0000:000000ad       ___safe_se_handler_count   000000ad     <absolute>
 0000:00000000       ___ImageBase               10b00000     <linker-defined>
 0001:00000000       ??0CErrorLog@@QAE@XZ       10b01000 f   ErrorLog.obj
 0001:00000230       ??1CErrorLog@@QAE@XZ       10b01230 f   ErrorLog.obj
 0001:00000260       ?LOG@CErrorLog@@QAAXHPADZZ 10b01260 f   ErrorLog.obj
 0001:00000430       ?SetIsLog@CErrorLog@@QAEHXZ 10b01430 f   ErrorLog.obj
 0001:00000530       ?NewLogFile@CErrorLog@@QAEXXZ 10b01530 f   ErrorLog.obj
 0001:00000550       ??0GCriticalSection@@QAE@XZ 10b01550 f i ErrorLog.obj
 0001:00000580       ??1GCriticalSection@@QAE@XZ 10b01580 f i ErrorLog.obj
 0001:000005b0       ?rfind@?$basic_string@DU?$char_traits@D@std@@V?$allocator@D@2@@std@@QBEIDI@Z 10b015b0 f i ErrorLog.obj
 0001:000005e0       ?substr@?$basic_string@DU?$char_traits@D@std@@V?$allocator@D@2@@std@@QBE?AV12@II@Z 10b015e0 f i ErrorLog.obj
 0001:00000650       ??0?$basic_string@DU?$char_traits@D@std@@V?$allocator@D@2@@std@@QAE@ABV01@IIABV?$allocator@D@1@@Z 10b01650 f i ErrorLog.obj
 0001:00000700       ?rfind@?$basic_string@DU?$char_traits@D@std@@V?$allocator@D@2@@std@@QBEIPBDII@Z 10b01700 f i ErrorLog.obj
 0001:00000810       ?eq@?$char_traits@D@std@@SA_NABD0@Z 10b01810 f i ErrorLog.obj
 0001:00000830       ?compare@?$char_traits@D@std@@SAHPBD0I@Z 10b01830 f i ErrorLog.obj
 0001:00000850       ??0GCRITICAL_SECTION@@QAE@K@Z 10b01850 f i ErrorLog.obj
 0001:000008a0       ??1GCRITICAL_SECTION@@QAE@XZ 10b018a0 f i ErrorLog.obj
 0001:000008e0       ??0?$basic_string@DU?$char_traits@D@std@@V?$allocator@D@2@@std@@QAE@PBD@Z 10b018e0 f i ErrorLog.obj
 0001:00000970       ??1?$basic_string@DU?$char_traits@D@std@@V?$allocator@D@2@@std@@QAE@XZ 10b01970 f i ErrorLog.obj
 0001:000009e0       ?c_str@?$basic_string@DU?$char_traits@D@std@@V?$allocator@D@2@@std@@QBEPBDXZ 10b019e0 f i ErrorLog.obj
 0001:00000a10       ??1_Container_base_secure@std@@QAE@XZ 10b01a10 f i ErrorLog.obj
 0001:00000a40       ?_Orphan_all@_Container_base_secure@std@@QBEXXZ 10b01a40 f i ErrorLog.obj
 0001:00000af0       ?assign@?$basic_string@DU?$char_traits@D@std@@V?$allocator@D@2@@std@@QAEAAV12@ABV12@II@Z 10b01af0 f i ErrorLog.obj
 0001:00000bc0       ?length@?$basic_string@DU?$char_traits@D@std@@V?$allocator@D@2@@std@@QBEIXZ 10b01bc0 f i LinkManager.obj
 0001:00000bc0       ?size@?$basic_string@DU?$char_traits@D@std@@V?$allocator@D@2@@std@@QBEIXZ 10b01bc0 f i ErrorLog.obj
 0001:00000bc0       ?length@?$basic_string@_WU?$char_traits@_W@std@@V?$allocator@_W@2@@std@@QBEIXZ 10b01bc0 f i GString.obj
 0001:00000bc0       ?size@?$basic_string@_WU?$char_traits@_W@std@@V?$allocator@_W@2@@std@@QBEIXZ 10b01bc0 f i GAdlUtl.obj
 0001:00000be0       ?assign@?$basic_string@DU?$char_traits@D@std@@V?$allocator@D@2@@std@@QAEAAV12@PBD@Z 10b01be0 f i ErrorLog.obj
 0001:00000c30       ?length@?$char_traits@D@std@@SAIPBD@Z 10b01c30 f i ErrorLog.obj
 0001:00000c50       ?assign@?$basic_string@DU?$char_traits@D@std@@V?$allocator@D@2@@std@@QAEAAV12@PBDI@Z 10b01c50 f i ErrorLog.obj
 0001:00000d10       ?_Eos@?$basic_string@DU?$char_traits@D@std@@V?$allocator@D@2@@std@@IAEXI@Z 10b01d10 f i ErrorLog.obj
 0001:00000d60       ?assign@?$char_traits@D@std@@SAXAADABD@Z 10b01d60 f i ErrorLog.obj
 0001:00000d70       ?_Grow@?$basic_string@DU?$char_traits@D@std@@V?$allocator@D@2@@std@@IAE_NI_N@Z 10b01d70 f i ErrorLog.obj
 0001:00000e20       ?_Inside@?$basic_string@DU?$char_traits@D@std@@V?$allocator@D@2@@std@@IAE_NPBD@Z 10b01e20 f i ErrorLog.obj
 0001:00000e70       ?_Tidy@?$basic_string@DU?$char_traits@D@std@@V?$allocator@D@2@@std@@IAEX_NI@Z 10b01e70 f i ErrorLog.obj
 0001:00000f10       ?_Myptr@?$basic_string@DU?$char_traits@D@std@@V?$allocator@D@2@@std@@IBEPBDXZ 10b01f10 f i ErrorLog.obj
 0001:00000f10       ?_Myptr@?$basic_string@DU?$char_traits@D@std@@V?$allocator@D@2@@std@@IAEPADXZ 10b01f10 f i ErrorLog.obj
 0001:00000f50       ??0?$_String_val@_WV?$allocator@_W@std@@@std@@IAE@V?$allocator@_W@1@@Z 10b01f50 f i GAdlUtl.obj
 0001:00000f50       ??0?$_String_val@DV?$allocator@D@std@@@std@@IAE@V?$allocator@D@1@@Z 10b01f50 f i ErrorLog.obj
 0001:00000f90       ??0_String_base@std@@QAE@XZ 10b01f90 f i ErrorLog.obj
 0001:00000fc0       ?erase@?$basic_string@DU?$char_traits@D@std@@V?$allocator@D@2@@std@@QAEAAV12@II@Z 10b01fc0 f i ErrorLog.obj
 0001:00001070       ?max_size@?$basic_string@DU?$char_traits@D@std@@V?$allocator@D@2@@std@@QBEIXZ 10b02070 f i ErrorLog.obj
 0001:000010d0       ?_Copy@?$basic_string@DU?$char_traits@D@std@@V?$allocator@D@2@@std@@IAEXII@Z 10b020d0 f i ErrorLog.obj
 0001:00001280       ?allocate@?$allocator@D@std@@QAEPADI@Z 10b02280 f i ErrorLog.obj
 0001:000012b0       ?max_size@?$allocator@D@std@@QBEIXZ 10b022b0 f i ErrorLog.obj
 0001:00001300       ??$copy_s@U?$char_traits@D@std@@@_Traits_helper@std@@YAPADPADIPBDI@Z 10b02300 f i ErrorLog.obj
 0001:00001340       ??$move_s@U?$char_traits@D@std@@@_Traits_helper@std@@YAPADPADIPBDI@Z 10b02340 f i ErrorLog.obj
 0001:00001380       ??$_Allocate@D@std@@YAPADIPAD@Z 10b02380 f i ErrorLog.obj
 0001:000013f0       ??0bad_alloc@std@@QAE@PBD@Z 10b023f0 f i ErrorLog.obj
 0001:00001430       ??1bad_alloc@std@@UAE@XZ   10b02430 f i ErrorLog.obj
 0001:00001460       ??_Ebad_alloc@std@@UAEPAXI@Z 10b02460 f i ErrorLog.obj
 0001:00001460       ??_Gbad_alloc@std@@UAEPAXI@Z 10b02460 f i ErrorLog.obj
 0001:000014a0       ??0bad_alloc@std@@QAE@ABV01@@Z 10b024a0 f i ErrorLog.obj
 0001:000014e0       ??$_Char_traits_cat@U?$char_traits@_W@std@@@std@@YA?AU_Secure_char_traits_tag@0@XZ 10b024e0 f i GAdlUtl.obj
 0001:000014e0       ??$_Char_traits_cat@U?$char_traits@D@std@@@std@@YA?AU_Secure_char_traits_tag@0@XZ 10b024e0 f i ErrorLog.obj
 0001:00001530       ??$copy_s@U?$char_traits@D@std@@@_Traits_helper@std@@YAPADPADIPBDIU_Secure_char_traits_tag@1@@Z 10b02530 f i ErrorLog.obj
 0001:00001560       ?_Copy_s@?$char_traits@D@std@@SAPADPADIPBDI@Z 10b02560 f i ErrorLog.obj
 0001:00001590       ??$move_s@U?$char_traits@D@std@@@_Traits_helper@std@@YAPADPADIPBDIU_Secure_char_traits_tag@1@@Z 10b02590 f i ErrorLog.obj
 0001:000015c0       ?_Move_s@?$char_traits@D@std@@SAPADPADIPBDI@Z 10b025c0 f i ErrorLog.obj
 0001:000015f0       ?_ThreadRoutine@@YGKPAX@Z  10b025f0 f   LinkManager.obj
 0001:00001640       ?GetOptValue@@YAPADHQAPADPBD@Z 10b02640 f   LinkManager.obj
 0001:00001700       ?GetOptValueInt@@YAKHQAPADPBD@Z 10b02700 f   LinkManager.obj
 0001:00001750       ?IsExsistOptValue@@YAHHQAPADPBD@Z 10b02750 f   LinkManager.obj
 0001:00001810       ?GetExecuteFileName@@YAXPAD@Z 10b02810 f   LinkManager.obj
 0001:00001a10       ??0CLinkManager@@QAE@XZ    10b02a10 f   LinkManager.obj
 0001:00001b10       ??1CLinkManager@@UAE@XZ    10b02b10 f   LinkManager.obj
 0001:00001bb0       ?Stop@CLinkManager@@QAEXXZ 10b02bb0 f   LinkManager.obj
 0001:00001d80       ?Init@CLinkManager@@QAEKHQAPAD@Z 10b02d80 f   LinkManager.obj
 0001:00001fc0       ?TryConnectToHA@CLinkManager@@AAEXXZ 10b02fc0 f   LinkManager.obj
 0001:000026d0       ?Main@CLinkManager@@QAEKXZ 10b036d0 f   LinkManager.obj
 0001:00002940       ?Run@CLinkManager@@QAEKPAUIPMSObject@@@Z 10b03940 f   LinkManager.obj
 0001:00002ae0       ?_tcsstr@@YAPADPADPBD@Z    10b03ae0 f i LinkManager.obj
 0001:00002b00       __tcsstr                   10b03b00 f i LinkManager.obj
 0001:00002b20       ?Lock@CLinkManager@@UBGXXZ 10b03b20 f i LinkManager.obj
 0001:00002b40       ?Unlock@CLinkManager@@UBGXXZ 10b03b40 f i LinkManager.obj
 0001:00002b60       ??_GCLinkManager@@UAEPAXI@Z 10b03b60 f i LinkManager.obj
 0001:00002b60       ??_ECLinkManager@@UAEPAXI@Z 10b03b60 f i LinkManager.obj
 0001:00002ba0       ??0?$AdlSocketSingleT@VGSocketHandler@@VGBufSocket@@VPayloadGS@@@@QAE@XZ 10b03ba0 f i LinkManager.obj
 0001:00002bd0       ??1?$AdlSocketSingleT@VGSocketHandler@@VGBufSocket@@VPayloadGS@@@@QAE@XZ 10b03bd0 f i LinkManager.obj
 0001:00002c00       ??0_PMSConfig@@QAE@XZ      10b03c00 f i LinkManager.obj
 0001:00002c70       ??1_PMSConfig@@QAE@XZ      10b03c70 f i LinkManager.obj
 0001:00002ce0       ??0GSafeBufQ@@QAE@XZ       10b03ce0 f i LinkManager.obj
 0001:00002d60       ??0?$AdlSocketDispatcherImplT@V?$BufSocketSingleT@VGSocketHandler@@VGBufSocket@@@@VPayloadGS@@@@QAE@XZ 10b03d60 f i LinkManager.obj
 0001:00002d90       ??1?$AdlSocketDispatcherImplT@V?$BufSocketSingleT@VGSocketHandler@@VGBufSocket@@@@VPayloadGS@@@@QAE@XZ 10b03d90 f i LinkManager.obj
 0001:00002dc0       ??0?$BufSocketSingleT@VGSocketHandler@@VGBufSocket@@@@QAE@XZ 10b03dc0 f i LinkManager.obj
 0001:00002df0       ??1?$BufSocketSingleT@VGSocketHandler@@VGBufSocket@@@@QAE@XZ 10b03df0 f i LinkManager.obj
 0001:00002e20       ??0?$BufSocketDispatcherImplT@V?$SocketSingleT@VGSocketHandler@@VGBufSocket@@@@@@QAE@XZ 10b03e20 f i LinkManager.obj
 0001:00002e50       ??1?$BufSocketDispatcherImplT@V?$SocketSingleT@VGSocketHandler@@VGBufSocket@@@@@@QAE@XZ 10b03e50 f i LinkManager.obj
 0001:00002e80       ??0?$SocketSingleT@VGSocketHandler@@VGBufSocket@@@@QAE@XZ 10b03e80 f i LinkManager.obj
 0001:00002f00       ??1?$SocketSingleT@VGSocketHandler@@VGBufSocket@@@@QAE@XZ 10b03f00 f i LinkManager.obj
 0001:00002f70       ??0?$SocketDispatcherT@VGSocketHandler@@VGBufSocket@@@@QAE@XZ 10b03f70 f i LinkManager.obj
 0001:00002fa0       ??1?$SocketDispatcherT@VGSocketHandler@@VGBufSocket@@@@QAE@XZ 10b03fa0 f i LinkManager.obj
 0001:00002fd0       ??0GSocketHandler@@QAE@XZ  10b03fd0 f i LinkManager.obj
 0001:00003010       ??1GSocketHandler@@QAE@XZ  10b04010 f i LinkManager.obj
 0001:00003040       ??1GSafeBufQ@@QAE@XZ       10b04040 f i LinkManager.obj
 0001:000030b0       ??0PMSNSAP@@QAE@XZ         10b040b0 f i LinkManager.obj
 0001:000030e0       ?Clear@PMSNSAP@@QAEXXZ     10b040e0 f i LinkManager.obj
 0001:00003110       ??0PayloadHA@@QAE@I@Z      10b04110 f i LinkManager.obj
 0001:00003520       ??0PMSAGSInitNtf@@QAE@XZ   10b04520 f i LinkManager.obj
 0001:000035a0       ??1?$ArcVectorT@VPMSNSAP@@@@QAE@XZ 10b045a0 f i LinkManager.obj
 0001:000035d0       ?Clear@PMSAGSInitNtf@@QAEXXZ 10b045d0 f i LinkManager.obj
 0001:00003630       ??0PMSAInitFaultNtf@@QAE@XZ 10b04630 f i LinkManager.obj
 0001:00003660       ??0PMSUnitID@@QAE@XZ       10b04660 f i LinkManager.obj
 0001:00003690       ?Clear@PMSUnitID@@UAEXXZ   10b04690 f i LinkManager.obj
 0001:000036c0       ?Clear@PMSAInitFaultNtf@@QAEXXZ 10b046c0 f i LinkManager.obj
 0001:00003700       ??0PMSAPerformAns@@QAE@XZ  10b04700 f i LinkManager.obj
 0001:00003730       ??0PMSARegionInfoAns@@QAE@XZ 10b04730 f i LinkManager.obj
 0001:00003730       ??0PMSARegionInfoPCAns@@QAE@XZ 10b04730 f i LinkManager.obj
 0001:00003760       ??0PMSAOrderAns@@QAE@XZ    10b04760 f i LinkManager.obj
 0001:00003830       ??0PMSAWarningNtf@@QAE@XZ  10b04830 f i LinkManager.obj
 0001:000038d0       ??0PMSAStatInfoPCAns@@QAE@XZ 10b048d0 f i LinkManager.obj
 0001:000038d0       ??0PMSAStatInfoAns@@QAE@XZ 10b048d0 f i LinkManager.obj
 0001:00003900       ??1PayloadHA@@QAE@XZ       10b04900 f i LinkManager.obj
 0001:00003930       ?Destroy@PayloadHA@@QAEXXZ 10b04930 f i LinkManager.obj
 0001:00003b80       ??_GPMSAGSInitNtf@@QAEPAXI@Z 10b04b80 f i LinkManager.obj
 0001:00003bc0       ??_GPMSAPerformAns@@QAEPAXI@Z 10b04bc0 f i LinkManager.obj
 0001:00003c00       ??_GPMSARegionInfoPCAns@@QAEPAXI@Z 10b04c00 f i LinkManager.obj
 0001:00003c00       ??_GPMSARegionInfoAns@@QAEPAXI@Z 10b04c00 f i LinkManager.obj
 0001:00003c40       ??_GPMSAOrderAns@@QAEPAXI@Z 10b04c40 f i LinkManager.obj
 0001:00003c80       ??_GPMSAWarningNtf@@QAEPAXI@Z 10b04c80 f i LinkManager.obj
 0001:00003cc0       ??_GPMSAStatInfoAns@@QAEPAXI@Z 10b04cc0 f i LinkManager.obj
 0001:00003cc0       ??_GPMSAStatInfoPCAns@@QAEPAXI@Z 10b04cc0 f i LinkManager.obj
 0001:00003d00       ??1PMSAGSInitNtf@@QAE@XZ   10b04d00 f i LinkManager.obj
 0001:00003d70       ??1PMSAPerformAns@@QAE@XZ  10b04d70 f i LinkManager.obj
 0001:00003da0       ??1?$ArcVectorT@J@@QAE@XZ  10b04da0 f i LinkManager.obj
 0001:00003dd0       ??1?$ArcVectorT@VPMSStatBase@@@@QAE@XZ 10b04dd0 f i LinkManager.obj
 0001:00003e00       ??1?$ArcVectorT@VPMSRegionInfo@@@@QAE@XZ 10b04e00 f i LinkManager.obj
 0001:00003e30       ??1PMSAOrderAns@@QAE@XZ    10b04e30 f i LinkManager.obj
 0001:00003ec0       ??1PMSAWarningNtf@@QAE@XZ  10b04ec0 f i LinkManager.obj
 0001:00003f30       ??1PMSAStatInfoAns@@QAE@XZ 10b04f30 f i LinkManager.obj
 0001:00003f30       ??1PMSAStatInfoPCAns@@QAE@XZ 10b04f30 f i LinkManager.obj
 0001:00003f60       ??1PMSARegionInfoPCAns@@QAE@XZ 10b04f60 f i LinkManager.obj
 0001:00003f60       ??1PMSARegionInfoAns@@QAE@XZ 10b04f60 f i LinkManager.obj
 0001:00003f90       ?BeginThread@@YAPAXPAU_SECURITY_ATTRIBUTES@@KP6GKPAX@Z1KPAK@Z 10b04f90 f i LinkManager.obj
 0001:00003fc0       ?find_last_of@?$basic_string@DU?$char_traits@D@std@@V?$allocator@D@2@@std@@QBEIPBDI@Z 10b04fc0 f i LinkManager.obj
 0001:00004020       ??0?$ArcVectorT@J@@QAE@XZ  10b05020 f i LinkManager.obj
 0001:00004050       ??1?$vector@JV?$allocator@J@std@@@std@@QAE@XZ 10b05050 f i LinkManager.obj
 0001:00004050       ??1?$vector@PAVGSyncObj@@V?$allocator@PAVGSyncObj@@@std@@@std@@QAE@XZ 10b05050 f i GKernelObj.obj
 0001:000040c0       ??0?$ArcVectorT@VPMSNSAP@@@@QAE@XZ 10b050c0 f i LinkManager.obj
 0001:000040f0       ??1?$vector@VPMSNSAP@@V?$allocator@VPMSNSAP@@@std@@@std@@QAE@XZ 10b050f0 f i LinkManager.obj
 0001:00004160       ?push_back@?$vector@VPMSNSAP@@V?$allocator@VPMSNSAP@@@std@@@std@@QAEXABVPMSNSAP@@@Z 10b05160 f i LinkManager.obj
 0001:00004260       ?clear@?$vector@VPMSNSAP@@V?$allocator@VPMSNSAP@@@std@@@std@@QAEXXZ 10b05260 f i LinkManager.obj
 0001:00004360       ??0?$ArcVectorT@VPMSStatBase@@@@QAE@XZ 10b05360 f i LinkManager.obj
 0001:00004390       ??1?$vector@VPMSStatBase@@V?$allocator@VPMSStatBase@@@std@@@std@@QAE@XZ 10b05390 f i LinkManager.obj
 0001:00004400       ??0?$ArcVectorT@VPMSRegionInfo@@@@QAE@XZ 10b05400 f i LinkManager.obj
 0001:00004430       ??1?$vector@VPMSRegionInfo@@V?$allocator@VPMSRegionInfo@@@std@@@std@@QAE@XZ 10b05430 f i LinkManager.obj
 0001:000044a0       ?OnReceive@?$AdlSocketDispatcherImplT@V?$BufSocketSingleT@VGSocketHandler@@VGBufSocket@@@@VPayloadGS@@@@MAEHPAVGBufSocket@@H@Z 10b054a0 f i LinkManager.obj
 0001:00004680       ??0_Iterator_base@std@@QAE@XZ 10b05680 f i LinkManager.obj
 0001:00004680       ??0PayloadGS@@QAE@XZ       10b05680 f i LinkManager.obj
 0001:00004680       ??0PMSAAnnounceAns@@QAE@XZ 10b05680 f i LinkManager.obj
 0001:00004680       ??0PMSAHeartBeatAns@@QAE@XZ 10b05680 f i LinkManager.obj
 0001:000046b0       ??1PayloadGS@@QAE@XZ       10b056b0 f i LinkManager.obj
 0001:000046e0       ?Destroy@PayloadGS@@QAEXXZ 10b056e0 f i LinkManager.obj
 0001:00004810       ??_GPMSAAnnounceReq@@QAEPAXI@Z 10b05810 f i LinkManager.obj
 0001:00004850       ??_GPMSAOrderReq@@QAEPAXI@Z 10b05850 f i LinkManager.obj
 0001:00004890       ??1PMSAAnnounceReq@@QAE@XZ 10b05890 f i LinkManager.obj
 0001:000048c0       ??1PMSAOrderReq@@QAE@XZ    10b058c0 f i LinkManager.obj
 0001:00004940       ?OnSend@?$AdlSocketDispatcherImplT@V?$BufSocketSingleT@VGSocketHandler@@VGBufSocket@@@@VPayloadGS@@@@MAEHPAVGBufSocket@@H@Z 10b05940 f i LinkManager.obj
 0001:000049d0       ?OnReceive@?$BufSocketDispatcherImplT@V?$SocketSingleT@VGSocketHandler@@VGBufSocket@@@@@@MAEHPAVGBufSocket@@H@Z 10b059d0 f i LinkManager.obj
 0001:00004a60       ?OnSend@?$BufSocketDispatcherImplT@V?$SocketSingleT@VGSocketHandler@@VGBufSocket@@@@@@MAEHPAVGBufSocket@@H@Z 10b05a60 f i LinkManager.obj
 0001:00004af0       ?GetSocket@?$SocketSingleT@VGSocketHandler@@VGBufSocket@@@@QAEPAVGBufSocket@@XZ 10b05af0 f i LinkManager.obj
 0001:00004b20       ?Attach@?$SocketSingleT@VGSocketHandler@@VGBufSocket@@@@IAEHPAVGBufSocket@@J@Z 10b05b20 f i LinkManager.obj
 0001:00004b70       ?Detach@?$SocketSingleT@VGSocketHandler@@VGBufSocket@@@@IAEPAVGBufSocket@@XZ 10b05b70 f i LinkManager.obj
 0001:00004bc0       ?Dispatch@?$SocketSingleT@VGSocketHandler@@VGBufSocket@@@@MAEXXZ 10b05bc0 f i LinkManager.obj
 0001:00004c20       ?DispatchSocket@?$SocketDispatcherT@VGSocketHandler@@VGBufSocket@@@@MAEXPAVGBufSocket@@@Z 10b05c20 f i LinkManager.obj
 0001:00004d70       ?OnSocketNotify@?$SocketDispatcherT@VGSocketHandler@@VGBufSocket@@@@MAEHPAVGBufSocket@@JH@Z 10b05d70 f i LinkManager.obj
 0001:00004ff0       ?OnReceive@?$SocketDispatcherT@VGSocketHandler@@VGBufSocket@@@@MAEHPAVGBufSocket@@H@Z 10b05ff0 f i LinkManager.obj
 0001:00005050       ?OnSend@?$SocketDispatcherT@VGSocketHandler@@VGBufSocket@@@@MAEHPAVGBufSocket@@H@Z 10b06050 f i LinkManager.obj
 0001:000050b0       ?OnOOB@?$SocketDispatcherT@VGSocketHandler@@VGBufSocket@@@@MAEHPAVGBufSocket@@H@Z 10b060b0 f i LinkManager.obj
 0001:00005110       ?OnAccept@?$SocketDispatcherT@VGSocketHandler@@VGBufSocket@@@@MAEHPAVGBufSocket@@H@Z 10b06110 f i LinkManager.obj
 0001:00005170       ?OnConnect@?$SocketDispatcherT@VGSocketHandler@@VGBufSocket@@@@MAEHPAVGBufSocket@@H@Z 10b06170 f i LinkManager.obj
 0001:000051d0       ?OnClose@?$SocketDispatcherT@VGSocketHandler@@VGBufSocket@@@@MAEHPAVGBufSocket@@H@Z 10b061d0 f i LinkManager.obj
 0001:00005210       ?OnQOS@?$SocketDispatcherT@VGSocketHandler@@VGBufSocket@@@@MAEHPAVGBufSocket@@H@Z 10b06210 f i LinkManager.obj
 0001:00005270       ?OnGroupQOS@?$SocketDispatcherT@VGSocketHandler@@VGBufSocket@@@@MAEHPAVGBufSocket@@H@Z 10b06270 f i LinkManager.obj
 0001:000052e0       ?OnRoutingInterfaceChange@?$SocketDispatcherT@VGSocketHandler@@VGBufSocket@@@@MAEHPAVGBufSocket@@H@Z 10b062e0 f i LinkManager.obj
 0001:00005350       ?OnAddressListChange@?$SocketDispatcherT@VGSocketHandler@@VGBufSocket@@@@MAEHPAVGBufSocket@@H@Z 10b06350 f i LinkManager.obj
 0001:000053c0       ?OnError@?$SocketDispatcherT@VGSocketHandler@@VGBufSocket@@@@MAEHPAVGBufSocket@@JH@Z 10b063c0 f i LinkManager.obj
 0001:000053e0       ??0?$AutoPtrT@VGBufSocket@@@@QAE@PAVGBufSocket@@@Z 10b063e0 f i LinkManager.obj
 0001:00005400       ??1?$AutoPtrT@VGBufSocket@@@@QAE@XZ 10b06400 f i LinkManager.obj
 0001:00005470       ??0?$ObjLockT@VCLinkManager@@@@QAE@QBVCLinkManager@@H@Z 10b06470 f i LinkManager.obj
 0001:000054c0       ??1?$ObjLockT@VCLinkManager@@@@QAE@XZ 10b064c0 f i LinkManager.obj
 0001:00005510       ??1?$_Vector_val@VPMSNSAP@@V?$allocator@VPMSNSAP@@@std@@@std@@QAE@XZ 10b06510 f i LinkManager.obj
 0001:00005510       ??1?$_Vector_val@PAVGSyncObj@@V?$allocator@PAVGSyncObj@@@std@@@std@@QAE@XZ 10b06510 f i GKernelObj.obj
 0001:00005510       ??1?$_String_val@DV?$allocator@D@std@@@std@@QAE@XZ 10b06510 f i ErrorLog.obj
 0001:00005510       ??1?$_Vector_val@JV?$allocator@J@std@@@std@@QAE@XZ 10b06510 f i LinkManager.obj
 0001:00005510       ??1?$_Vector_val@VPMSStatBase@@V?$allocator@VPMSStatBase@@@std@@@std@@QAE@XZ 10b06510 f i LinkManager.obj
 0001:00005510       ??1?$_String_val@_WV?$allocator@_W@std@@@std@@QAE@XZ 10b06510 f i GAdlUtl.obj
 0001:00005510       ??1?$_List_nod@VGBuf@@V?$allocator@VGBuf@@@std@@@std@@QAE@XZ 10b06510 f i LinkManager.obj
 0001:00005510       ??1?$_Vector_val@VPMSRegionInfo@@V?$allocator@VPMSRegionInfo@@@std@@@std@@QAE@XZ 10b06510 f i LinkManager.obj
 0001:00005540       ??0_Iterator_base@std@@QAE@ABV01@@Z 10b06540 f i LinkManager.obj
 0001:00005580       ??4_Iterator_base@std@@QAEAAV01@ABV01@@Z 10b06580 f i LinkManager.obj
 0001:00005650       ?_Adopt@_Iterator_base@std@@QAEXPBV_Container_base_secure@2@@Z 10b06650 f i LinkManager.obj
 0001:00005730       ?_Orphan_me@_Iterator_base@std@@QAEXXZ 10b06730 f i LinkManager.obj
 0001:000057d0       ??1_Iterator_base@std@@QAE@XZ 10b067d0 f i LinkManager.obj
 0001:00005880       ?find_last_of@?$basic_string@DU?$char_traits@D@std@@V?$allocator@D@2@@std@@QBEIPBDII@Z 10b06880 f i LinkManager.obj
 0001:00005950       ?find@?$char_traits@D@std@@SAPBDPBDIABD@Z 10b06950 f i LinkManager.obj
 0001:00005980       ??0?$vector@PAVGSyncObj@@V?$allocator@PAVGSyncObj@@@std@@@std@@QAE@XZ 10b06980 f i GKernelObj.obj
 0001:00005980       ??0?$vector@JV?$allocator@J@std@@@std@@QAE@XZ 10b06980 f i LinkManager.obj
 0001:00005a00       ??0?$vector@VPMSNSAP@@V?$allocator@VPMSNSAP@@@std@@@std@@QAE@XZ 10b06a00 f i LinkManager.obj
 0001:00005a80       ?capacity@?$vector@VPMSNSAP@@V?$allocator@VPMSNSAP@@@std@@@std@@QBEIXZ 10b06a80 f i LinkManager.obj
 0001:00005ad0       ?begin@?$vector@VPMSNSAP@@V?$allocator@VPMSNSAP@@@std@@@std@@QAE?AV?$_Vector_iterator@VPMSNSAP@@V?$allocator@VPMSNSAP@@@std@@@2@XZ 10b06ad0 f i LinkManager.obj
 0001:00005b20       ?end@?$vector@VPMSNSAP@@V?$allocator@VPMSNSAP@@@std@@@std@@QAE?AV?$_Vector_iterator@VPMSNSAP@@V?$allocator@VPMSNSAP@@@std@@@2@XZ 10b06b20 f i LinkManager.obj
 0001:00005b70       ?size@?$vector@VPMSNSAP@@V?$allocator@VPMSNSAP@@@std@@@std@@QBEIXZ 10b06b70 f i LinkManager.obj
 0001:00005ba0       ?insert@?$vector@VPMSNSAP@@V?$allocator@VPMSNSAP@@@std@@@std@@QAE?AV?$_Vector_iterator@VPMSNSAP@@V?$allocator@VPMSNSAP@@@std@@@2@V?$_Vector_const_iterator@VPMSNSAP@@V?$allocator@VPMSNSAP@@@std@@@2@ABVPMSNSAP@@@Z 10b06ba0 f i LinkManager.obj
 0001:00005ce0       ?erase@?$vector@VPMSNSAP@@V?$allocator@VPMSNSAP@@@std@@@std@@QAE?AV?$_Vector_iterator@VPMSNSAP@@V?$allocator@VPMSNSAP@@@std@@@2@V?$_Vector_const_iterator@VPMSNSAP@@V?$allocator@VPMSNSAP@@@std@@@2@0@Z 10b06ce0 f i LinkManager.obj
 0001:00005ed0       ?_Tidy@?$vector@VPMSNSAP@@V?$allocator@VPMSNSAP@@@std@@@std@@IAEXXZ 10b06ed0 f i LinkManager.obj
 0001:00005f60       ?_Ufill@?$vector@VPMSNSAP@@V?$allocator@VPMSNSAP@@@std@@@std@@IAEPAVPMSNSAP@@PAV3@IABV3@@Z 10b06f60 f i LinkManager.obj
 0001:00005fb0       ??0?$vector@VPMSStatBase@@V?$allocator@VPMSStatBase@@@std@@@std@@QAE@XZ 10b06fb0 f i LinkManager.obj
 0001:00006030       ?_Tidy@?$vector@VPMSStatBase@@V?$allocator@VPMSStatBase@@@std@@@std@@IAEXXZ 10b07030 f i LinkManager.obj
 0001:000060c0       ??1_String_base@std@@QAE@XZ 10b070c0 f i ErrorLog.obj
 0001:000060c0       ??1?$_Container_base_aux_alloc_empty@V?$allocator@VGBuf@@@std@@@std@@IAE@XZ 10b070c0 f i LinkManager.obj
 0001:000060c0       ??1?$_Container_base_aux_alloc_empty@V?$allocator@VPMSStatBase@@@std@@@std@@IAE@XZ 10b070c0 f i LinkManager.obj
 0001:000060c0       ??1?$_Container_base_aux_alloc_empty@V?$allocator@VPMSNSAP@@@std@@@std@@IAE@XZ 10b070c0 f i LinkManager.obj
 0001:000060c0       ??1?$_Container_base_aux_alloc_empty@V?$allocator@J@std@@@std@@IAE@XZ 10b070c0 f i LinkManager.obj
 0001:000060c0       ??1?$_Container_base_aux_alloc_empty@V?$allocator@VPMSRegionInfo@@@std@@@std@@IAE@XZ 10b070c0 f i LinkManager.obj
 0001:000060c0       ??1?$_Container_base_aux_alloc_empty@V?$allocator@PAVGSyncObj@@@std@@@std@@IAE@XZ 10b070c0 f i GKernelObj.obj
 0001:000060f0       ??0?$vector@VPMSRegionInfo@@V?$allocator@VPMSRegionInfo@@@std@@@std@@QAE@XZ 10b070f0 f i LinkManager.obj
 0001:00006170       ?_Tidy@?$vector@VPMSRegionInfo@@V?$allocator@VPMSRegionInfo@@@std@@@std@@IAEXXZ 10b07170 f i LinkManager.obj
 0001:00006200       ??C?$AutoPtrT@VGBufSocket@@@@QBEPAVGBufSocket@@XZ 10b07200 f i LinkManager.obj
 0001:00006250       ??4?$AutoPtrT@VGBufSocket@@@@QAEPAVGBufSocket@@PAV1@@Z 10b07250 f i LinkManager.obj
 0001:00006280       ?Detach@?$AutoPtrT@VGBufSocket@@@@QAEPAVGBufSocket@@XZ 10b07280 f i LinkManager.obj
 0001:000062b0       ?_Buy@?$vector@JV?$allocator@J@std@@@std@@IAE_NI@Z 10b072b0 f i LinkManager.obj
 0001:000062b0       ?_Buy@?$vector@PAVGSyncObj@@V?$allocator@PAVGSyncObj@@@std@@@std@@IAE_NI@Z 10b072b0 f i GKernelObj.obj
 0001:00006350       ?_Make_iter@?$vector@VPMSNSAP@@V?$allocator@VPMSNSAP@@@std@@@std@@QBE?AV?$_Vector_iterator@VPMSNSAP@@V?$allocator@VPMSNSAP@@@std@@@2@V?$_Vector_const_iterator@VPMSNSAP@@V?$allocator@VPMSNSAP@@@std@@@2@@Z 10b07350 f i LinkManager.obj
 0001:000063e0       ?_Buy@?$vector@VPMSNSAP@@V?$allocator@VPMSNSAP@@@std@@@std@@IAE_NI@Z 10b073e0 f i LinkManager.obj
 0001:00006480       ?_Destroy@?$vector@VPMSNSAP@@V?$allocator@VPMSNSAP@@@std@@@std@@IAEXPAVPMSNSAP@@0@Z 10b07480 f i LinkManager.obj
 0001:000064c0       ?_Insert_n@?$vector@VPMSNSAP@@V?$allocator@VPMSNSAP@@@std@@@std@@IAEXV?$_Vector_const_iterator@VPMSNSAP@@V?$allocator@VPMSNSAP@@@std@@@2@IABVPMSNSAP@@@Z 10b074c0 f i LinkManager.obj
 0001:00006940       ??0PMSNSAP@@QAE@ABV0@@Z    10b07940 f i LinkManager.obj
 0001:00006940       ??4PMSNSAP@@QAEAAV0@ABV0@@Z 10b07940 f i LinkManager.obj
 0001:00006970       ??0?$allocator@VPMSNSAP@@@std@@QAE@XZ 10b07970 f i LinkManager.obj
 0001:00006970       ??0PMSARegionInfoReq@@QAE@XZ 10b07970 f i LinkManager.obj
 0001:00006970       ??0?$allocator@PAVGSyncObj@@@std@@QAE@XZ 10b07970 f i GKernelObj.obj
 0001:00006970       ??0?$allocator@VPMSRegionInfo@@@std@@QAE@XZ 10b07970 f i LinkManager.obj
 0001:00006970       ??0?$allocator@VGBuf@@@std@@QAE@XZ 10b07970 f i LinkManager.obj
 0001:00006970       ??0PMSAStatInfoReq@@QAE@XZ 10b07970 f i LinkManager.obj
 0001:00006970       ??0?$allocator@J@std@@QAE@XZ 10b07970 f i LinkManager.obj
 0001:00006970       ??0PMSAPerformReq@@QAE@XZ  10b07970 f i LinkManager.obj
 0001:00006970       ??0?$allocator@D@std@@QAE@XZ 10b07970 f i ErrorLog.obj
 0001:00006970       ??0?$allocator@_W@std@@QAE@XZ 10b07970 f i GAdlUtl.obj
 0001:00006970       ??0?$allocator@VPMSStatBase@@@std@@QAE@XZ 10b07970 f i LinkManager.obj
 0001:00006990       ?_Buy@?$vector@VPMSStatBase@@V?$allocator@VPMSStatBase@@@std@@@std@@IAE_NI@Z 10b07990 f i LinkManager.obj
 0001:00006a30       ?_Destroy@?$vector@VPMSStatBase@@V?$allocator@VPMSStatBase@@@std@@@std@@IAEXPAVPMSStatBase@@0@Z 10b07a30 f i LinkManager.obj
 0001:00006a70       ??0?$_Vector_val@VPMSNSAP@@V?$allocator@VPMSNSAP@@@std@@@std@@IAE@V?$allocator@VPMSNSAP@@@1@@Z 10b07a70 f i LinkManager.obj
 0001:00006a70       ??0?$_Vector_val@VPMSRegionInfo@@V?$allocator@VPMSRegionInfo@@@std@@@std@@IAE@V?$allocator@VPMSRegionInfo@@@1@@Z 10b07a70 f i LinkManager.obj
 0001:00006a70       ??0?$_Vector_val@PAVGSyncObj@@V?$allocator@PAVGSyncObj@@@std@@@std@@IAE@V?$allocator@PAVGSyncObj@@@1@@Z 10b07a70 f i GKernelObj.obj
 0001:00006a70       ??0?$_Vector_val@JV?$allocator@J@std@@@std@@IAE@V?$allocator@J@1@@Z 10b07a70 f i LinkManager.obj
 0001:00006a70       ??0?$_Vector_val@VPMSStatBase@@V?$allocator@VPMSStatBase@@@std@@@std@@IAE@V?$allocator@VPMSStatBase@@@1@@Z 10b07a70 f i LinkManager.obj
 0001:00006a70       ??0?$_List_nod@VGBuf@@V?$allocator@VGBuf@@@std@@@std@@IAE@V?$allocator@VGBuf@@@1@@Z 10b07a70 f i LinkManager.obj
 0001:00006ac0       ?deallocate@?$allocator@_W@std@@QAEXPA_WI@Z 10b07ac0 f i GAdlUtl.obj
 0001:00006ac0       ?deallocate@?$allocator@J@std@@QAEXPAJI@Z 10b07ac0 f i LinkManager.obj
 0001:00006ac0       ?deallocate@?$allocator@VPMSStatBase@@@std@@QAEXPAVPMSStatBase@@I@Z 10b07ac0 f i LinkManager.obj
 0001:00006ac0       ?deallocate@?$allocator@VPMSNSAP@@@std@@QAEXPAVPMSNSAP@@I@Z 10b07ac0 f i LinkManager.obj
 0001:00006ac0       ?deallocate@?$allocator@PAX@std@@QAEXPAPAXI@Z 10b07ac0 f i GKernelObj.obj
 0001:00006ac0       ?deallocate@?$allocator@VPMSRegionInfo@@@std@@QAEXPAVPMSRegionInfo@@I@Z 10b07ac0 f i LinkManager.obj
 0001:00006ac0       ?deallocate@?$allocator@D@std@@QAEXPADI@Z 10b07ac0 f i ErrorLog.obj
 0001:00006ac0       ?deallocate@?$allocator@U_Node@?$_List_nod@VGBuf@@V?$allocator@VGBuf@@@std@@@std@@@std@@QAEXPAU_Node@?$_List_nod@VGBuf@@V?$allocator@VGBuf@@@std@@@2@I@Z 10b07ac0 f i LinkManager.obj
 0001:00006ac0       ?deallocate@?$allocator@PAVGSyncObj@@@std@@QAEXPAPAVGSyncObj@@I@Z 10b07ac0 f i GKernelObj.obj
 0001:00006af0       ?_Buy@?$vector@VPMSRegionInfo@@V?$allocator@VPMSRegionInfo@@@std@@@std@@IAE_NI@Z 10b07af0 f i LinkManager.obj
 0001:00006b90       ?_Destroy@?$vector@VPMSRegionInfo@@V?$allocator@VPMSRegionInfo@@@std@@@std@@IAEXPAVPMSRegionInfo@@0@Z 10b07b90 f i LinkManager.obj
 0001:00006bd0       ?PtrAssign@?$AutoPtrT@VGBufSocket@@@@KGPAVGBufSocket@@PAPAV2@PAV2@@Z 10b07bd0 f i LinkManager.obj
 0001:00006c60       ??0?$_Vector_iterator@VPMSNSAP@@V?$allocator@VPMSNSAP@@@std@@@std@@QAE@PAVPMSNSAP@@PBV_Container_base_secure@1@@Z 10b07c60 f i LinkManager.obj
 0001:00006ca0       ??H?$_Vector_iterator@VPMSNSAP@@V?$allocator@VPMSNSAP@@@std@@@std@@QBE?AV01@H@Z 10b07ca0 f i LinkManager.obj
 0001:00006d80       ??G?$_Vector_const_iterator@VPMSNSAP@@V?$allocator@VPMSNSAP@@@std@@@std@@QBEHABV01@@Z 10b07d80 f i LinkManager.obj
 0001:00006dc0       ??9?$_Vector_const_iterator@VPMSNSAP@@V?$allocator@VPMSNSAP@@@std@@@std@@QBE_NABV01@@Z 10b07dc0 f i LinkManager.obj
 0001:00006e00       ??M?$_Vector_const_iterator@VPMSNSAP@@V?$allocator@VPMSNSAP@@@std@@@std@@QBE_NABV01@@Z 10b07e00 f i LinkManager.obj
 0001:00006e40       ?_Xlen@?$vector@VPMSNSAP@@V?$allocator@VPMSNSAP@@@std@@@std@@KAXXZ 10b07e40 f i LinkManager.obj
 0001:00006e40       ?_Xlen@?$vector@VPMSStatBase@@V?$allocator@VPMSStatBase@@@std@@@std@@KAXXZ 10b07e40 f i LinkManager.obj
 0001:00006e40       ?_Xlen@?$vector@PAVGSyncObj@@V?$allocator@PAVGSyncObj@@@std@@@std@@KAXXZ 10b07e40 f i GKernelObj.obj
 0001:00006e40       ?_Xlen@?$vector@VPMSRegionInfo@@V?$allocator@VPMSRegionInfo@@@std@@@std@@KAXXZ 10b07e40 f i LinkManager.obj
 0001:00006e40       ?_Xlen@?$vector@PAXV?$allocator@PAX@std@@@std@@KAXXZ 10b07e40 f i GKernelObj.obj
 0001:00006e40       ?_Xlen@?$vector@JV?$allocator@J@std@@@std@@KAXXZ 10b07e40 f i LinkManager.obj
 0001:00006ed0       ??0length_error@std@@QAE@ABV?$basic_string@DU?$char_traits@D@std@@V?$allocator@D@2@@1@@Z 10b07ed0 f i LinkManager.obj
 0001:00006f10       ??0logic_error@std@@QAE@ABV?$basic_string@DU?$char_traits@D@std@@V?$allocator@D@2@@1@@Z 10b07f10 f i LinkManager.obj
 0001:00006f90       ?what@logic_error@std@@UBEPBDXZ 10b07f90 f i LinkManager.obj
 0001:00006fc0       ??_Glogic_error@std@@UAEPAXI@Z 10b07fc0 f i LinkManager.obj
 0001:00006fc0       ??_Elogic_error@std@@UAEPAXI@Z 10b07fc0 f i LinkManager.obj
 0001:00007000       ??1logic_error@std@@UAE@XZ 10b08000 f i LinkManager.obj
 0001:00007040       ??1length_error@std@@UAE@XZ 10b08040 f i LinkManager.obj
 0001:00007070       ??_Glength_error@std@@UAEPAXI@Z 10b08070 f i LinkManager.obj
 0001:00007070       ??_Elength_error@std@@UAEPAXI@Z 10b08070 f i LinkManager.obj
 0001:000070b0       ?max_size@?$vector@VPMSNSAP@@V?$allocator@VPMSNSAP@@@std@@@std@@QBEIXZ 10b080b0 f i LinkManager.obj
 0001:000070e0       ?allocate@?$allocator@VPMSNSAP@@@std@@QAEPAVPMSNSAP@@I@Z 10b080e0 f i LinkManager.obj
 0001:00007110       ?max_size@?$vector@VPMSStatBase@@V?$allocator@VPMSStatBase@@@std@@@std@@QBEIXZ 10b08110 f i LinkManager.obj
 0001:00007140       ?allocate@?$allocator@VPMSStatBase@@@std@@QAEPAVPMSStatBase@@I@Z 10b08140 f i LinkManager.obj
 0001:00007170       ?max_size@?$vector@VPMSRegionInfo@@V?$allocator@VPMSRegionInfo@@@std@@@std@@QBEIXZ 10b08170 f i LinkManager.obj
 0001:000071a0       ?allocate@?$allocator@VPMSRegionInfo@@@std@@QAEPAVPMSRegionInfo@@I@Z 10b081a0 f i LinkManager.obj
 0001:000071d0       ??Y?$_Vector_iterator@VPMSNSAP@@V?$allocator@VPMSNSAP@@@std@@@std@@QAEAAV01@H@Z 10b081d0 f i LinkManager.obj
 0001:00007200       ??0?$_Vector_const_iterator@VPMSNSAP@@V?$allocator@VPMSNSAP@@@std@@@std@@QAE@PAVPMSNSAP@@PBV_Container_base_secure@1@@Z 10b08200 f i LinkManager.obj
 0001:000072e0       ??8?$_Vector_const_iterator@VPMSNSAP@@V?$allocator@VPMSNSAP@@@std@@@std@@QBE_NABV01@@Z 10b082e0 f i LinkManager.obj
 0001:00007320       ?_Compat@?$_Vector_const_iterator@VPMSNSAP@@V?$allocator@VPMSNSAP@@@std@@@std@@QBEXABV12@@Z 10b08320 f i LinkManager.obj
 0001:000073b0       ??0logic_error@std@@QAE@ABV01@@Z 10b083b0 f i LinkManager.obj
 0001:00007430       ?max_size@?$allocator@VPMSNSAP@@@std@@QBEIXZ 10b08430 f i LinkManager.obj
 0001:00007480       ?max_size@?$allocator@VPMSStatBase@@@std@@QBEIXZ 10b08480 f i LinkManager.obj
 0001:000074d0       ?max_size@?$allocator@VPMSRegionInfo@@@std@@QBEIXZ 10b084d0 f i LinkManager.obj
 0001:00007520       ??Y?$_Vector_const_iterator@VPMSNSAP@@V?$allocator@VPMSNSAP@@@std@@@std@@QAEAAV01@H@Z 10b08520 f i LinkManager.obj
 0001:00007630       ??B?$AutoPtrT@VGBufSocket@@@@QBEPAVGBufSocket@@XZ 10b08630 f i LinkManager.obj
 0001:00007630       ??BGBuf@@QBEPAUIXBuf@@XZ   10b08630 f i LinkManager.obj
 0001:00007630       ?_Getmycont@_Iterator_base@std@@QBEPBV_Container_base_secure@2@XZ 10b08630 f i LinkManager.obj
 0001:00007630       ?c_str@astring@@QBEPBDXZ   10b08630 f i GAdlUtl.obj
 0001:00007650       ?_Has_container@_Iterator_base@std@@QBE_NXZ 10b08650 f i LinkManager.obj
 0001:00007670       ??$LStore@VPayloadHA@@@@YAHPAUIXBuf@@ABVPayloadHA@@@Z 10b08670 f i LinkManager.obj
 0001:00007760       ?BStore@@YAHPAUIXBuf@@ABVPayloadHA@@@Z 10b08760 f i LinkManager.obj
 0001:00007780       ?BStore@PayloadHA@@QBEHPAUIXBuf@@@Z 10b08780 f i LinkManager.obj
 0001:00007990       ?BStore@@YAHPAUIXBuf@@ABVPMSAGSInitNtf@@@Z 10b08990 f i LinkManager.obj
 0001:000079b0       ?BStore@PMSAGSInitNtf@@QBEHPAUIXBuf@@@Z 10b089b0 f i LinkManager.obj
 0001:00007a80       ?BStore@@YAHPAUIXBuf@@ABVPMSAInitFaultNtf@@@Z 10b08a80 f i LinkManager.obj
 0001:00007aa0       ?BStore@PMSAInitFaultNtf@@QBEHPAUIXBuf@@@Z 10b08aa0 f i LinkManager.obj
 0001:00007b00       ?BStore@@YAHPAUIXBuf@@ABVPMSUnitID@@@Z 10b08b00 f i LinkManager.obj
 0001:00007b20       ?BStore@PMSUnitID@@QBEHPAUIXBuf@@@Z 10b08b20 f i LinkManager.obj
 0001:00007ba0       ?BStore@@YAHPAUIXBuf@@ABVPMSAPerformAns@@@Z 10b08ba0 f i LinkManager.obj
 0001:00007bc0       ?BStore@PMSAPerformAns@@QBEHPAUIXBuf@@@Z 10b08bc0 f i LinkManager.obj
 0001:00007c00       ?BStore@@YAHPAUIXBuf@@ABVPMSAHeartBeatAns@@@Z 10b08c00 f i LinkManager.obj
 0001:00007c20       ?BStore@PMSAHeartBeatAns@@QBEHPAUIXBuf@@@Z 10b08c20 f i LinkManager.obj
 0001:00007c80       ?BStore@@YAHPAUIXBuf@@ABVPMSAOrderAns@@@Z 10b08c80 f i LinkManager.obj
 0001:00007ca0       ?BStore@PMSAOrderAns@@QBEHPAUIXBuf@@@Z 10b08ca0 f i LinkManager.obj
 0001:00007d90       ?BStore@@YAHPAUIXBuf@@ABVPMSAWarningNtf@@@Z 10b08d90 f i LinkManager.obj
 0001:00007db0       ?BStore@PMSAWarningNtf@@QBEHPAUIXBuf@@@Z 10b08db0 f i LinkManager.obj
 0001:00007e40       ?BStore@@YAHPAUIXBuf@@ABVPMSAStatInfoPCAns@@@Z 10b08e40 f i LinkManager.obj
 0001:00007e40       ?BStore@@YAHPAUIXBuf@@ABVPMSAStatInfoAns@@@Z 10b08e40 f i LinkManager.obj
 0001:00007e60       ?BStore@PMSAStatInfoAns@@QBEHPAUIXBuf@@@Z 10b08e60 f i LinkManager.obj
 0001:00007e60       ?BStore@PMSAStatInfoPCAns@@QBEHPAUIXBuf@@@Z 10b08e60 f i LinkManager.obj
 0001:00007ea0       ?BStore@@YAHPAUIXBuf@@ABVPMSARegionInfoPCAns@@@Z 10b08ea0 f i LinkManager.obj
 0001:00007ea0       ?BStore@@YAHPAUIXBuf@@ABVPMSARegionInfoAns@@@Z 10b08ea0 f i LinkManager.obj
 0001:00007ec0       ?BStore@PMSARegionInfoPCAns@@QBEHPAUIXBuf@@@Z 10b08ec0 f i LinkManager.obj
 0001:00007ec0       ?BStore@PMSARegionInfoAns@@QBEHPAUIXBuf@@@Z 10b08ec0 f i LinkManager.obj
 0001:00007f00       ??$BStore@J@@YAHPAUIXBuf@@ABV?$ArcVectorT@J@@@Z 10b08f00 f i LinkManager.obj
 0001:00007f20       ??$BStore@VPMSNSAP@@@@YAHPAUIXBuf@@ABV?$ArcVectorT@VPMSNSAP@@@@@Z 10b08f20 f i LinkManager.obj
 0001:00007f40       ??$BStore@VPMSStatBase@@@@YAHPAUIXBuf@@ABV?$ArcVectorT@VPMSStatBase@@@@@Z 10b08f40 f i LinkManager.obj
 0001:00007f60       ??$BStore@VPMSRegionInfo@@@@YAHPAUIXBuf@@ABV?$ArcVectorT@VPMSRegionInfo@@@@@Z 10b08f60 f i LinkManager.obj
 0001:00007f80       ??$LLoad@VPayloadGS@@@@YAHAAVPayloadGS@@PAUIXBuf@@@Z 10b08f80 f i LinkManager.obj
 0001:000080c0       ?BLoad@@YAHAAVPayloadGS@@PAUIXBuf@@@Z 10b090c0 f i LinkManager.obj
 0001:000080e0       ?BLoad@PayloadGS@@QAEHPAUIXBuf@@@Z 10b090e0 f i LinkManager.obj
 0001:00008400       ??0_Container_base_secure@std@@QAE@XZ 10b09400 f i ErrorLog.obj
 0001:00008400       ??0PMSAHeartBeatReq@@QAE@XZ 10b09400 f i LinkManager.obj
 0001:00008420       ?BLoad@@YAHAAVPMSAHeartBeatReq@@PAUIXBuf@@@Z 10b09420 f i LinkManager.obj
 0001:00008440       ?BLoad@PMSAHeartBeatReq@@QAEHPAUIXBuf@@@Z 10b09440 f i LinkManager.obj
 0001:00008480       ?BLoad@@YAHAAVPMSAPerformReq@@PAUIXBuf@@@Z 10b09480 f i LinkManager.obj
 0001:00008480       ?BLoad@@YAHAAVPMSAStatInfoReq@@PAUIXBuf@@@Z 10b09480 f i LinkManager.obj
 0001:00008480       ?BLoad@@YAHAAVPMSARegionInfoReq@@PAUIXBuf@@@Z 10b09480 f i LinkManager.obj
 0001:000084a0       ?BLoad@PMSARegionInfoReq@@QAEHPAUIXBuf@@@Z 10b094a0 f i LinkManager.obj
 0001:000084a0       ?BLoad@PMSAStatInfoReq@@QAEHPAUIXBuf@@@Z 10b094a0 f i LinkManager.obj
 0001:000084a0       ?BLoad@PMSAPerformReq@@QAEHPAUIXBuf@@@Z 10b094a0 f i LinkManager.obj
 0001:000084c0       ??0PMSAAnnounceReq@@QAE@XZ 10b094c0 f i LinkManager.obj
 0001:00008550       ?BLoad@@YAHAAVPMSAAnnounceReq@@PAUIXBuf@@@Z 10b09550 f i LinkManager.obj
 0001:00008570       ?BLoad@PMSAAnnounceReq@@QAEHPAUIXBuf@@@Z 10b09570 f i LinkManager.obj
 0001:000085d0       ?BLoad@@YAHAAVPMSUnitID@@PAUIXBuf@@@Z 10b095d0 f i LinkManager.obj
 0001:000085f0       ?BLoad@PMSUnitID@@QAEHPAUIXBuf@@@Z 10b095f0 f i LinkManager.obj
 0001:00008670       ??0PMSAOrderReq@@QAE@XZ    10b09670 f i LinkManager.obj
 0001:00008700       ?BLoad@@YAHAAVPMSAOrderReq@@PAUIXBuf@@@Z 10b09700 f i LinkManager.obj
 0001:00008720       ?BLoad@PMSAOrderReq@@QAEHPAUIXBuf@@@Z 10b09720 f i LinkManager.obj
 0001:000087f0       ??$unchecked_copy@PAVPMSNSAP@@PAV1@@stdext@@YAPAVPMSNSAP@@PAV1@00@Z 10b097f0 f i LinkManager.obj
 0001:00008870       ??$unchecked_uninitialized_fill_n@PAVPMSNSAP@@IV1@V?$allocator@VPMSNSAP@@@std@@@stdext@@YAXPAVPMSNSAP@@IABV1@AAV?$allocator@VPMSNSAP@@@std@@@Z 10b09870 f i LinkManager.obj
 0001:000088d0       ??$_Destroy_range@V?$allocator@VPMSNSAP@@@std@@@std@@YAXPAVPMSNSAP@@0AAV?$allocator@VPMSNSAP@@@0@@Z 10b098d0 f i LinkManager.obj
 0001:00008920       ??$_Umove@PAVPMSNSAP@@@?$vector@VPMSNSAP@@V?$allocator@VPMSNSAP@@@std@@@std@@IAEPAVPMSNSAP@@PAV2@00@Z 10b09920 f i LinkManager.obj
 0001:00008960       ??$fill@PAVPMSNSAP@@V1@@std@@YAXPAVPMSNSAP@@0ABV1@@Z 10b09960 f i LinkManager.obj
 0001:000089a0       ??$_Unchecked_move_backward@PAVPMSNSAP@@PAV1@@stdext@@YAPAVPMSNSAP@@PAV1@00@Z 10b099a0 f i LinkManager.obj
 0001:00008a20       ??$_Destroy_range@V?$allocator@VPMSStatBase@@@std@@@std@@YAXPAVPMSStatBase@@0AAV?$allocator@VPMSStatBase@@@0@@Z 10b09a20 f i LinkManager.obj
 0001:00008a70       ??$_Destroy_range@V?$allocator@VPMSRegionInfo@@@std@@@std@@YAXPAVPMSRegionInfo@@0AAV?$allocator@VPMSRegionInfo@@@0@@Z 10b09a70 f i LinkManager.obj
 0001:00008ac0       ??$_Allocate@VPMSNSAP@@@std@@YAPAVPMSNSAP@@IPAV1@@Z 10b09ac0 f i LinkManager.obj
 0001:00008b30       ??$_Allocate@VPMSStatBase@@@std@@YAPAVPMSStatBase@@IPAV1@@Z 10b09b30 f i LinkManager.obj
 0001:00008ba0       ??$_Allocate@VPMSRegionInfo@@@std@@YAPAVPMSRegionInfo@@IPAV1@@Z 10b09ba0 f i LinkManager.obj
 0001:00008c10       ?BStore@?$ArcVectorT@J@@QBEHPAUIXBuf@@@Z 10b09c10 f i LinkManager.obj
 0001:00008da0       ??1?$_Bidit@VGBuf@@HPBV1@ABV1@@std@@QAE@XZ 10b09da0 f i LinkManager.obj
 0001:00008da0       ??1?$_Ranit@VPMSNSAP@@HPBV1@ABV1@@std@@QAE@XZ 10b09da0 f i LinkManager.obj
 0001:00008da0       ??1?$_Ranit@PAVGSyncObj@@HPBQAV1@ABQAV1@@std@@QAE@XZ 10b09da0 f i GKernelObj.obj
 0001:00008da0       ??1?$_Ranit@VPMSRegionInfo@@HPBV1@ABV1@@std@@QAE@XZ 10b09da0 f i LinkManager.obj
 0001:00008da0       ??1?$_Ranit@PAXHPBQAXABQAX@std@@QAE@XZ 10b09da0 f i GKernelObj.obj
 0001:00008da0       ??1?$_String_const_iterator@DU?$char_traits@D@std@@V?$allocator@D@2@@std@@QAE@XZ 10b09da0 f i LinkManagerMsg.obj
 0001:00008da0       ??1?$_Ranit@JHPBJABJ@std@@QAE@XZ 10b09da0 f i LinkManager.obj
 0001:00008da0       ??1?$_Ranit@VPMSStatBase@@HPBV1@ABV1@@std@@QAE@XZ 10b09da0 f i LinkManager.obj
 0001:00008dd0       ??1?$_Iterator_with_base@Urandom_access_iterator_tag@std@@VPMSNSAP@@HPBV3@ABV3@V_Iterator_base@2@@std@@QAE@XZ 10b09dd0 f i LinkManager.obj
 0001:00008dd0       ??1?$_Ranit_base@DHPBDABDV_Iterator_base@std@@@std@@QAE@XZ 10b09dd0 f i LinkManagerMsg.obj
 0001:00008dd0       ??1?$_Iterator_with_base@Urandom_access_iterator_tag@std@@VPMSRegionInfo@@HPBV3@ABV3@V_Iterator_base@2@@std@@QAE@XZ 10b09dd0 f i LinkManager.obj
 0001:00008dd0       ??1?$_Iterator_with_base@Urandom_access_iterator_tag@std@@PAXHPBQAXABQAXV_Iterator_base@2@@std@@QAE@XZ 10b09dd0 f i GKernelObj.obj
 0001:00008dd0       ??1?$_Iterator_with_base@Ubidirectional_iterator_tag@std@@VGBuf@@HPBV3@ABV3@V_Iterator_base@2@@std@@QAE@XZ 10b09dd0 f i LinkManager.obj
 0001:00008dd0       ??1?$_Iterator_with_base@Urandom_access_iterator_tag@std@@PAVGSyncObj@@HPBQAV3@ABQAV3@V_Iterator_base@2@@std@@QAE@XZ 10b09dd0 f i GKernelObj.obj
 0001:00008dd0       ??1?$_Iterator_with_base@Urandom_access_iterator_tag@std@@VPMSStatBase@@HPBV3@ABV3@V_Iterator_base@2@@std@@QAE@XZ 10b09dd0 f i LinkManager.obj
 0001:00008dd0       ??1?$_Iterator_with_base@Urandom_access_iterator_tag@std@@JHPBJABJV_Iterator_base@2@@std@@QAE@XZ 10b09dd0 f i LinkManager.obj
 0001:00008e00       ??9?$_Vector_const_iterator@JV?$allocator@J@std@@@std@@QBE_NABV01@@Z 10b09e00 f i LinkManager.obj
 0001:00008e40       ??8?$_Vector_const_iterator@JV?$allocator@J@std@@@std@@QBE_NABV01@@Z 10b09e40 f i LinkManager.obj
 0001:00008e80       ?_Compat@?$_Vector_const_iterator@JV?$allocator@J@std@@@std@@QBEXABV12@@Z 10b09e80 f i LinkManager.obj
 0001:00008f10       ?BStore@?$ArcVectorT@VPMSNSAP@@@@QBEHPAUIXBuf@@@Z 10b09f10 f i LinkManager.obj
 0001:000090a0       ?BStore@@YAHPAUIXBuf@@ABVPMSNSAP@@@Z 10b0a0a0 f i LinkManager.obj
 0001:000090a0       ?BStore@@YAHPAUIXBuf@@ABVPMSAAnnounceAns@@@Z 10b0a0a0 f i LinkManager.obj
 0001:000090c0       ?BStore@PMSNSAP@@QBEHPAUIXBuf@@@Z 10b0a0c0 f i LinkManager.obj
 0001:000090c0       ?BStore@PMSAAnnounceAns@@QBEHPAUIXBuf@@@Z 10b0a0c0 f i LinkManager.obj
 0001:00009120       ?BStore@?$ArcVectorT@VPMSStatBase@@@@QBEHPAUIXBuf@@@Z 10b0a120 f i LinkManager.obj
 0001:000092b0       ?BStore@@YAHPAUIXBuf@@ABVPMSStatBase@@@Z 10b0a2b0 f i LinkManager.obj
 0001:000092d0       ?BStore@PMSStatBase@@QBEHPAUIXBuf@@@Z 10b0a2d0 f i LinkManager.obj
 0001:000093a0       ?BStore@?$ArcVectorT@VPMSRegionInfo@@@@QBEHPAUIXBuf@@@Z 10b0a3a0 f i LinkManager.obj
 0001:00009530       ?BStore@@YAHPAUIXBuf@@ABVPMSRegionInfo@@@Z 10b0a530 f i LinkManager.obj
 0001:00009550       ?BStore@PMSRegionInfo@@QBEHPAUIXBuf@@@Z 10b0a550 f i LinkManager.obj
 0001:000095b0       ??4?$_Ranit@VPMSRegionInfo@@HPBV1@ABV1@@std@@QAEAAU01@ABU01@@Z 10b0a5b0 f i LinkManager.obj
 0001:000095b0       ??4?$_Ranit@PAXHPBQAXABQAX@std@@QAEAAU01@ABU01@@Z 10b0a5b0 f i GKernelObj.obj
 0001:000095b0       ??4?$_Ranit@VPMSNSAP@@HPBV1@ABV1@@std@@QAEAAU01@ABU01@@Z 10b0a5b0 f i LinkManager.obj
 0001:000095b0       ??4?$_Ranit@PAVGSyncObj@@HPBQAV1@ABQAV1@@std@@QAEAAU01@ABU01@@Z 10b0a5b0 f i GKernelObj.obj
 0001:000095b0       ??4?$_Ranit@JHPBJABJ@std@@QAEAAU01@ABU01@@Z 10b0a5b0 f i LinkManager.obj
 0001:000095b0       ??4?$_Ranit@VPMSStatBase@@HPBV1@ABV1@@std@@QAEAAU01@ABU01@@Z 10b0a5b0 f i LinkManager.obj
 0001:000095e0       ?begin@?$vector@JV?$allocator@J@std@@@std@@QBE?AV?$_Vector_const_iterator@JV?$allocator@J@std@@@2@XZ 10b0a5e0 f i LinkManager.obj
 0001:00009630       ??0?$_Vector_const_iterator@JV?$allocator@J@std@@@std@@QAE@PAJPBV_Container_base_secure@1@@Z 10b0a630 f i LinkManager.obj
 0001:00009710       ?end@?$vector@JV?$allocator@J@std@@@std@@QBE?AV?$_Vector_const_iterator@JV?$allocator@J@std@@@2@XZ 10b0a710 f i LinkManager.obj
 0001:00009760       ?size@?$vector@PAXV?$allocator@PAX@std@@@std@@QBEIXZ 10b0a760 f i GKernelObj.obj
 0001:00009760       ?size@?$vector@JV?$allocator@J@std@@@std@@QBEIXZ 10b0a760 f i LinkManager.obj
 0001:00009760       ?size@?$vector@PAVGSyncObj@@V?$allocator@PAVGSyncObj@@@std@@@std@@QBEIXZ 10b0a760 f i GKernelObj.obj
 0001:00009790       ?begin@?$vector@VPMSNSAP@@V?$allocator@VPMSNSAP@@@std@@@std@@QBE?AV?$_Vector_const_iterator@VPMSNSAP@@V?$allocator@VPMSNSAP@@@std@@@2@XZ 10b0a790 f i LinkManager.obj
 0001:000097e0       ?end@?$vector@VPMSNSAP@@V?$allocator@VPMSNSAP@@@std@@@std@@QBE?AV?$_Vector_const_iterator@VPMSNSAP@@V?$allocator@VPMSNSAP@@@std@@@2@XZ 10b0a7e0 f i LinkManager.obj
 0001:00009830       ?begin@?$vector@VPMSStatBase@@V?$allocator@VPMSStatBase@@@std@@@std@@QBE?AV?$_Vector_const_iterator@VPMSStatBase@@V?$allocator@VPMSStatBase@@@std@@@2@XZ 10b0a830 f i LinkManager.obj
 0001:00009880       ?end@?$vector@VPMSStatBase@@V?$allocator@VPMSStatBase@@@std@@@std@@QBE?AV?$_Vector_const_iterator@VPMSStatBase@@V?$allocator@VPMSStatBase@@@std@@@2@XZ 10b0a880 f i LinkManager.obj
 0001:000098d0       ?size@?$vector@VPMSStatBase@@V?$allocator@VPMSStatBase@@@std@@@std@@QBEIXZ 10b0a8d0 f i LinkManager.obj
 0001:00009900       ?begin@?$vector@VPMSRegionInfo@@V?$allocator@VPMSRegionInfo@@@std@@@std@@QBE?AV?$_Vector_const_iterator@VPMSRegionInfo@@V?$allocator@VPMSRegionInfo@@@std@@@2@XZ 10b0a900 f i LinkManager.obj
 0001:00009950       ?end@?$vector@VPMSRegionInfo@@V?$allocator@VPMSRegionInfo@@@std@@@std@@QBE?AV?$_Vector_const_iterator@VPMSRegionInfo@@V?$allocator@VPMSRegionInfo@@@std@@@2@XZ 10b0a950 f i LinkManager.obj
 0001:000099a0       ?size@?$vector@VPMSRegionInfo@@V?$allocator@VPMSRegionInfo@@@std@@@std@@QBEIXZ 10b0a9a0 f i LinkManager.obj
 0001:000099d0       ??D?$_Vector_const_iterator@JV?$allocator@J@std@@@std@@QBEABJXZ 10b0a9d0 f i LinkManager.obj
 0001:00009a70       ??E?$_Vector_const_iterator@JV?$allocator@J@std@@@std@@QAE?AV01@H@Z 10b0aa70 f i LinkManager.obj
 0001:00009b40       ??E?$_Vector_const_iterator@JV?$allocator@J@std@@@std@@QAEAAV01@XZ 10b0ab40 f i LinkManager.obj
 0001:00009c40       ??D?$_Vector_const_iterator@VPMSNSAP@@V?$allocator@VPMSNSAP@@@std@@@std@@QBEABVPMSNSAP@@XZ 10b0ac40 f i LinkManager.obj
 0001:00009ce0       ??E?$_Vector_const_iterator@VPMSNSAP@@V?$allocator@VPMSNSAP@@@std@@@std@@QAE?AV01@H@Z 10b0ace0 f i LinkManager.obj
 0001:00009db0       ??E?$_Vector_const_iterator@VPMSNSAP@@V?$allocator@VPMSNSAP@@@std@@@std@@QAEAAV01@XZ 10b0adb0 f i LinkManager.obj
 0001:00009eb0       ??D?$_Vector_const_iterator@VPMSStatBase@@V?$allocator@VPMSStatBase@@@std@@@std@@QBEABVPMSStatBase@@XZ 10b0aeb0 f i LinkManager.obj
 0001:00009f50       ??E?$_Vector_const_iterator@VPMSStatBase@@V?$allocator@VPMSStatBase@@@std@@@std@@QAE?AV01@H@Z 10b0af50 f i LinkManager.obj
 0001:0000a020       ??E?$_Vector_const_iterator@VPMSStatBase@@V?$allocator@VPMSStatBase@@@std@@@std@@QAEAAV01@XZ 10b0b020 f i LinkManager.obj
 0001:0000a120       ??9?$_Vector_const_iterator@VPMSStatBase@@V?$allocator@VPMSStatBase@@@std@@@std@@QBE_NABV01@@Z 10b0b120 f i LinkManager.obj
 0001:0000a160       ??8?$_Vector_const_iterator@VPMSStatBase@@V?$allocator@VPMSStatBase@@@std@@@std@@QBE_NABV01@@Z 10b0b160 f i LinkManager.obj
 0001:0000a1a0       ??0?$_Vector_const_iterator@PAVGSyncObj@@V?$allocator@PAVGSyncObj@@@std@@@std@@QAE@XZ 10b0b1a0 f i GKernelObj.obj
 0001:0000a1a0       ??0?$_Vector_const_iterator@VPMSStatBase@@V?$allocator@VPMSStatBase@@@std@@@std@@QAE@XZ 10b0b1a0 f i LinkManager.obj
 0001:0000a1a0       ??0?$_Vector_const_iterator@VPMSRegionInfo@@V?$allocator@VPMSRegionInfo@@@std@@@std@@QAE@XZ 10b0b1a0 f i LinkManager.obj
 0001:0000a1a0       ??0?$_Vector_const_iterator@JV?$allocator@J@std@@@std@@QAE@XZ 10b0b1a0 f i LinkManager.obj
 0001:0000a1a0       ??0?$_Vector_const_iterator@VPMSNSAP@@V?$allocator@VPMSNSAP@@@std@@@std@@QAE@XZ 10b0b1a0 f i LinkManager.obj
 0001:0000a1e0       ??D?$_Vector_const_iterator@VPMSRegionInfo@@V?$allocator@VPMSRegionInfo@@@std@@@std@@QBEABVPMSRegionInfo@@XZ 10b0b1e0 f i LinkManager.obj
 0001:0000a280       ??E?$_Vector_const_iterator@VPMSRegionInfo@@V?$allocator@VPMSRegionInfo@@@std@@@std@@QAE?AV01@H@Z 10b0b280 f i LinkManager.obj
 0001:0000a350       ??E?$_Vector_const_iterator@VPMSRegionInfo@@V?$allocator@VPMSRegionInfo@@@std@@@std@@QAEAAV01@XZ 10b0b350 f i LinkManager.obj
 0001:0000a450       ??9?$_Vector_const_iterator@VPMSRegionInfo@@V?$allocator@VPMSRegionInfo@@@std@@@std@@QBE_NABV01@@Z 10b0b450 f i LinkManager.obj
 0001:0000a490       ??8?$_Vector_const_iterator@VPMSRegionInfo@@V?$allocator@VPMSRegionInfo@@@std@@@std@@QBE_NABV01@@Z 10b0b490 f i LinkManager.obj
 0001:0000a4d0       ?Lock@GCRITICAL_SECTION@@QBEXXZ 10b0b4d0 f i LinkManager.obj
 0001:0000a510       ?Unlock@GCRITICAL_SECTION@@QBEXXZ 10b0b510 f i LinkManager.obj
 0001:0000a550       ??0?$_Vector_const_iterator@VPMSStatBase@@V?$allocator@VPMSStatBase@@@std@@@std@@QAE@PAVPMSStatBase@@PBV_Container_base_secure@1@@Z 10b0b550 f i LinkManager.obj
 0001:0000a630       ?_Compat@?$_Vector_const_iterator@VPMSStatBase@@V?$allocator@VPMSStatBase@@@std@@@std@@QBEXABV12@@Z 10b0b630 f i LinkManager.obj
 0001:0000a6c0       ??0?$_Vector_const_iterator@VPMSRegionInfo@@V?$allocator@VPMSRegionInfo@@@std@@@std@@QAE@PAVPMSRegionInfo@@PBV_Container_base_secure@1@@Z 10b0b6c0 f i LinkManager.obj
 0001:0000a7a0       ?_Compat@?$_Vector_const_iterator@VPMSRegionInfo@@V?$allocator@VPMSRegionInfo@@@std@@@std@@QBEXABV12@@Z 10b0b7a0 f i LinkManager.obj
 0001:0000a830       ?GetHandle@GSocket@@QBEIXZ 10b0b830 f i LinkManager.obj
 0001:0000a870       ??0GBuf@@QAE@XZ            10b0b870 f i LinkManager.obj
 0001:0000a8b0       ??1GBuf@@QAE@XZ            10b0b8b0 f i LinkManager.obj
 0001:0000a8f0       ??0GBufQ@@QAE@XZ           10b0b8f0 f i LinkManager.obj
 0001:0000a920       ??1GBufQ@@QAE@XZ           10b0b920 f i LinkManager.obj
 0001:0000a950       ?Lock@GSafeBufQ@@UBGXXZ    10b0b950 f i LinkManager.obj
 0001:0000a970       ?Unlock@GSafeBufQ@@UBGXXZ  10b0b970 f i LinkManager.obj
 0001:0000a990       ?Pop@GSafeBufQ@@QAEHAAVGBuf@@@Z 10b0b990 f i LinkManager.obj
 0001:0000aa80       ?IsEmpty@GBufQ@@QBEHXZ     10b0ba80 f i LinkManager.obj
 0001:0000aab0       ?Pop@GBufQ@@QAEHAAVGBuf@@@Z 10b0bab0 f i LinkManager.obj
 0001:0000ab00       ??4GBuf@@QAEAAV0@ABV0@@Z   10b0bb00 f i LinkManager.obj
 0001:0000ab50       ?BCopy@@YAXAAKABK@Z        10b0bb50 f i LinkManager.obj
 0001:0000ab50       ?BCopy@@YAXAAJABJ@Z        10b0bb50 f i LinkManager.obj
 0001:0000ab60       ?EventSelect@GSocketHandler@@QAEHIJ@Z 10b0bb60 f i LinkManager.obj
 0001:0000abb0       ?Dispatch@GSocketHandler@@UAEXXZ 10b0bbb0 f i LinkManager.obj
 0001:0000abd0       ??0?$basic_string@DU?$char_traits@D@std@@V?$allocator@D@2@@std@@QAE@XZ 10b0bbd0 f i LinkManager.obj
 0001:0000ac50       ??0?$basic_string@DU?$char_traits@D@std@@V?$allocator@D@2@@std@@QAE@ABV01@@Z 10b0bc50 f i LinkManager.obj
 0001:0000ace0       ??$_Move_cat@PAVPMSNSAP@@@std@@YA?AU_Undefined_move_tag@0@ABQAVPMSNSAP@@@Z 10b0bce0 f i LinkManager.obj
 0001:0000ace0       ??$_Ptr_cat@V?$_Vector_iterator@JV?$allocator@J@std@@@std@@PAJ@std@@YA?AU_Scalar_ptr_iterator_tag@0@AAV?$_Vector_iterator@JV?$allocator@J@std@@@0@AAPAJ@Z 10b0bce0 f i LinkManagerMsg.obj
 0001:0000ace0       ??$_Move_cat@PAPAVGSyncObj@@@std@@YA?AU_Undefined_move_tag@0@ABQAPAVGSyncObj@@@Z 10b0bce0 f i GKernelObj.obj
 0001:0000ace0       ??$_Move_cat@PAVPMSRegionInfo@@@std@@YA?AU_Undefined_move_tag@0@ABQAVPMSRegionInfo@@@Z 10b0bce0 f i LinkManagerMsg.obj
 0001:0000ace0       ??$_Ptr_cat@PAPAXPAPAX@std@@YA?AU_Scalar_ptr_iterator_tag@0@AAPAPAX0@Z 10b0bce0 f i GKernelObj.obj
 0001:0000ace0       ??$_Ptr_cat@PAVPMSStatBase@@PAV1@@std@@YA?AU_Nonscalar_ptr_iterator_tag@0@AAPAVPMSStatBase@@0@Z 10b0bce0 f i LinkManager.obj
 0001:0000ace0       ??$_Ptr_cat@PAVPMSNSAP@@PAV1@@std@@YA?AU_Nonscalar_ptr_iterator_tag@0@AAPAVPMSNSAP@@0@Z 10b0bce0 f i LinkManager.obj
 0001:0000ace0       ??$_Move_cat@PAVPMSStatBase@@@std@@YA?AU_Undefined_move_tag@0@ABQAVPMSStatBase@@@Z 10b0bce0 f i LinkManagerMsg.obj
 0001:0000ace0       ??$_Move_cat@PAJ@std@@YA?AU_Undefined_move_tag@0@ABQAJ@Z 10b0bce0 f i LinkManagerMsg.obj
 0001:0000ace0       ??$_Ptr_cat@PAPAVGSyncObj@@PAPAV1@@std@@YA?AU_Scalar_ptr_iterator_tag@0@AAPAPAVGSyncObj@@0@Z 10b0bce0 f i GKernelObj.obj
 0001:0000ace0       ??$_Ptr_cat@PAJPAJ@std@@YA?AU_Scalar_ptr_iterator_tag@0@AAPAJ0@Z 10b0bce0 f i LinkManager.obj
 0001:0000ace0       ??$_Move_cat@PAPAX@std@@YA?AU_Undefined_move_tag@0@ABQAPAX@Z 10b0bce0 f i GKernelObj.obj
 0001:0000ace0       ??$_Ptr_cat@PAVPMSRegionInfo@@PAV1@@std@@YA?AU_Nonscalar_ptr_iterator_tag@0@AAPAVPMSRegionInfo@@0@Z 10b0bce0 f i LinkManager.obj
 0001:0000ad30       ??$_Copy_opt@PAVPMSNSAP@@PAV1@@std@@YAPAVPMSNSAP@@PAV1@00Urandom_access_iterator_tag@0@U_Nonscalar_ptr_iterator_tag@0@U_Range_checked_iterator_tag@0@@Z 10b0bd30 f i LinkManager.obj
 0001:0000ada0       ??4?$basic_string@DU?$char_traits@D@std@@V?$allocator@D@2@@std@@QAEAAV01@PBD@Z 10b0bda0 f i LinkManager.obj
 0001:0000add0       ??$_Uninit_fill_n@PAVPMSNSAP@@IV1@V?$allocator@VPMSNSAP@@@std@@@std@@YAXPAVPMSNSAP@@IABV1@AAV?$allocator@VPMSNSAP@@@0@U_Nonscalar_ptr_iterator_tag@0@U_Range_checked_iterator_tag@0@@Z 10b0bdd0 f i LinkManager.obj
 0001:0000aea0       ??$_Destroy_range@V?$allocator@VPMSNSAP@@@std@@@std@@YAXPAVPMSNSAP@@0AAV?$allocator@VPMSNSAP@@@0@U_Nonscalar_ptr_iterator_tag@0@@Z 10b0bea0 f i LinkManager.obj
 0001:0000aed0       ??$_Unchecked_uninitialized_move@PAVPMSNSAP@@PAV1@V?$allocator@VPMSNSAP@@@std@@@stdext@@YAPAVPMSNSAP@@PAV1@00AAV?$allocator@VPMSNSAP@@@std@@@Z 10b0bed0 f i LinkManager.obj
 0001:0000af40       ??$_Fill@PAVPMSNSAP@@V1@@std@@YAXPAVPMSNSAP@@0ABV1@@Z 10b0bf40 f i LinkManager.obj
 0001:0000af90       ??$_Move_backward_opt@PAVPMSNSAP@@PAV1@Urandom_access_iterator_tag@std@@U_Undefined_move_tag@3@@std@@YAPAVPMSNSAP@@PAV1@00Urandom_access_iterator_tag@0@U_Undefined_move_tag@0@U_Range_checked_iterator_tag@0@@Z 10b0bf90 f i LinkManager.obj
 0001:0000aff0       ??$_Destroy_range@V?$allocator@VPMSStatBase@@@std@@@std@@YAXPAVPMSStatBase@@0AAV?$allocator@VPMSStatBase@@@0@U_Nonscalar_ptr_iterator_tag@0@@Z 10b0bff0 f i LinkManager.obj
 0001:0000b020       ??$_Destroy_range@V?$allocator@VPMSRegionInfo@@@std@@@std@@YAXPAVPMSRegionInfo@@0AAV?$allocator@VPMSRegionInfo@@@0@U_Nonscalar_ptr_iterator_tag@0@@Z 10b0c020 f i LinkManager.obj
 0001:0000b050       ?construct@?$allocator@VPMSNSAP@@@std@@QAEXPAVPMSNSAP@@ABV3@@Z 10b0c050 f i LinkManager.obj
 0001:0000b080       ?destroy@?$allocator@PAU_Node@?$_List_nod@VGBuf@@V?$allocator@VGBuf@@@std@@@std@@@std@@QAEXPAPAU_Node@?$_List_nod@VGBuf@@V?$allocator@VGBuf@@@std@@@2@@Z 10b0c080 f i LinkManager.obj
 0001:0000b080       ?destroy@?$allocator@VPMSNSAP@@@std@@QAEXPAVPMSNSAP@@@Z 10b0c080 f i LinkManager.obj
 0001:0000b0b0       ?destroy@?$allocator@VPMSStatBase@@@std@@QAEXPAVPMSStatBase@@@Z 10b0c0b0 f i LinkManager.obj
 0001:0000b0e0       ?destroy@?$allocator@VPMSRegionInfo@@@std@@QAEXPAVPMSRegionInfo@@@Z 10b0c0e0 f i LinkManager.obj
 0001:0000b110       ??$_Copy_opt@PAVPMSNSAP@@PAV1@Uforward_iterator_tag@std@@@std@@YAPAVPMSNSAP@@PAV1@00Uforward_iterator_tag@0@U_Nonscalar_ptr_iterator_tag@0@U_Range_checked_iterator_tag@0@@Z 10b0c110 f i LinkManager.obj
 0001:0000b170       ??$_Uninit_move@PAVPMSNSAP@@PAV1@V?$allocator@VPMSNSAP@@@std@@U_Undefined_move_tag@3@@std@@YAPAVPMSNSAP@@PAV1@00AAV?$allocator@VPMSNSAP@@@0@U_Undefined_move_tag@0@U_Range_checked_iterator_tag@0@@Z 10b0c170 f i LinkManager.obj
 0001:0000b1a0       ??$_Copy_backward_opt@PAVPMSNSAP@@PAV1@@std@@YAPAVPMSNSAP@@PAV1@00Urandom_access_iterator_tag@0@U_Nonscalar_ptr_iterator_tag@0@U_Range_checked_iterator_tag@0@@Z 10b0c1a0 f i LinkManager.obj
 0001:0000b210       ??$_Construct@VPMSNSAP@@V1@@std@@YAXPAVPMSNSAP@@ABV1@@Z 10b0c210 f i LinkManager.obj
 0001:0000b2b0       ??2@YAPAXIPAX@Z            10b0c2b0 f i LinkManager.obj
 0001:0000b2c0       ??3@YAXPAX0@Z              10b0c2c0 f i LinkManager.obj
 0001:0000b2c0       ??$_Destroy@VPMSNSAP@@@std@@YAXPAVPMSNSAP@@@Z 10b0c2c0 f i LinkManager.obj
 0001:0000b2c0       ??$_Destroy_range@V?$allocator@J@std@@@std@@YAXPAJ0AAV?$allocator@J@0@U_Scalar_ptr_iterator_tag@0@@Z 10b0c2c0 f i LinkManager.obj
 0001:0000b2c0       ??$_Debug_pointer@V?$_Vector_iterator@PAVGSyncObj@@V?$allocator@PAVGSyncObj@@@std@@@std@@@std@@YAXAAV?$_Vector_iterator@PAVGSyncObj@@V?$allocator@PAVGSyncObj@@@std@@@0@PB_WI@Z 10b0c2c0 f i GKernelObj.obj
 0001:0000b2c0       ??$_Debug_pointer@V?$_Vector_iterator@PAXV?$allocator@PAX@std@@@std@@@std@@YAXAAV?$_Vector_iterator@PAXV?$allocator@PAX@std@@@0@PB_WI@Z 10b0c2c0 f i GKernelObj.obj
 0001:0000b2c0       ??$_Destroy_range@V?$allocator@PAX@std@@@std@@YAXPAPAX0AAV?$allocator@PAX@0@U_Scalar_ptr_iterator_tag@0@@Z 10b0c2c0 f i GKernelObj.obj
 0001:0000b2c0       ??$_Destroy@PAU_Node@?$_List_nod@VGBuf@@V?$allocator@VGBuf@@@std@@@std@@@std@@YAXPAPAU_Node@?$_List_nod@VGBuf@@V?$allocator@VGBuf@@@std@@@0@@Z 10b0c2c0 f i LinkManager.obj
 0001:0000b2c0       ??$_Debug_pointer@V?$_Vector_iterator@JV?$allocator@J@std@@@std@@@std@@YAXAAV?$_Vector_iterator@JV?$allocator@J@std@@@0@PB_WI@Z 10b0c2c0 f i LinkManagerMsg.obj
 0001:0000b2c0       ??$_Debug_pointer@V?$_Vector_const_iterator@PAVGSyncObj@@V?$allocator@PAVGSyncObj@@@std@@@std@@@std@@YAXAAV?$_Vector_const_iterator@PAVGSyncObj@@V?$allocator@PAVGSyncObj@@@std@@@0@PB_WI@Z 10b0c2c0 f i GKernelObj.obj
 0001:0000b2c0       ??$_Destroy_range@V?$allocator@PAVGSyncObj@@@std@@@std@@YAXPAPAVGSyncObj@@0AAV?$allocator@PAVGSyncObj@@@0@U_Scalar_ptr_iterator_tag@0@@Z 10b0c2c0 f i GKernelObj.obj
 0001:0000b2d0       ??$_Destroy@VPMSStatBase@@@std@@YAXPAVPMSStatBase@@@Z 10b0c2d0 f i LinkManager.obj
 0001:0000b2f0       ??$_Destroy@VPMSRegionInfo@@@std@@YAXPAVPMSRegionInfo@@@Z 10b0c2f0 f i LinkManager.obj
 0001:0000b310       ??_GPMSStatBase@@QAEPAXI@Z 10b0c310 f i LinkManager.obj
 0001:0000b350       ??1PMSStatBase@@QAE@XZ     10b0c350 f i LinkManager.obj
 0001:0000b380       ??_GPMSRegionInfo@@QAEPAXI@Z 10b0c380 f i LinkManager.obj
 0001:0000b3c0       ??1PMSRegionInfo@@QAE@XZ   10b0c3c0 f i LinkManager.obj
 0001:0000b3f0       ??$unchecked_uninitialized_copy@PAVPMSNSAP@@PAV1@V?$allocator@VPMSNSAP@@@std@@@stdext@@YAPAVPMSNSAP@@PAV1@00AAV?$allocator@VPMSNSAP@@@std@@@Z 10b0c3f0 f i LinkManager.obj
 0001:0000b460       ??$_Copy_backward_opt@PAVPMSNSAP@@PAV1@Uforward_iterator_tag@std@@@std@@YAPAVPMSNSAP@@PAV1@00Uforward_iterator_tag@0@U_Nonscalar_ptr_iterator_tag@0@U_Range_checked_iterator_tag@0@@Z 10b0c460 f i LinkManager.obj
 0001:0000b4c0       ??$_Uninit_copy@PAVPMSNSAP@@PAV1@V?$allocator@VPMSNSAP@@@std@@@std@@YAPAVPMSNSAP@@PAV1@00AAV?$allocator@VPMSNSAP@@@0@U_Nonscalar_ptr_iterator_tag@0@U_Range_checked_iterator_tag@0@@Z 10b0c4c0 f i LinkManager.obj
 0001:0000b5c0       ??0?$list@VGBuf@@V?$allocator@VGBuf@@@std@@@std@@QAE@XZ 10b0c5c0 f i LinkManager.obj
 0001:0000b650       ??1?$list@VGBuf@@V?$allocator@VGBuf@@@std@@@std@@QAE@XZ 10b0c650 f i LinkManager.obj
 0001:0000b6c0       ?size@?$list@VGBuf@@V?$allocator@VGBuf@@@std@@@std@@QBEIXZ 10b0c6c0 f i LinkManager.obj
 0001:0000b6e0       ?front@?$list@VGBuf@@V?$allocator@VGBuf@@@std@@@std@@QAEAAVGBuf@@XZ 10b0c6e0 f i LinkManager.obj
 0001:0000b780       ?pop_front@?$list@VGBuf@@V?$allocator@VGBuf@@@std@@@std@@QAEXXZ 10b0c780 f i LinkManager.obj
 0001:0000b830       ??0?$_Vector_const_iterator@VPMSRegionInfo@@V?$allocator@VPMSRegionInfo@@@std@@@std@@QAE@ABV01@@Z 10b0c830 f i LinkManager.obj
 0001:0000b830       ??0?$_Vector_const_iterator@VPMSNSAP@@V?$allocator@VPMSNSAP@@@std@@@std@@QAE@ABV01@@Z 10b0c830 f i LinkManager.obj
 0001:0000b830       ??0?$_Vector_const_iterator@PAXV?$allocator@PAX@std@@@std@@QAE@ABV01@@Z 10b0c830 f i GKernelObj.obj
 0001:0000b830       ??0?$_Vector_const_iterator@VPMSStatBase@@V?$allocator@VPMSStatBase@@@std@@@std@@QAE@ABV01@@Z 10b0c830 f i LinkManager.obj
 0001:0000b830       ??0?$_Const_iterator@$00@?$list@VGBuf@@V?$allocator@VGBuf@@@std@@@std@@QAE@ABV012@@Z 10b0c830 f i LinkManager.obj
 0001:0000b830       ??0?$_Vector_const_iterator@PAVGSyncObj@@V?$allocator@PAVGSyncObj@@@std@@@std@@QAE@ABV01@@Z 10b0c830 f i GKernelObj.obj
 0001:0000b830       ??0?$_Vector_const_iterator@JV?$allocator@J@std@@@std@@QAE@ABV01@@Z 10b0c830 f i LinkManager.obj
 0001:0000b870       ??0?$_Iterator_with_base@Urandom_access_iterator_tag@std@@JHPBJABJV_Iterator_base@2@@std@@QAE@ABU01@@Z 10b0c870 f i LinkManager.obj
 0001:0000b870       ??0?$_Iterator_with_base@Urandom_access_iterator_tag@std@@PAXHPBQAXABQAXV_Iterator_base@2@@std@@QAE@ABU01@@Z 10b0c870 f i GKernelObj.obj
 0001:0000b870       ??0?$_Iterator_with_base@Urandom_access_iterator_tag@std@@VPMSRegionInfo@@HPBV3@ABV3@V_Iterator_base@2@@std@@QAE@ABU01@@Z 10b0c870 f i LinkManager.obj
 0001:0000b870       ??0?$_Ranit_base@DHPBDABDV_Iterator_base@std@@@std@@QAE@ABU01@@Z 10b0c870 f i LinkManagerMsg.obj
 0001:0000b870       ??0?$_Iterator_with_base@Urandom_access_iterator_tag@std@@VPMSNSAP@@HPBV3@ABV3@V_Iterator_base@2@@std@@QAE@ABU01@@Z 10b0c870 f i LinkManager.obj
 0001:0000b870       ??0?$_Iterator_with_base@Ubidirectional_iterator_tag@std@@VGBuf@@HPBV3@ABV3@V_Iterator_base@2@@std@@QAE@ABU01@@Z 10b0c870 f i LinkManager.obj
 0001:0000b870       ??0?$_Iterator_with_base@Urandom_access_iterator_tag@std@@PAVGSyncObj@@HPBQAV3@ABQAV3@V_Iterator_base@2@@std@@QAE@ABU01@@Z 10b0c870 f i GKernelObj.obj
 0001:0000b870       ??0?$_Iterator_with_base@Urandom_access_iterator_tag@std@@VPMSStatBase@@HPBV3@ABV3@V_Iterator_base@2@@std@@QAE@ABU01@@Z 10b0c870 f i LinkManager.obj
 0001:0000b8a0       ??0?$ObjLockT@VGSafeBufQ@@@@QAE@QBVGSafeBufQ@@H@Z 10b0c8a0 f i LinkManager.obj
 0001:0000b8f0       ??1?$ObjLockT@VGSafeBufQ@@@@QAE@XZ 10b0c8f0 f i LinkManager.obj
 0001:0000b940       ??1?$_List_val@VGBuf@@V?$allocator@VGBuf@@@std@@@std@@QAE@XZ 10b0c940 f i LinkManager.obj
 0001:0000b970       ??1?$_List_ptr@VGBuf@@V?$allocator@VGBuf@@@std@@@std@@QAE@XZ 10b0c970 f i LinkManager.obj
 0001:0000b9a0       ?assign@?$basic_string@DU?$char_traits@D@std@@V?$allocator@D@2@@std@@QAEAAV12@ABV12@@Z 10b0c9a0 f i LinkManager.obj
 0001:0000b9e0       ??0?$_String_val@DV?$allocator@D@std@@@std@@QAE@ABV01@@Z 10b0c9e0 f i LinkManager.obj
 0001:0000b9e0       ??0?$_String_val@_WV?$allocator@_W@std@@@std@@QAE@ABV01@@Z 10b0c9e0 f i GSocket.obj
 0001:0000ba30       ?begin@?$list@VGBuf@@V?$allocator@VGBuf@@@std@@@std@@QAE?AV?$_Iterator@$00@12@XZ 10b0ca30 f i LinkManager.obj
 0001:0000ba90       ?_Nextnode@?$list@VGBuf@@V?$allocator@VGBuf@@@std@@@std@@KAAAPAU_Node@?$_List_nod@VGBuf@@V?$allocator@VGBuf@@@std@@@2@PAU342@@Z 10b0ca90 f i LinkManager.obj
 0001:0000baa0       ?erase@?$list@VGBuf@@V?$allocator@VGBuf@@@std@@@std@@QAE?AV?$_Iterator@$00@12@V?$_Const_iterator@$00@12@@Z 10b0caa0 f i LinkManager.obj
 0001:0000bc40       ?_Prevnode@?$list@VGBuf@@V?$allocator@VGBuf@@@std@@@std@@KAAAPAU_Node@?$_List_nod@VGBuf@@V?$allocator@VGBuf@@@std@@@2@PAU342@@Z 10b0cc40 f i LinkManager.obj
 0001:0000bc50       ?_Buynode@?$list@VGBuf@@V?$allocator@VGBuf@@@std@@@std@@IAEPAU_Node@?$_List_nod@VGBuf@@V?$allocator@VGBuf@@@std@@@2@XZ 10b0cc50 f i LinkManager.obj
 0001:0000bda0       ?_Tidy@?$list@VGBuf@@V?$allocator@VGBuf@@@std@@@std@@IAEXXZ 10b0cda0 f i LinkManager.obj
 0001:0000be20       ?clear@?$list@VGBuf@@V?$allocator@VGBuf@@@std@@@std@@QAEXXZ 10b0ce20 f i LinkManager.obj
 0001:0000bef0       ?_Orphan_ptr@?$list@VGBuf@@V?$allocator@VGBuf@@@std@@@std@@IBEXAAV12@PAU_Node@?$_List_nod@VGBuf@@V?$allocator@VGBuf@@@std@@@2@@Z 10b0cef0 f i LinkManager.obj
 0001:0000bfc0       ??0?$_List_val@VGBuf@@V?$allocator@VGBuf@@@std@@@std@@QAE@V?$allocator@VGBuf@@@1@@Z 10b0cfc0 f i LinkManager.obj
 0001:0000c010       ??$?0VGBuf@@@?$allocator@PAU_Node@?$_List_nod@VGBuf@@V?$allocator@VGBuf@@@std@@@std@@@std@@QAE@ABV?$allocator@VGBuf@@@1@@Z 10b0d010 f i LinkManager.obj
 0001:0000c010       ??0?$allocator@VPMSStatBase@@@std@@QAE@ABV01@@Z 10b0d010 f i LinkManager.obj
 0001:0000c010       ??0?$allocator@VGBuf@@@std@@QAE@ABV01@@Z 10b0d010 f i LinkManager.obj
 0001:0000c010       ??0?$allocator@D@std@@QAE@ABV01@@Z 10b0d010 f i ErrorLog.obj
 0001:0000c010       ??0?$allocator@VPMSNSAP@@@std@@QAE@ABV01@@Z 10b0d010 f i LinkManager.obj
 0001:0000c010       ??0?$allocator@J@std@@QAE@ABV01@@Z 10b0d010 f i LinkManager.obj
 0001:0000c010       ??0?$allocator@_W@std@@QAE@ABV01@@Z 10b0d010 f i GAdlUtl.obj
 0001:0000c010       ??0?$allocator@VPMSRegionInfo@@@std@@QAE@ABV01@@Z 10b0d010 f i LinkManager.obj
 0001:0000c010       ??0?$allocator@PAVGSyncObj@@@std@@QAE@ABV01@@Z 10b0d010 f i GKernelObj.obj
 0001:0000c010       ??$?0VGBuf@@@?$allocator@U_Node@?$_List_nod@VGBuf@@V?$allocator@VGBuf@@@std@@@std@@@std@@QAE@ABV?$allocator@VGBuf@@@1@@Z 10b0d010 f i LinkManager.obj
 0001:0000c030       ?destroy@?$allocator@U_Node@?$_List_nod@VGBuf@@V?$allocator@VGBuf@@@std@@@std@@@std@@QAEXPAU_Node@?$_List_nod@VGBuf@@V?$allocator@VGBuf@@@std@@@2@@Z 10b0d030 f i LinkManager.obj
 0001:0000c060       ??0?$_Iterator@$00@?$list@VGBuf@@V?$allocator@VGBuf@@@std@@@std@@QAE@PAU_Node@?$_List_nod@VGBuf@@V?$allocator@VGBuf@@@std@@@2@PBV12@@Z 10b0d060 f i LinkManager.obj
 0001:0000c0a0       ??D?$_Iterator@$00@?$list@VGBuf@@V?$allocator@VGBuf@@@std@@@std@@QBEAAVGBuf@@XZ 10b0d0a0 f i LinkManager.obj
 0001:0000c0d0       ??0?$_Const_iterator@$00@?$list@VGBuf@@V?$allocator@VGBuf@@@std@@@std@@QAE@PAU_Node@?$_List_nod@VGBuf@@V?$allocator@VGBuf@@@std@@@2@PBV12@@Z 10b0d0d0 f i LinkManager.obj
 0001:0000c150       ?_Make_iter@?$list@VGBuf@@V?$allocator@VGBuf@@@std@@@std@@QBE?AV?$_Iterator@$00@12@V?$_Const_iterator@$00@12@@Z 10b0d150 f i LinkManager.obj
 0001:0000c1e0       ??0?$_List_ptr@VGBuf@@V?$allocator@VGBuf@@@std@@@std@@IAE@V?$allocator@VGBuf@@@1@@Z 10b0d1e0 f i LinkManager.obj
 0001:0000c230       ?allocate@?$allocator@U_Node@?$_List_nod@VGBuf@@V?$allocator@VGBuf@@@std@@@std@@@std@@QAEPAU_Node@?$_List_nod@VGBuf@@V?$allocator@VGBuf@@@std@@@2@I@Z 10b0d230 f i LinkManager.obj
 0001:0000c260       ?construct@?$allocator@PAU_Node@?$_List_nod@VGBuf@@V?$allocator@VGBuf@@@std@@@std@@@std@@QAEXPAPAU_Node@?$_List_nod@VGBuf@@V?$allocator@VGBuf@@@std@@@2@ABQAU342@@Z 10b0d260 f i LinkManager.obj
 0001:0000c290       ??D?$_Const_iterator@$00@?$list@VGBuf@@V?$allocator@VGBuf@@@std@@@std@@QBEABVGBuf@@XZ 10b0d290 f i LinkManager.obj
 0001:0000c340       ??E?$_Const_iterator@$00@?$list@VGBuf@@V?$allocator@VGBuf@@@std@@@std@@QAE?AV012@H@Z 10b0d340 f i LinkManager.obj
 0001:0000c410       ?_Mynode@?$_Const_iterator@$00@?$list@VGBuf@@V?$allocator@VGBuf@@@std@@@std@@QBEPAU_Node@?$_List_nod@VGBuf@@V?$allocator@VGBuf@@@std@@@3@XZ 10b0d410 f i LinkManager.obj
 0001:0000c430       ??0length_error@std@@QAE@ABV01@@Z 10b0d430 f i LinkManager.obj
 0001:0000c470       ?_Myval@?$list@VGBuf@@V?$allocator@VGBuf@@@std@@@std@@KAAAVGBuf@@PAU_Node@?$_List_nod@VGBuf@@V?$allocator@VGBuf@@@std@@@2@@Z 10b0d470 f i LinkManager.obj
 0001:0000c480       ??E?$_Const_iterator@$00@?$list@VGBuf@@V?$allocator@VGBuf@@@std@@@std@@QAEAAV012@XZ 10b0d480 f i LinkManager.obj
 0001:0000c540       ??0?$_Container_base_aux_alloc_empty@V?$allocator@VPMSStatBase@@@std@@@std@@IAE@V?$allocator@VPMSStatBase@@@1@@Z 10b0d540 f i LinkManager.obj
 0001:0000c540       ??0?$_Container_base_aux_alloc_empty@V?$allocator@J@std@@@std@@IAE@V?$allocator@J@1@@Z 10b0d540 f i LinkManager.obj
 0001:0000c540       ??0?$_Container_base_aux_alloc_empty@V?$allocator@PAVGSyncObj@@@std@@@std@@IAE@V?$allocator@PAVGSyncObj@@@1@@Z 10b0d540 f i GKernelObj.obj
 0001:0000c540       ??0?$_Container_base_aux_alloc_empty@V?$allocator@VPMSRegionInfo@@@std@@@std@@IAE@V?$allocator@VPMSRegionInfo@@@1@@Z 10b0d540 f i LinkManager.obj
 0001:0000c540       ??0?$_Container_base_aux_alloc_empty@V?$allocator@VGBuf@@@std@@@std@@IAE@V?$allocator@VGBuf@@@1@@Z 10b0d540 f i LinkManager.obj
 0001:0000c540       ??0?$_Container_base_aux_alloc_empty@V?$allocator@VPMSNSAP@@@std@@@std@@IAE@V?$allocator@VPMSNSAP@@@1@@Z 10b0d540 f i LinkManager.obj
 0001:0000c570       ??$_Destroy@U_Node@?$_List_nod@VGBuf@@V?$allocator@VGBuf@@@std@@@std@@@std@@YAXPAU_Node@?$_List_nod@VGBuf@@V?$allocator@VGBuf@@@std@@@0@@Z 10b0d570 f i LinkManager.obj
 0001:0000c590       ??$_Allocate@U_Node@?$_List_nod@VGBuf@@V?$allocator@VGBuf@@@std@@@std@@@std@@YAPAU_Node@?$_List_nod@VGBuf@@V?$allocator@VGBuf@@@std@@@0@IPAU120@@Z 10b0d590 f i LinkManager.obj
 0001:0000c600       ??$_Construct@PAU_Node@?$_List_nod@VGBuf@@V?$allocator@VGBuf@@@std@@@std@@PAU123@@std@@YAXPAPAU_Node@?$_List_nod@VGBuf@@V?$allocator@VGBuf@@@std@@@0@ABQAU120@@Z 10b0d600 f i LinkManager.obj
 0001:0000c660       ??_G_Node@?$_List_nod@VGBuf@@V?$allocator@VGBuf@@@std@@@std@@QAEPAXI@Z 10b0d660 f i LinkManager.obj
 0001:0000c6a0       ??1_Node@?$_List_nod@VGBuf@@V?$allocator@VGBuf@@@std@@@std@@QAE@XZ 10b0d6a0 f i LinkManager.obj
 0001:0000c6d0       ?AddRegionInfo@CPMSRegionInfoList@@UAEXKKPAV?$vector@JV?$allocator@J@std@@@std@@@Z 10b0d6d0 f   LinkManagerMsg.obj
 0001:0000c820       ?AddRegionInfo2@CPMSRegionInfoList@@UAEXKKQAJ@Z 10b0d820 f   LinkManagerMsg.obj
 0001:0000c920       ?AddRegionInfo238@CPMSRegionInfoList@@UAEXKKQAJ@Z 10b0d920 f   LinkManagerMsg.obj
 0001:0000ca20       ?AddRegionInfo272@CPMSRegionInfoList@@UAEXKKQAJ@Z 10b0da20 f   LinkManagerMsg.obj
 0001:0000cb20       ?AddRegionInfoPC@CPMSRegionInfoListPC@@UAEXKKPAV?$vector@JV?$allocator@J@std@@@std@@@Z 10b0db20 f   LinkManagerMsg.obj
 0001:0000cc70       ?AddRegionInfoPC238@CPMSRegionInfoListPC@@UAEXKKQAJ@Z 10b0dc70 f   LinkManagerMsg.obj
 0001:0000cd70       ?AddRegionInfoPC272@CPMSRegionInfoListPC@@UAEXKKQAJ@Z 10b0dd70 f   LinkManagerMsg.obj
 0001:0000ce70       ?AddStatInfoList@CPMSStatInfoList@@UAEXKKKKKKPBD@Z 10b0de70 f   LinkManagerMsg.obj
 0001:0000cf80       ?AddStatInfoListPC@CPMSStatInfoListPC@@UAEXKKKKKKPBD@Z 10b0df80 f   LinkManagerMsg.obj
 0001:0000d090       ?SendMsg@CLinkManager@@AAEXABVPayloadHA@@@Z 10b0e090 f   LinkManagerMsg.obj
 0001:0000d1b0       ?OnRcvMsg@CLinkManager@@EAEHPAVGBufSocket@@AAVPayloadGS@@@Z 10b0e1b0 f   LinkManagerMsg.obj
 0001:0000d2b0       ?OnError@CLinkManager@@EAEHPAVGBufSocket@@JH@Z 10b0e2b0 f   LinkManagerMsg.obj
 0001:0000d3f0       ?OnAnnounceReq@CLinkManager@@AAEXPAVPMSAAnnounceReq@@@Z 10b0e3f0 f   LinkManagerMsg.obj
 0001:0000d580       ?OnHeartBeatReq@CLinkManager@@AAEXPAVPMSAHeartBeatReq@@@Z 10b0e580 f   LinkManagerMsg.obj
 0001:0000d6a0       ?OnOrderReq@CLinkManager@@AAEXPAVPMSAOrderReq@@@Z 10b0e6a0 f   LinkManagerMsg.obj
 0001:0000d9f0       ?OnPerformReq@CLinkManager@@AAEXPAVPMSAPerformReq@@@Z 10b0e9f0 f   LinkManagerMsg.obj
 0001:0000db20       ?OnRegionInfoReq@CLinkManager@@AAEXPAVPMSARegionInfoReq@@@Z 10b0eb20 f   LinkManagerMsg.obj
 0001:0000dc60       ?OnStatInfoReq@CLinkManager@@AAEXPAVPMSAStatInfoReq@@@Z 10b0ec60 f   LinkManagerMsg.obj
 0001:0000dd90       ?SendWarningMsg@CLinkManager@@QAEHKPBD0KK@Z 10b0ed90 f   LinkManagerMsg.obj
 0001:0000df20       ?OnRegionInfoPCReq@CLinkManager@@AAEXPAVPMSARegionInfoReq@@@Z 10b0ef20 f   LinkManagerMsg.obj
 0001:0000e060       ?OnStatInfoPCReq@CLinkManager@@AAEXPAVPMSAStatInfoReq@@@Z 10b0f060 f   LinkManagerMsg.obj
 0001:0000e1a0       ??0PMSRegionInfo@@QAE@XZ   10b0f1a0 f i LinkManagerMsg.obj
 0001:0000e220       ?Clear@PMSRegionInfo@@UAEXXZ 10b0f220 f i LinkManagerMsg.obj
 0001:0000e270       ??1?$_Vector_iterator@VPMSNSAP@@V?$allocator@VPMSNSAP@@@std@@@std@@QAE@XZ 10b0f270 f i LinkManager.obj
 0001:0000e270       ??1?$_Vector_iterator@JV?$allocator@J@std@@@std@@QAE@XZ 10b0f270 f i LinkManagerMsg.obj
 0001:0000e270       ??1?$_Vector_iterator@PAVGSyncObj@@V?$allocator@PAVGSyncObj@@@std@@@std@@QAE@XZ 10b0f270 f i GKernelObj.obj
 0001:0000e270       ??1?$_Vector_iterator@VPMSRegionInfo@@V?$allocator@VPMSRegionInfo@@@std@@@std@@QAE@XZ 10b0f270 f i LinkManagerMsg.obj
 0001:0000e270       ??1?$_Vector_iterator@VPMSStatBase@@V?$allocator@VPMSStatBase@@@std@@@std@@QAE@XZ 10b0f270 f i LinkManagerMsg.obj
 0001:0000e270       ??1?$_Iterator@$00@?$list@VGBuf@@V?$allocator@VGBuf@@@std@@@std@@QAE@XZ 10b0f270 f i LinkManager.obj
 0001:0000e270       ??1?$_Vector_iterator@PAXV?$allocator@PAX@std@@@std@@QAE@XZ 10b0f270 f i GKernelObj.obj
 0001:0000e2a0       ??0PMSStatBase@@QAE@XZ     10b0f2a0 f i LinkManagerMsg.obj
 0001:0000e320       ?Clear@PMSStatBase@@UAEXXZ 10b0f320 f i LinkManagerMsg.obj
 0001:0000e390       ??0PMSAAnnounceAns@@QAE@ABKABJ@Z 10b0f390 f i LinkManagerMsg.obj
 0001:0000e390       ??0PMSAHeartBeatAns@@QAE@ABJABK@Z 10b0f390 f i LinkManagerMsg.obj
 0001:0000e3e0       ??4PMSUnitID@@QAEAAV0@ABV0@@Z 10b0f3e0 f i LinkManagerMsg.obj
 0001:0000e410       ?BCopy@PMSUnitID@@QAEXABV1@@Z 10b0f410 f i LinkManagerMsg.obj
 0001:0000e470       ??0CPMSPerformanceInfo@@QAE@PAV?$ArcVectorT@J@@@Z 10b0f470 f i LinkManagerMsg.obj
 0001:0000e4b0       ?AddPerformanceInfo@CPMSPerformanceInfo@@UAEXPAV?$vector@JV?$allocator@J@std@@@std@@@Z 10b0f4b0 f i LinkManagerMsg.obj
 0001:0000e560       ?AddPerformanceInfo2@CPMSPerformanceInfo@@UAEXQAJ@Z 10b0f560 f i LinkManagerMsg.obj
 0001:0000e5a0       ??0IPMSPerformanceInfo@@QAE@XZ 10b0f5a0 f i LinkManagerMsg.obj
 0001:0000e5c0       ??0CPMSRegionInfoList@@QAE@ABKPAV?$ArcVectorT@VPMSRegionInfo@@@@@Z 10b0f5c0 f i LinkManagerMsg.obj
 0001:0000e610       ??1CPMSRegionInfoList@@UAE@XZ 10b0f610 f i LinkManagerMsg.obj
 0001:0000e630       ??_ECPMSRegionInfoList@@UAEPAXI@Z 10b0f630 f i LinkManagerMsg.obj
 0001:0000e630       ??_GCPMSRegionInfoList@@UAEPAXI@Z 10b0f630 f i LinkManagerMsg.obj
 0001:0000e670       ??0IPMSRegionInfoList@@QAE@XZ 10b0f670 f i LinkManagerMsg.obj
 0001:0000e690       ??0CPMSStatInfoList@@QAE@ABKPAV?$ArcVectorT@VPMSStatBase@@@@@Z 10b0f690 f i LinkManagerMsg.obj
 0001:0000e6e0       ??1CPMSStatInfoList@@UAE@XZ 10b0f6e0 f i LinkManagerMsg.obj
 0001:0000e700       ??_GCPMSStatInfoList@@UAEPAXI@Z 10b0f700 f i LinkManagerMsg.obj
 0001:0000e700       ??_ECPMSStatInfoList@@UAEPAXI@Z 10b0f700 f i LinkManagerMsg.obj
 0001:0000e740       ??0IPMSStatInfoList@@QAE@XZ 10b0f740 f i LinkManagerMsg.obj
 0001:0000e760       ??0CPMSRegionInfoListPC@@QAE@ABKPAV?$ArcVectorT@VPMSRegionInfo@@@@@Z 10b0f760 f i LinkManagerMsg.obj
 0001:0000e7b0       ??1CPMSRegionInfoListPC@@UAE@XZ 10b0f7b0 f i LinkManagerMsg.obj
 0001:0000e7d0       ??_GCPMSRegionInfoListPC@@UAEPAXI@Z 10b0f7d0 f i LinkManagerMsg.obj
 0001:0000e7d0       ??_ECPMSRegionInfoListPC@@UAEPAXI@Z 10b0f7d0 f i LinkManagerMsg.obj
 0001:0000e810       ??0IPMSRegionInfoListPC@@QAE@XZ 10b0f810 f i LinkManagerMsg.obj
 0001:0000e830       ??0CPMSStatInfoListPC@@QAE@ABKPAV?$ArcVectorT@VPMSStatBase@@@@@Z 10b0f830 f i LinkManagerMsg.obj
 0001:0000e880       ??1CPMSStatInfoListPC@@UAE@XZ 10b0f880 f i LinkManagerMsg.obj
 0001:0000e8a0       ??_ECPMSStatInfoListPC@@UAEPAXI@Z 10b0f8a0 f i LinkManagerMsg.obj
 0001:0000e8a0       ??_GCPMSStatInfoListPC@@UAEPAXI@Z 10b0f8a0 f i LinkManagerMsg.obj
 0001:0000e8e0       ??0IPMSStatInfoListPC@@QAE@XZ 10b0f8e0 f i LinkManagerMsg.obj
 0001:0000e900       ?assign@?$basic_string@DU?$char_traits@D@std@@V?$allocator@D@2@@std@@QAEAAV12@ID@Z 10b0f900 f i LinkManagerMsg.obj
 0001:0000e960       ?clear@?$basic_string@DU?$char_traits@D@std@@V?$allocator@D@2@@std@@QAEXXZ 10b0f960 f i LinkManagerMsg.obj
 0001:0000ea60       ?find_first_of@?$basic_string@DU?$char_traits@D@std@@V?$allocator@D@2@@std@@QBEIPBDI@Z 10b0fa60 f i LinkManagerMsg.obj
 0001:0000eac0       ?begin@?$vector@JV?$allocator@J@std@@@std@@QAE?AV?$_Vector_iterator@JV?$allocator@J@std@@@2@XZ 10b0fac0 f i LinkManagerMsg.obj
 0001:0000eb10       ?end@?$vector@JV?$allocator@J@std@@@std@@QAE?AV?$_Vector_iterator@JV?$allocator@J@std@@@2@XZ 10b0fb10 f i LinkManagerMsg.obj
 0001:0000eb60       ?clear@?$vector@JV?$allocator@J@std@@@std@@QAEXXZ 10b0fb60 f i LinkManagerMsg.obj
 0001:0000ec60       ?push_back@?$vector@VPMSStatBase@@V?$allocator@VPMSStatBase@@@std@@@std@@QAEXABVPMSStatBase@@@Z 10b0fc60 f i LinkManagerMsg.obj
 0001:0000ed60       ?push_back@?$vector@VPMSRegionInfo@@V?$allocator@VPMSRegionInfo@@@std@@@std@@QAEXABVPMSRegionInfo@@@Z 10b0fd60 f i LinkManagerMsg.obj
 0001:0000ee60       ??1?$_Vector_const_iterator@PAXV?$allocator@PAX@std@@@std@@QAE@XZ 10b0fe60 f i GKernelObj.obj
 0001:0000ee60       ??1?$_Vector_const_iterator@VPMSStatBase@@V?$allocator@VPMSStatBase@@@std@@@std@@QAE@XZ 10b0fe60 f i LinkManager.obj
 0001:0000ee60       ??1?$_String_iterator@DU?$char_traits@D@std@@V?$allocator@D@2@@std@@QAE@XZ 10b0fe60 f i LinkManagerMsg.obj
 0001:0000ee60       ??1?$_Const_iterator@$00@?$list@VGBuf@@V?$allocator@VGBuf@@@std@@@std@@QAE@XZ 10b0fe60 f i LinkManager.obj
 0001:0000ee60       ??1?$_Vector_const_iterator@VPMSRegionInfo@@V?$allocator@VPMSRegionInfo@@@std@@@std@@QAE@XZ 10b0fe60 f i LinkManager.obj
 0001:0000ee60       ??1?$_Vector_const_iterator@VPMSNSAP@@V?$allocator@VPMSNSAP@@@std@@@std@@QAE@XZ 10b0fe60 f i LinkManager.obj
 0001:0000ee60       ??1?$_Vector_const_iterator@JV?$allocator@J@std@@@std@@QAE@XZ 10b0fe60 f i LinkManager.obj
 0001:0000ee60       ??1?$_Vector_const_iterator@PAVGSyncObj@@V?$allocator@PAVGSyncObj@@@std@@@std@@QAE@XZ 10b0fe60 f i GKernelObj.obj
 0001:0000ee90       ??0?$_String_const_iterator@DU?$char_traits@D@std@@V?$allocator@D@2@@std@@QAE@ABV01@@Z 10b0fe90 f i LinkManagerMsg.obj
 0001:0000eed0       ?erase@?$basic_string@DU?$char_traits@D@std@@V?$allocator@D@2@@std@@QAE?AV?$_String_iterator@DU?$char_traits@D@std@@V?$allocator@D@2@@2@V?$_String_const_iterator@DU?$char_traits@D@std@@V?$allocator@D@2@@2@0@Z 10b0fed0 f i LinkManagerMsg.obj
 0001:0000f030       ?begin@?$basic_string@DU?$char_traits@D@std@@V?$allocator@D@2@@std@@QAE?AV?$_String_iterator@DU?$char_traits@D@std@@V?$allocator@D@2@@2@XZ 10b10030 f i LinkManagerMsg.obj
 0001:0000f080       ?end@?$basic_string@DU?$char_traits@D@std@@V?$allocator@D@2@@std@@QAE?AV?$_String_iterator@DU?$char_traits@D@std@@V?$allocator@D@2@@2@XZ 10b10080 f i LinkManagerMsg.obj
 0001:0000f0e0       ?find_first_of@?$basic_string@DU?$char_traits@D@std@@V?$allocator@D@2@@std@@QBEIPBDII@Z 10b100e0 f i LinkManagerMsg.obj
 0001:0000f1a0       ?_Chassign@?$basic_string@DU?$char_traits@D@std@@V?$allocator@D@2@@std@@IAEXIID@Z 10b101a0 f i LinkManagerMsg.obj
 0001:0000f200       ?assign@?$char_traits@D@std@@SAPADPADID@Z 10b10200 f i LinkManagerMsg.obj
 0001:0000f230       ?erase@?$vector@JV?$allocator@J@std@@@std@@QAE?AV?$_Vector_iterator@JV?$allocator@J@std@@@2@V?$_Vector_const_iterator@JV?$allocator@J@std@@@2@0@Z 10b10230 f i LinkManagerMsg.obj
 0001:0000f420       ?capacity@?$vector@VPMSStatBase@@V?$allocator@VPMSStatBase@@@std@@@std@@QBEIXZ 10b10420 f i LinkManagerMsg.obj
 0001:0000f470       ?end@?$vector@VPMSStatBase@@V?$allocator@VPMSStatBase@@@std@@@std@@QAE?AV?$_Vector_iterator@VPMSStatBase@@V?$allocator@VPMSStatBase@@@std@@@2@XZ 10b10470 f i LinkManagerMsg.obj
[...]
 0001:0004f629       __ehhandler$?erase@?$vector@JV?$allocator@J@std@@@std@@QAE?AV?$_Vector_iterator@JV?$allocator@J@std@@@2@V?$_Vector_const_iterator@JV?$allocator@J@std@@@2@0@Z 10b50629 f   GKernelObj.obj
 0001:0004f629       __ehhandler$?erase@?$vector@PAVGSyncObj@@V?$allocator@PAVGSyncObj@@@std@@@std@@QAE?AV?$_Vector_iterator@PAVGSyncObj@@V?$allocator@PAVGSyncObj@@@std@@@2@V?$_Vector_const_iterator@PAVGSyncObj@@V?$allocator@PAVGSyncObj@@@std@@@2@0@Z 10b50629 f   GKernelObj.obj
 0001:0004f629       __ehhandler$?erase@?$vector@VPMSNSAP@@V?$allocator@VPMSNSAP@@@std@@@std@@QAE?AV?$_Vector_iterator@VPMSNSAP@@V?$allocator@VPMSNSAP@@@std@@@2@V?$_Vector_const_iterator@VPMSNSAP@@V?$allocator@VPMSNSAP@@@std@@@2@0@Z 10b50629 f   GKernelObj.obj
 0001:0004f650       __unwindfunclet$?_Make_iter@?$list@VGBuf@@V?$allocator@VGBuf@@@std@@@std@@QBE?AV?$_Iterator@$00@12@V?$_Const_iterator@$00@12@@Z$0 10b50650 f   GKernelObj.obj
 0001:0004f650       __unwindfunclet$?_Make_iter@?$vector@PAVGSyncObj@@V?$allocator@PAVGSyncObj@@@std@@@std@@QBE?AV?$_Vector_iterator@PAVGSyncObj@@V?$allocator@PAVGSyncObj@@@std@@@2@V?$_Vector_const_iterator@PAVGSyncObj@@V?$allocator@PAVGSyncObj@@@std@@@2@@Z$0 10b50650 f   GKernelObj.obj
 0001:0004f650       __unwindfunclet$?erase@?$vector@PAVGSyncObj@@V?$allocator@PAVGSyncObj@@@std@@@std@@QAE?AV?$_Vector_iterator@PAVGSyncObj@@V?$allocator@PAVGSyncObj@@@std@@@2@V?$_Vector_const_iterator@PAVGSyncObj@@V?$allocator@PAVGSyncObj@@@std@@@2@@Z$0 10b50650 f   GKernelObj.obj
 0001:0004f650       __unwindfunclet$?_Make_iter@?$vector@VPMSNSAP@@V?$allocator@VPMSNSAP@@@std@@@std@@QBE?AV?$_Vector_iterator@VPMSNSAP@@V?$allocator@VPMSNSAP@@@std@@@2@V?$_Vector_const_iterator@VPMSNSAP@@V?$allocator@VPMSNSAP@@@std@@@2@@Z$0 10b50650 f   GKernelObj.obj
 0001:0004f650       __unwindfunclet$?erase@?$vector@PAXV?$allocator@PAX@std@@@std@@QAE?AV?$_Vector_iterator@PAXV?$allocator@PAX@std@@@2@V?$_Vector_const_iterator@PAXV?$allocator@PAX@std@@@2@@Z$0 10b50650 f   GKernelObj.obj
 0001:0004f650       __unwindfunclet$?_Make_iter@?$vector@JV?$allocator@J@std@@@std@@QBE?AV?$_Vector_iterator@JV?$allocator@J@std@@@2@V?$_Vector_const_iterator@JV?$allocator@J@std@@@2@@Z$0 10b50650 f   GKernelObj.obj
 0001:0004f658       __unwindfunclet$?erase@?$vector@PAVGSyncObj@@V?$allocator@PAVGSyncObj@@@std@@@std@@QAE?AV?$_Vector_iterator@PAVGSyncObj@@V?$allocator@PAVGSyncObj@@@std@@@2@V?$_Vector_const_iterator@PAVGSyncObj@@V?$allocator@PAVGSyncObj@@@std@@@2@@Z$1 10b50658 f   GKernelObj.obj
 0001:0004f658       __unwindfunclet$?_Make_iter@?$list@VGBuf@@V?$allocator@VGBuf@@@std@@@std@@QBE?AV?$_Iterator@$00@12@V?$_Const_iterator@$00@12@@Z$1 10b50658 f   GKernelObj.obj
 0001:0004f658       __unwindfunclet$?_Make_iter@?$vector@JV?$allocator@J@std@@@std@@QBE?AV?$_Vector_iterator@JV?$allocator@J@std@@@2@V?$_Vector_const_iterator@JV?$allocator@J@std@@@2@@Z$1 10b50658 f   GKernelObj.obj
 0001:0004f658       __unwindfunclet$?erase@?$vector@PAXV?$allocator@PAX@std@@@std@@QAE?AV?$_Vector_iterator@PAXV?$allocator@PAX@std@@@2@V?$_Vector_const_iterator@PAXV?$allocator@PAX@std@@@2@@Z$1 10b50658 f   GKernelObj.obj
 0001:0004f658       __unwindfunclet$?_Make_iter@?$vector@PAVGSyncObj@@V?$allocator@PAVGSyncObj@@@std@@@std@@QBE?AV?$_Vector_iterator@PAVGSyncObj@@V?$allocator@PAVGSyncObj@@@std@@@2@V?$_Vector_const_iterator@PAVGSyncObj@@V?$allocator@PAVGSyncObj@@@std@@@2@@Z$1 10b50658 f   GKernelObj.obj
 0001:0004f658       __unwindfunclet$?_Make_iter@?$vector@VPMSNSAP@@V?$allocator@VPMSNSAP@@@std@@@std@@QBE?AV?$_Vector_iterator@VPMSNSAP@@V?$allocator@VPMSNSAP@@@std@@@2@V?$_Vector_const_iterator@VPMSNSAP@@V?$allocator@VPMSNSAP@@@std@@@2@@Z$1 10b50658 f   GKernelObj.obj
 0001:0004f671       __ehhandler$?erase@?$vector@PAVGSyncObj@@V?$allocator@PAVGSyncObj@@@std@@@std@@QAE?AV?$_Vector_iterator@PAVGSyncObj@@V?$allocator@PAVGSyncObj@@@std@@@2@V?$_Vector_const_iterator@PAVGSyncObj@@V?$allocator@PAVGSyncObj@@@std@@@2@@Z 10b50671 f   GKernelObj.obj
 0001:0004f671       __ehhandler$?_Make_iter@?$list@VGBuf@@V?$allocator@VGBuf@@@std@@@std@@QBE?AV?$_Iterator@$00@12@V?$_Const_iterator@$00@12@@Z 10b50671 f   GKernelObj.obj
 0001:0004f671       __ehhandler$?_Make_iter@?$vector@VPMSNSAP@@V?$allocator@VPMSNSAP@@@std@@@std@@QBE?AV?$_Vector_iterator@VPMSNSAP@@V?$allocator@VPMSNSAP@@@std@@@2@V?$_Vector_const_iterator@VPMSNSAP@@V?$allocator@VPMSNSAP@@@std@@@2@@Z 10b50671 f   GKernelObj.obj
 0001:0004f671       __ehhandler$?_Make_iter@?$vector@JV?$allocator@J@std@@@std@@QBE?AV?$_Vector_iterator@JV?$allocator@J@std@@@2@V?$_Vector_const_iterator@JV?$allocator@J@std@@@2@@Z 10b50671 f   GKernelObj.obj
 0001:0004f671       __ehhandler$?erase@?$vector@PAXV?$allocator@PAX@std@@@std@@QAE?AV?$_Vector_iterator@PAXV?$allocator@PAX@std@@@2@V?$_Vector_const_iterator@PAXV?$allocator@PAX@std@@@2@@Z 10b50671 f   GKernelObj.obj
 0001:0004f671       __ehhandler$?_Make_iter@?$vector@PAVGSyncObj@@V?$allocator@PAVGSyncObj@@@std@@@std@@QBE?AV?$_Vector_iterator@PAVGSyncObj@@V?$allocator@PAVGSyncObj@@@std@@@2@V?$_Vector_const_iterator@PAVGSyncObj@@V?$allocator@PAVGSyncObj@@@std@@@2@@Z 10b50671 f   GKernelObj.obj
 0001:0004f690       __unwindfunclet$?Create@GSocket@@UAEHJHV?$basic_string@DU?$char_traits@D@std@@V?$allocator@D@2@@std@@@Z$0 10b50690 f   GSocket.obj
 0001:0004f698       __ehhandler$?Create@GSocket@@UAEHJHV?$basic_string@DU?$char_traits@D@std@@V?$allocator@D@2@@std@@@Z 10b50698 f   GSocket.obj
 0001:0004f6b3       __unwindfunclet$?Create@GSocket@@UAEHJHV?$basic_string@_WU?$char_traits@_W@std@@V?$allocator@_W@2@@std@@@Z$0 10b506b3 f   GSocket.obj
 0001:0004f6bb       __ehhandler$?Create@GSocket@@UAEHJHV?$basic_string@_WU?$char_traits@_W@std@@V?$allocator@_W@2@@std@@@Z 10b506bb f   GSocket.obj
 0001:0004f6d6       __unwindfunclet$?GetPeerName@GSocket@@QAEHAAV?$basic_string@_WU?$char_traits@_W@std@@V?$allocator@_W@2@@std@@AAJ@Z$0 10b506d6 f   GSocket.obj
 0001:0004f6de       __ehhandler$?GetPeerName@GSocket@@QAEHAAV?$basic_string@_WU?$char_traits@_W@std@@V?$allocator@_W@2@@std@@AAJ@Z 10b506de f   GSocket.obj
 0001:0004f703       __unwindfunclet$?GetSockName@GSocket@@QAEHAAV?$basic_string@_WU?$char_traits@_W@std@@V?$allocator@_W@2@@std@@AAJ@Z$0 10b50703 f   GSocket.obj
 0001:0004f70b       __ehhandler$?GetSockName@GSocket@@QAEHAAV?$basic_string@_WU?$char_traits@_W@std@@V?$allocator@_W@2@@std@@AAJ@Z 10b5070b f   GSocket.obj
 0001:0004f730       __unwindfunclet$?Bind@GSocket@@QAEHJV?$basic_string@DU?$char_traits@D@std@@V?$allocator@D@2@@std@@@Z$0 10b50730 f   GSocket.obj
 0001:0004f738       __ehhandler$?Bind@GSocket@@QAEHJV?$basic_string@DU?$char_traits@D@std@@V?$allocator@D@2@@std@@@Z 10b50738 f   GSocket.obj
 0001:0004f75d       __unwindfunclet$?Bind@GSocket@@QAEHJV?$basic_string@_WU?$char_traits@_W@std@@V?$allocator@_W@2@@std@@@Z$0 10b5075d f   GSocket.obj
 0001:0004f765       __ehhandler$?Bind@GSocket@@QAEHJV?$basic_string@_WU?$char_traits@_W@std@@V?$allocator@_W@2@@std@@@Z 10b50765 f   GSocket.obj
 0001:0004f78a       __unwindfunclet$?Connect@GSocket@@QAEHV?$basic_string@DU?$char_traits@D@std@@V?$allocator@D@2@@std@@J@Z$0 10b5078a f   GSocket.obj
 0001:0004f792       __ehhandler$?Connect@GSocket@@QAEHV?$basic_string@DU?$char_traits@D@std@@V?$allocator@D@2@@std@@J@Z 10b50792 f   GSocket.obj
 0001:0004f7b7       __unwindfunclet$?Connect@GSocket@@QAEHV?$basic_string@_WU?$char_traits@_W@std@@V?$allocator@_W@2@@std@@J@Z$0 10b507b7 f   GSocket.obj
 0001:0004f7bf       __ehhandler$?Connect@GSocket@@QAEHV?$basic_string@_WU?$char_traits@_W@std@@V?$allocator@_W@2@@std@@J@Z 10b507bf f   GSocket.obj
 0001:0004f7e4       __unwindfunclet$?SendTo@GSocket@@QAEHPBXHJV?$basic_string@DU?$char_traits@D@std@@V?$allocator@D@2@@std@@H@Z$0 10b507e4 f   GSocket.obj
 0001:0004f7ec       __ehhandler$?SendTo@GSocket@@QAEHPBXHJV?$basic_string@DU?$char_traits@D@std@@V?$allocator@D@2@@std@@H@Z 10b507ec f   GSocket.obj
 0001:0004f811       __unwindfunclet$?SendTo@GSocket@@QAEHPBXHJV?$basic_string@_WU?$char_traits@_W@std@@V?$allocator@_W@2@@std@@H@Z$0 10b50811 f   GSocket.obj
 0001:0004f819       __ehhandler$?SendTo@GSocket@@QAEHPBXHJV?$basic_string@_WU?$char_traits@_W@std@@V?$allocator@_W@2@@std@@H@Z 10b50819 f   GSocket.obj
 0001:0004f83e       __unwindfunclet$?GetHostAddr@GSocket@@QAEHV?$basic_string@_WU?$char_traits@_W@std@@V?$allocator@_W@2@@std@@PAUsockaddr_in@@HH@Z$0 10b5083e f   GSocket.obj
 0001:0004f846       __unwindfunclet$?GetHostAddr@GSocket@@QAEHV?$basic_string@_WU?$char_traits@_W@std@@V?$allocator@_W@2@@std@@PAUsockaddr_in@@HH@Z$1 10b50846 f   GSocket.obj
 0001:0004f84e       __ehhandler$?GetHostAddr@GSocket@@QAEHV?$basic_string@_WU?$char_traits@_W@std@@V?$allocator@_W@2@@std@@PAUsockaddr_in@@HH@Z 10b5084e f   GSocket.obj
 0001:0004f873       __unwindfunclet$?GetHostAddr@GSocket@@QAEHV?$basic_string@DU?$char_traits@D@std@@V?$allocator@D@2@@std@@PAUsockaddr_in@@HH@Z$0 10b50873 f   GSocket.obj
 0001:0004f87b       __unwindfunclet$?GetHostAddr@GSocket@@QAEHV?$basic_string@DU?$char_traits@D@std@@V?$allocator@D@2@@std@@PAUsockaddr_in@@HH@Z$1 10b5087b f   GSocket.obj
 0001:0004f883       __ehhandler$?GetHostAddr@GSocket@@QAEHV?$basic_string@DU?$char_traits@D@std@@V?$allocator@D@2@@std@@PAUsockaddr_in@@HH@Z 10b50883 f   GSocket.obj
 0001:0004f8b0       __unwindfunclet$?str2wstr@@YAHAAV?$basic_string@_WU?$char_traits@_W@std@@V?$allocator@_W@2@@std@@V?$basic_string@DU?$char_traits@D@std@@V?$allocator@D@2@@2@@Z$0 10b508b0 f   GSocket.obj
 0001:0004f8b8       __unwindfunclet$?str2wstr@@YAHAAV?$basic_string@_WU?$char_traits@_W@std@@V?$allocator@_W@2@@std@@V?$basic_string@DU?$char_traits@D@std@@V?$allocator@D@2@@2@@Z$1 10b508b8 f   GSocket.obj
 0001:0004f8c0       __ehhandler$?str2wstr@@YAHAAV?$basic_string@_WU?$char_traits@_W@std@@V?$allocator@_W@2@@std@@V?$basic_string@DU?$char_traits@D@std@@V?$allocator@D@2@@2@@Z 10b508c0 f   GSocket.obj
 0001:0004f8e0       __unwindfunclet$?wstr2str@@YAHAAV?$basic_string@DU?$char_traits@D@std@@V?$allocator@D@2@@std@@V?$basic_string@_WU?$char_traits@_W@std@@V?$allocator@_W@2@@2@@Z$0 10b508e0 f   GSocket.obj
 0001:0004f8e8       __unwindfunclet$?wstr2str@@YAHAAV?$basic_string@DU?$char_traits@D@std@@V?$allocator@D@2@@std@@V?$basic_string@_WU?$char_traits@_W@std@@V?$allocator@_W@2@@2@@Z$1 10b508e8 f   GSocket.obj
 0001:0004f8f0       __ehhandler$?wstr2str@@YAHAAV?$basic_string@DU?$char_traits@D@std@@V?$allocator@D@2@@std@@V?$basic_string@_WU?$char_traits@_W@std@@V?$allocator@_W@2@@2@@Z 10b508f0 f   GSocket.obj
 0001:0004f910       __unwindfunclet$?TrySend@@YAHIAAV?$basic_string@DU?$char_traits@D@std@@V?$allocator@D@2@@std@@@Z$0 10b50910 f   GSocketUtl.obj
 0001:0004f918       __ehhandler$?TrySend@@YAHIAAV?$basic_string@DU?$char_traits@D@std@@V?$allocator@D@2@@std@@@Z 10b50918 f   GSocketUtl.obj
 0001:0004f933       __unwindfunclet$??0GTxtSocket@@QAE@XZ$0 10b50933 f   GSocketUtl.obj
 0001:0004f93b       __unwindfunclet$??0GTxtSocket@@QAE@XZ$1 10b5093b f   GSocketUtl.obj
 0001:0004f946       __ehhandler$??0GTxtSocket@@QAE@XZ 10b50946 f   GSocketUtl.obj
 0001:0004f961       __unwindfunclet$??1GTxtSocket@@UAE@XZ$0 10b50961 f   GSocketUtl.obj
 0001:0004f969       __unwindfunclet$??1GTxtSocket@@UAE@XZ$1 10b50969 f   GSocketUtl.obj
 0001:0004f974       __ehhandler$??1GTxtSocket@@UAE@XZ 10b50974 f   GSocketUtl.obj
 0001:0004f98f       __unwindfunclet$?DoSend@GTxtSocket@@UAEHV?$basic_string@DU?$char_traits@D@std@@V?$allocator@D@2@@std@@@Z$0 10b5098f f   GSocketUtl.obj
 0001:0004f997       __ehhandler$?DoSend@GTxtSocket@@UAEHV?$basic_string@DU?$char_traits@D@std@@V?$allocator@D@2@@std@@@Z 10b50997 f   GSocketUtl.obj
 0001:0004f9b2       __unwindfunclet$??0GBufSocket@@QAE@XZ$0 10b509b2 f   GSocketUtl.obj
 0001:0004f9ba       __unwindfunclet$??0GBufSocket@@QAE@XZ$1 10b509ba f   GSocketUtl.obj
 0001:0004f9c5       __ehhandler$??0GBufSocket@@QAE@XZ 10b509c5 f   GSocketUtl.obj
 0001:0004f9e0       __unwindfunclet$??1GBufSocket@@UAE@XZ$0 10b509e0 f   GSocketUtl.obj
 0001:0004f9e8       __unwindfunclet$??1GBufSocket@@UAE@XZ$1 10b509e8 f   GSocketUtl.obj
 0001:0004f9f3       __ehhandler$??1GBufSocket@@UAE@XZ 10b509f3 f   GSocketUtl.obj
 0001:0004fa10       __unwindfunclet$?Pop@GBufQ@@QAE?AVGBuf@@XZ$0 10b50a10 f   GSocketUtl.obj
 0001:0004fa18       __unwindfunclet$?Pop@GBufQ@@QAE?AVGBuf@@XZ$1 10b50a18 f   GSocketUtl.obj
 0001:0004fa31       __ehhandler$?Pop@GBufQ@@QAE?AVGBuf@@XZ 10b50a31 f   GSocketUtl.obj
 0001:0004fa50       __unwindfunclet$?format@@YA?AV?$basic_string@DU?$char_traits@D@std@@V?$allocator@D@2@@std@@PBDZZ$0 10b50a50 f   GString.obj
 0001:0004fa58       __unwindfunclet$?format@@YA?AV?$basic_string@DU?$char_traits@D@std@@V?$allocator@D@2@@std@@PBDZZ$1 10b50a58 f   GString.obj
 0001:0004fa71       __ehhandler$?format@@YA?AV?$basic_string@DU?$char_traits@D@std@@V?$allocator@D@2@@std@@PBDZZ 10b50a71 f   GString.obj
 0001:0004fa96       __unwindfunclet$?format@@YA?AV?$basic_string@_WU?$char_traits@_W@std@@V?$allocator@_W@2@@std@@PB_WZZ$0 10b50a96 f   GString.obj
 0001:0004fa9e       __unwindfunclet$?format@@YA?AV?$basic_string@_WU?$char_traits@_W@std@@V?$allocator@_W@2@@std@@PB_WZZ$1 10b50a9e f   GString.obj
 0001:0004fab7       __ehhandler$?format@@YA?AV?$basic_string@_WU?$char_traits@_W@std@@V?$allocator@_W@2@@std@@PB_WZZ 10b50ab7 f   GString.obj
 0001:0004fadc       __unwindfunclet$?trimleft@@YAAAV?$basic_string@DU?$char_traits@D@std@@V?$allocator@D@2@@std@@AAV12@@Z$0 10b50adc f   GString.obj
 0001:0004fae4       __ehhandler$?trimleft@@YAAAV?$basic_string@DU?$char_traits@D@std@@V?$allocator@D@2@@std@@AAV12@@Z 10b50ae4 f   GString.obj
 0001:0004faff       __unwindfunclet$?stricmp@@YAHABV?$basic_string@DU?$char_traits@D@std@@V?$allocator@D@2@@std@@0@Z$0 10b50aff f   GString.obj
 0001:0004fb07       __unwindfunclet$?stricmp@@YAHABV?$basic_string@DU?$char_traits@D@std@@V?$allocator@D@2@@std@@0@Z$1 10b50b07 f   GString.obj
 0001:0004fb0f       __ehhandler$?stricmp@@YAHABV?$basic_string@DU?$char_traits@D@std@@V?$allocator@D@2@@std@@0@Z 10b50b0f f   GString.obj
 0001:0004fb34       __unwindfunclet$?strncmp@@YAHABV?$basic_string@DU?$char_traits@D@std@@V?$allocator@D@2@@std@@0I@Z$0 10b50b34 f   GString.obj
 0001:0004fb3c       __unwindfunclet$?strncmp@@YAHABV?$basic_string@DU?$char_traits@D@std@@V?$allocator@D@2@@std@@0I@Z$1 10b50b3c f   GString.obj
 0001:0004fb44       __ehhandler$?strncmp@@YAHABV?$basic_string@DU?$char_traits@D@std@@V?$allocator@D@2@@std@@0I@Z 10b50b44 f   GString.obj
 0001:0004fb69       __unwindfunclet$?strnicmp@@YAHABV?$basic_string@DU?$char_traits@D@std@@V?$allocator@D@2@@std@@0I@Z$0 10b50b69 f   GString.obj
 0001:0004fb71       __unwindfunclet$?strnicmp@@YAHABV?$basic_string@DU?$char_traits@D@std@@V?$allocator@D@2@@std@@0I@Z$1 10b50b71 f   GString.obj
 0001:0004fb79       __unwindfunclet$?strnicmp@@YAHABV?$basic_string@DU?$char_traits@D@std@@V?$allocator@D@2@@std@@0I@Z$2 10b50b79 f   GString.obj
 0001:0004fb84       __unwindfunclet$?strnicmp@@YAHABV?$basic_string@DU?$char_traits@D@std@@V?$allocator@D@2@@std@@0I@Z$3 10b50b84 f   GString.obj
 0001:0004fb8f       __ehhandler$?strnicmp@@YAHABV?$basic_string@DU?$char_traits@D@std@@V?$allocator@D@2@@std@@0I@Z 10b50b8f f   GString.obj
 0001:0004fbb7       __unwindfunclet$?trimleft@@YAAAV?$basic_string@_WU?$char_traits@_W@std@@V?$allocator@_W@2@@std@@AAV12@@Z$0 10b50bb7 f   GString.obj
 0001:0004fbbf       __ehhandler$?trimleft@@YAAAV?$basic_string@_WU?$char_traits@_W@std@@V?$allocator@_W@2@@std@@AAV12@@Z 10b50bbf f   GString.obj
 0001:0004fbda       __unwindfunclet$?stricmp@@YAHABV?$basic_string@_WU?$char_traits@_W@std@@V?$allocator@_W@2@@std@@0@Z$0 10b50bda f   GString.obj
 0001:0004fbe2       __unwindfunclet$?stricmp@@YAHABV?$basic_string@_WU?$char_traits@_W@std@@V?$allocator@_W@2@@std@@0@Z$1 10b50be2 f   GString.obj
 0001:0004fbea       __ehhandler$?stricmp@@YAHABV?$basic_string@_WU?$char_traits@_W@std@@V?$allocator@_W@2@@std@@0@Z 10b50bea f   GString.obj
 0001:0004fc0f       __unwindfunclet$?strncmp@@YAHABV?$basic_string@_WU?$char_traits@_W@std@@V?$allocator@_W@2@@std@@0I@Z$0 10b50c0f f   GString.obj
 0001:0004fc17       __unwindfunclet$?strncmp@@YAHABV?$basic_string@_WU?$char_traits@_W@std@@V?$allocator@_W@2@@std@@0I@Z$1 10b50c17 f   GString.obj
 0001:0004fc1f       __ehhandler$?strncmp@@YAHABV?$basic_string@_WU?$char_traits@_W@std@@V?$allocator@_W@2@@std@@0I@Z 10b50c1f f   GString.obj
 0001:0004fc44       __unwindfunclet$?strnicmp@@YAHABV?$basic_string@_WU?$char_traits@_W@std@@V?$allocator@_W@2@@std@@0I@Z$0 10b50c44 f   GString.obj
 0001:0004fc4c       __unwindfunclet$?strnicmp@@YAHABV?$basic_string@_WU?$char_traits@_W@std@@V?$allocator@_W@2@@std@@0I@Z$1 10b50c4c f   GString.obj
 0001:0004fc54       __unwindfunclet$?strnicmp@@YAHABV?$basic_string@_WU?$char_traits@_W@std@@V?$allocator@_W@2@@std@@0I@Z$2 10b50c54 f   GString.obj
 0001:0004fc5f       __unwindfunclet$?strnicmp@@YAHABV?$basic_string@_WU?$char_traits@_W@std@@V?$allocator@_W@2@@std@@0I@Z$3 10b50c5f f   GString.obj
 0001:0004fc6a       __ehhandler$?strnicmp@@YAHABV?$basic_string@_WU?$char_traits@_W@std@@V?$allocator@_W@2@@std@@0I@Z 10b50c6a f   GString.obj
 0001:0004fc92       __unwindfunclet$?wstr2str@@YA?AV?$basic_string@DU?$char_traits@D@std@@V?$allocator@D@2@@std@@ABV?$basic_string@_WU?$char_traits@_W@std@@V?$allocator@_W@2@@2@@Z$0 10b50c92 f   GString.obj
 0001:0004fc9d       __unwindfunclet$?wstr2str@@YA?AV?$basic_string@DU?$char_traits@D@std@@V?$allocator@D@2@@std@@ABV?$basic_string@_WU?$char_traits@_W@std@@V?$allocator@_W@2@@2@@Z$1 10b50c9d f   GString.obj
 0001:0004fcbc       __ehhandler$?wstr2str@@YA?AV?$basic_string@DU?$char_traits@D@std@@V?$allocator@D@2@@std@@ABV?$basic_string@_WU?$char_traits@_W@std@@V?$allocator@_W@2@@2@@Z 10b50cbc f   GString.obj
 0001:0004fce4       __unwindfunclet$?str2wstr@@YA?AV?$basic_string@_WU?$char_traits@_W@std@@V?$allocator@_W@2@@std@@ABV?$basic_string@DU?$char_traits@D@std@@V?$allocator@D@2@@2@@Z$0 10b50ce4 f   GString.obj
 0001:0004fcef       __unwindfunclet$?str2wstr@@YA?AV?$basic_string@_WU?$char_traits@_W@std@@V?$allocator@_W@2@@std@@ABV?$basic_string@DU?$char_traits@D@std@@V?$allocator@D@2@@2@@Z$1 10b50cef f   GString.obj
 0001:0004fd0e       __ehhandler$?str2wstr@@YA?AV?$basic_string@_WU?$char_traits@_W@std@@V?$allocator@_W@2@@std@@ABV?$basic_string@DU?$char_traits@D@std@@V?$allocator@D@2@@2@@Z 10b50d0e f   GString.obj
 0001:0004fd40       __unwindfunclet$?_Xlen@_String_base@std@@SAXXZ$0 10b50d40 f   libcpmtd:string.obj
 0001:0004fd40       __unwindfunclet$?_Xran@_String_base@std@@SAXXZ$0 10b50d40 f   libcpmtd:string.obj
 0001:0004fd48       __ehhandler$?_Xlen@_String_base@std@@SAXXZ 10b50d48 f   libcpmtd:string.obj
 0001:0004fd48       __ehhandler$?_Xran@_String_base@std@@SAXXZ 10b50d48 f   libcpmtd:string.obj
 0001:0004fd70       __ehhandler$?CallUnexpected@@YAXPBU_s_ESTypeList@@@Z 10b50d70 f   LIBCMTD:frame.obj
 0001:0004fd90       __unwindfunclet$?strtoxl@@YAKPAUlocaleinfo_struct@@PBDPAPBDHH@Z$0 10b50d90 f   LIBCMTD:strtol.obj
 0001:0004fd98       __ehhandler$?strtoxl@@YAKPAUlocaleinfo_struct@@PBDPAPBDHH@Z 10b50d98 f   LIBCMTD:strtol.obj
 0001:0004fdc0       __unwindfunclet$?getSystemCP@@YAHH@Z$0 10b50dc0 f   LIBCMTD:mbctype.obj
 0001:0004fdc8       __ehhandler$?getSystemCP@@YAHH@Z 10b50dc8 f   LIBCMTD:mbctype.obj
 0001:0004fdf0       __unwindfunclet$?x_ismbbtype_l@@YAHPAUlocaleinfo_struct@@IHH@Z$0 10b50df0 f   LIBCMTD:ismbbyte.obj
 0001:0004fdf8       __ehhandler$?x_ismbbtype_l@@YAHPAUlocaleinfo_struct@@IHH@Z 10b50df8 f   LIBCMTD:ismbbyte.obj
 0001:0004fe20       ??__EtheErr@@YAXXZ         10b50e20 f   ErrorLog.obj
 0001:0004fe50       ??__Eg_linkMgr@@YAXXZ      10b50e50 f   LinkManager.obj
 0001:0004fe80       ??__Einitlocks@std@@YAXXZ  10b50e80 f   libcpmtd:xlock.obj
 0001:0004fea0       ??__FtheErr@@YAXXZ         10b50ea0 f   ErrorLog.obj
 0001:0004fec0       ??__Fg_linkMgr@@YAXXZ      10b50ec0 f   LinkManager.obj
 0001:0004fee0       ??__Finitlocks@std@@YAXXZ  10b50ee0 f   libcpmtd:xlock.obj
 0001:0004ff00       ??__Fnomem@?5???2@YAPAXI@Z@YAXXZ 10b50f00 f   LIBCMTD:new.obj
