 PMSConn

 Timestamp is 4b6bc52c (Fri Feb 05 16:13:48 2010)

 Preferred load address is 10b00000

 Start         Length     Name                   Class
 0001:00000000 00029a98H .text                   CODE
 0001:00029aa0 000016ceH .text$x                 CODE
 0001:0002b170 0000003cH .text$yc                CODE
 0001:0002b1b0 00000033H .text$yd                CODE
 0002:00000000 00000254H .idata$5                DATA
 0002:00000254 00000004H .CRT$XCA                DATA
 0002:00000258 00000008H .CRT$XCU                DATA
 0002:00000260 00000004H .CRT$XCZ                DATA
 0002:00000264 00000004H .CRT$XIA                DATA
 0002:00000268 00000010H .CRT$XIC                DATA
 0002:00000278 00000004H .CRT$XIZ                DATA
 0002:0000027c 00000004H .CRT$XPA                DATA
 0002:00000280 00000004H .CRT$XPX                DATA
 0002:00000284 00000004H .CRT$XPXA               DATA
 0002:00000288 00000004H .CRT$XPZ                DATA
 0002:0000028c 00000004H .CRT$XTA                DATA
 0002:00000290 00000004H .CRT$XTZ                DATA
 0002:000002a0 00002d20H .rdata                  DATA
 0002:00002fc0 0000005cH .rdata$debug            DATA
 0002:0000301c 00000dd4H .rdata$r                DATA
 0002:00003df0 00000204H .rdata$sxdata           DATA
 0002:00003ff4 00000004H .rtc$IAA                DATA
 0002:00003ff8 00000004H .rtc$IZZ                DATA
 0002:00003ffc 00000004H .rtc$TAA                DATA
 0002:00004000 00000004H .rtc$TZZ                DATA
 0002:00004008 0000225cH .xdata$x                DATA
 0002:00006264 00000078H .idata$2                DATA
 0002:000062dc 00000014H .idata$3                DATA
 0002:000062f0 00000254H .idata$4                DATA
 0002:00006544 0000080cH .idata$6                DATA
 0002:00006d50 00000115H .edata                  DATA
 0003:00000000 00001a50H .data                   DATA
 0003:00001a60 00001e8cH .bss                    DATA
 0004:00000000 00000058H .rsrc$01                DATA
 0004:00000060 00000318H .rsrc$02                DATA

  Address         Publics by Value              Rva+Base       Lib:Object

 0000:00000000       __except_list              00000000     <absolute>
 0000:00000081       ___safe_se_handler_count   00000081     <absolute>
 0000:00000000       ___ImageBase               10b00000     <linker-defined>
 0001:00000000       ??0CErrorLog@@QAE@XZ       10b01000 f   ErrorLog.obj
 0001:000001a0       ??1CErrorLog@@QAE@XZ       10b011a0 f   ErrorLog.obj
 0001:000001c0       ?LOG@CErrorLog@@QAAXHPADZZ 10b011c0 f   ErrorLog.obj
 0001:00000300       ?SetIsLog@CErrorLog@@QAEHXZ 10b01300 f   ErrorLog.obj
 0001:000003a0       ?NewLogFile@CErrorLog@@QAEXXZ 10b013a0 f   ErrorLog.obj
 0001:000003b0       ??0GCriticalSection@@QAE@XZ 10b013b0 f i ErrorLog.obj
 0001:000003d0       ??1GCriticalSection@@QAE@XZ 10b013d0 f i ErrorLog.obj
 0001:000003f0       ?rfind@?$basic_string@DU?$char_traits@D@std@@V?$allocator@D@2@@std@@QBEIDI@Z 10b013f0 f i ErrorLog.obj
 0001:00000410       ?substr@?$basic_string@DU?$char_traits@D@std@@V?$allocator@D@2@@std@@QBE?AV12@II@Z 10b01410 f i ErrorLog.obj
 0001:00000460       ??0?$basic_string@DU?$char_traits@D@std@@V?$allocator@D@2@@std@@QAE@ABV01@IIABV?$allocator@D@1@@Z 10b01460 f i ErrorLog.obj
 0001:000004b0       ?rfind@?$basic_string@DU?$char_traits@D@std@@V?$allocator@D@2@@std@@QBEIPBDII@Z 10b014b0 f i ErrorLog.obj
 0001:00000590       ?get_allocator@?$basic_string@DU?$char_traits@D@std@@V?$allocator@D@2@@std@@QBE?AV?$allocator@D@2@XZ 10b01590 f i ErrorLog.obj
 0001:00000590       ?get_allocator@?$basic_string@GU?$char_traits@G@std@@V?$allocator@G@2@@std@@QBE?AV?$allocator@G@2@XZ 10b01590 f i GString.obj
 0001:000005b0       ?eq@?$char_traits@D@std@@SA_NABD0@Z 10b015b0 f i ErrorLog.obj
 0001:000005d0       ?compare@?$char_traits@D@std@@SAHPBD0I@Z 10b015d0 f i ErrorLog.obj
 0001:000005f0       ??0GCRITICAL_SECTION@@QAE@K@Z 10b015f0 f i ErrorLog.obj
 0001:00000620       ??1GCRITICAL_SECTION@@QAE@XZ 10b01620 f i ErrorLog.obj
 0001:00000640       ??0?$basic_string@DU?$char_traits@D@std@@V?$allocator@D@2@@std@@QAE@PBD@Z 10b01640 f i ErrorLog.obj
 0001:00000680       ??1?$basic_string@DU?$char_traits@D@std@@V?$allocator@D@2@@std@@QAE@XZ 10b01680 f i ErrorLog.obj
 0001:000006a0       ?c_str@?$basic_string@DU?$char_traits@D@std@@V?$allocator@D@2@@std@@QBEPBDXZ 10b016a0 f i ErrorLog.obj
 0001:000006c0       ?assign@?$basic_string@DU?$char_traits@D@std@@V?$allocator@D@2@@std@@QAEAAV12@ABV12@II@Z 10b016c0 f i ErrorLog.obj
 0001:00000780       ?assign@?$basic_string@DU?$char_traits@D@std@@V?$allocator@D@2@@std@@QAEAAV12@PBD@Z 10b01780 f i ErrorLog.obj
 0001:000007b0       ?length@?$char_traits@D@std@@SAIPBD@Z 10b017b0 f i ErrorLog.obj
 0001:000007d0       ?assign@?$basic_string@DU?$char_traits@D@std@@V?$allocator@D@2@@std@@QAEAAV12@PBDI@Z 10b017d0 f i ErrorLog.obj
 0001:00000860       ?_Eos@?$basic_string@DU?$char_traits@D@std@@V?$allocator@D@2@@std@@IAEXI@Z 10b01860 f i ErrorLog.obj
 0001:000008a0       ?assign@?$char_traits@D@std@@SAXAADABD@Z 10b018a0 f i ErrorLog.obj
 0001:000008b0       ?_Grow@?$basic_string@DU?$char_traits@D@std@@V?$allocator@D@2@@std@@IAE_NI_N@Z 10b018b0 f i ErrorLog.obj
 0001:00000950       ?_Inside@?$basic_string@DU?$char_traits@D@std@@V?$allocator@D@2@@std@@IAE_NPBD@Z 10b01950 f i ErrorLog.obj
 0001:00000990       ?_Tidy@?$basic_string@DU?$char_traits@D@std@@V?$allocator@D@2@@std@@IAEX_NI@Z 10b01990 f i ErrorLog.obj
 0001:00000a10       ?_Myptr@?$basic_string@DU?$char_traits@D@std@@V?$allocator@D@2@@std@@IAEPADXZ 10b01a10 f i ErrorLog.obj
 0001:00000a10       ?_Myptr@?$basic_string@DU?$char_traits@D@std@@V?$allocator@D@2@@std@@IBEPBDXZ 10b01a10 f i ErrorLog.obj
 0001:00000a40       ?erase@?$basic_string@DU?$char_traits@D@std@@V?$allocator@D@2@@std@@QAEAAV12@II@Z 10b01a40 f i ErrorLog.obj
 0001:00000ae0       ?max_size@?$basic_string@DU?$char_traits@D@std@@V?$allocator@D@2@@std@@QBEIXZ 10b01ae0 f i ErrorLog.obj
 0001:00000b20       ?_Copy@?$basic_string@DU?$char_traits@D@std@@V?$allocator@D@2@@std@@IAEXII@Z 10b01b20 f i ErrorLog.obj
 0001:00000ca0       ?allocate@?$allocator@D@std@@QAEPADI@Z 10b01ca0 f i ErrorLog.obj
 0001:00000cc0       ?max_size@?$allocator@D@std@@QBEIXZ 10b01cc0 f i ErrorLog.obj
 0001:00000cf0       ??$copy_s@U?$char_traits@D@std@@@_Traits_helper@std@@YAPADPADIPBDI@Z 10b01cf0 f i ErrorLog.obj
 0001:00000d20       ??$move_s@U?$char_traits@D@std@@@_Traits_helper@std@@YAPADPADIPBDI@Z 10b01d20 f i ErrorLog.obj
 0001:00000d50       ??$_Allocate@D@std@@YAPADIPAD@Z 10b01d50 f i ErrorLog.obj
 0001:00000da0       ??0bad_alloc@std@@QAE@PBD@Z 10b01da0 f i ErrorLog.obj
 0001:00000dd0       ??1bad_alloc@std@@UAE@XZ   10b01dd0 f i ErrorLog.obj
 0001:00000df0       ??_Gbad_alloc@std@@UAEPAXI@Z 10b01df0 f i ErrorLog.obj
 0001:00000df0       ??_Ebad_alloc@std@@UAEPAXI@Z 10b01df0 f i ErrorLog.obj
 0001:00000e20       ??0bad_alloc@std@@QAE@ABV01@@Z 10b01e20 f i ErrorLog.obj
 0001:00000e50       ??$copy_s@U?$char_traits@D@std@@@_Traits_helper@std@@YAPADPADIPBDIU_Secure_char_traits_tag@1@@Z 10b01e50 f i ErrorLog.obj
 0001:00000e70       ?_Copy_s@?$char_traits@D@std@@SAPADPADIPBDI@Z 10b01e70 f i ErrorLog.obj
 0001:00000e90       ??$move_s@U?$char_traits@D@std@@@_Traits_helper@std@@YAPADPADIPBDIU_Secure_char_traits_tag@1@@Z 10b01e90 f i ErrorLog.obj
 0001:00000eb0       ?_Move_s@?$char_traits@D@std@@SAPADPADIPBDI@Z 10b01eb0 f i ErrorLog.obj
 0001:00000ed0       ?_ThreadRoutine@@YGKPAX@Z  10b01ed0 f   LinkManager.obj
 0001:00000ef0       ?GetOptValue@@YAPADHQAPADPBD@Z 10b01ef0 f   LinkManager.obj
 0001:00000f80       ?GetOptValueInt@@YAKHQAPADPBD@Z 10b01f80 f   LinkManager.obj
 0001:00000fc0       ?IsExsistOptValue@@YAHHQAPADPBD@Z 10b01fc0 f   LinkManager.obj
 0001:00001040       ?GetExecuteFileName@@YAXPAD@Z 10b02040 f   LinkManager.obj
 0001:000011b0       ??0CLinkManager@@QAE@XZ    10b021b0 f   LinkManager.obj
 0001:00001290       ??1CLinkManager@@UAE@XZ    10b02290 f   LinkManager.obj
 0001:00001310       ?Stop@CLinkManager@@QAEXXZ 10b02310 f   LinkManager.obj
 0001:00001450       ?Init@CLinkManager@@QAEKHQAPAD@Z 10b02450 f   LinkManager.obj
 0001:00001650       ?TryConnectToHA@CLinkManager@@AAEXXZ 10b02650 f   LinkManager.obj
 0001:00001cb0       ?Main@CLinkManager@@QAEKXZ 10b02cb0 f   LinkManager.obj
 0001:00001e10       ?Run@CLinkManager@@QAEKPAUIPMSObject@@@Z 10b02e10 f   LinkManager.obj
 0001:00001f30       ?_tcsstr@@YAPADPADPBD@Z    10b02f30 f i LinkManager.obj
 0001:00001f50       __tcsstr                   10b02f50 f i LinkManager.obj
 0001:00001f70       ?Lock@CLinkManager@@UBGXXZ 10b02f70 f i LinkManager.obj
 0001:00001f90       ?Unlock@CLinkManager@@UBGXXZ 10b02f90 f i LinkManager.obj
 0001:00001fb0       ??_ECLinkManager@@UAEPAXI@Z 10b02fb0 f i LinkManager.obj
 0001:00001fb0       ??_GCLinkManager@@UAEPAXI@Z 10b02fb0 f i LinkManager.obj
 0001:00001fe0       ??0?$AdlSocketSingleT@VGSocketHandler@@VGBufSocket@@VPayloadGS@@@@QAE@XZ 10b02fe0 f i LinkManager.obj
 0001:00002000       ??1?$AdlSocketSingleT@VGSocketHandler@@VGBufSocket@@VPayloadGS@@@@QAE@XZ 10b03000 f i LinkManager.obj
 0001:00002020       ??0_PMSConfig@@QAE@XZ      10b03020 f i LinkManager.obj
 0001:00002080       ??1_PMSConfig@@QAE@XZ      10b03080 f i LinkManager.obj
 0001:000020e0       ??0GSafeBufQ@@QAE@XZ       10b030e0 f i LinkManager.obj
 0001:00002150       ??0?$AdlSocketDispatcherImplT@V?$BufSocketSingleT@VGSocketHandler@@VGBufSocket@@@@VPayloadGS@@@@QAE@XZ 10b03150 f i LinkManager.obj
 0001:00002170       ??1?$AdlSocketDispatcherImplT@V?$BufSocketSingleT@VGSocketHandler@@VGBufSocket@@@@VPayloadGS@@@@QAE@XZ 10b03170 f i LinkManager.obj
 0001:00002190       ??0?$BufSocketSingleT@VGSocketHandler@@VGBufSocket@@@@QAE@XZ 10b03190 f i LinkManager.obj
 0001:000021b0       ??1?$BufSocketSingleT@VGSocketHandler@@VGBufSocket@@@@QAE@XZ 10b031b0 f i LinkManager.obj
 0001:000021d0       ??0?$BufSocketDispatcherImplT@V?$SocketSingleT@VGSocketHandler@@VGBufSocket@@@@@@QAE@XZ 10b031d0 f i LinkManager.obj
 0001:000021f0       ??1?$BufSocketDispatcherImplT@V?$SocketSingleT@VGSocketHandler@@VGBufSocket@@@@@@QAE@XZ 10b031f0 f i LinkManager.obj
 0001:00002210       ??0?$SocketSingleT@VGSocketHandler@@VGBufSocket@@@@QAE@XZ 10b03210 f i LinkManager.obj
 0001:00002280       ??1?$SocketSingleT@VGSocketHandler@@VGBufSocket@@@@QAE@XZ 10b03280 f i LinkManager.obj
 0001:000022e0       ??0?$SocketDispatcherT@VGSocketHandler@@VGBufSocket@@@@QAE@XZ 10b032e0 f i LinkManager.obj
 0001:00002300       ??1?$SocketDispatcherT@VGSocketHandler@@VGBufSocket@@@@QAE@XZ 10b03300 f i LinkManager.obj
 0001:00002320       ??0GSocketHandler@@QAE@XZ  10b03320 f i LinkManager.obj
 0001:00002350       ??1GSocketHandler@@QAE@XZ  10b03350 f i LinkManager.obj
 0001:00002370       ??1GSafeBufQ@@QAE@XZ       10b03370 f i LinkManager.obj
 0001:000023d0       ??0PMSNSAP@@QAE@XZ         10b033d0 f i LinkManager.obj
 0001:000023f0       ?Clear@PMSNSAP@@QAEXXZ     10b033f0 f i LinkManager.obj
 0001:00002410       ??0PayloadHA@@QAE@I@Z      10b03410 f i LinkManager.obj
 0001:00002800       ??0PMSAGSInitNtf@@QAE@XZ   10b03800 f i LinkManager.obj
 0001:00002870       ??1?$ArcVectorT@VPMSNSAP@@@@QAE@XZ 10b03870 f i LinkManager.obj
 0001:00002890       ?Clear@PMSAGSInitNtf@@QAEXXZ 10b03890 f i LinkManager.obj
 0001:000028e0       ??0PMSAInitFaultNtf@@QAE@XZ 10b038e0 f i LinkManager.obj
 0001:00002900       ??0PMSUnitID@@QAE@XZ       10b03900 f i LinkManager.obj
 0001:00002920       ?Clear@PMSUnitID@@UAEXXZ   10b03920 f i LinkManager.obj
 0001:00002950       ?Clear@PMSAInitFaultNtf@@QAEXXZ 10b03950 f i LinkManager.obj
 0001:00002980       ??0PMSAPerformAns@@QAE@XZ  10b03980 f i LinkManager.obj
 0001:000029a0       ??0PMSARegionInfoAns@@QAE@XZ 10b039a0 f i LinkManager.obj
 0001:000029a0       ??0PMSARegionInfoPCAns@@QAE@XZ 10b039a0 f i LinkManager.obj
 0001:000029c0       ??0PMSAOrderAns@@QAE@XZ    10b039c0 f i LinkManager.obj
 0001:00002a70       ??0PMSAWarningNtf@@QAE@XZ  10b03a70 f i LinkManager.obj
 0001:00002af0       ??0PMSAStatInfoPCAns@@QAE@XZ 10b03af0 f i LinkManager.obj
 0001:00002af0       ??0PMSAStatInfoAns@@QAE@XZ 10b03af0 f i LinkManager.obj
 0001:00002b10       ??1PayloadHA@@QAE@XZ       10b03b10 f i LinkManager.obj
 0001:00002b30       ?Destroy@PayloadHA@@QAEXXZ 10b03b30 f i LinkManager.obj
 0001:00002d60       ??_GPMSAGSInitNtf@@QAEPAXI@Z 10b03d60 f i LinkManager.obj
 0001:00002d90       ??_GPMSAPerformAns@@QAEPAXI@Z 10b03d90 f i LinkManager.obj
 0001:00002dc0       ??_GPMSAStatInfoPCAns@@QAEPAXI@Z 10b03dc0 f i LinkManager.obj
 0001:00002dc0       ??_GPMSAStatInfoAns@@QAEPAXI@Z 10b03dc0 f i LinkManager.obj
 0001:00002df0       ??_GPMSARegionInfoAns@@QAEPAXI@Z 10b03df0 f i LinkManager.obj
 0001:00002df0       ??_GPMSARegionInfoPCAns@@QAEPAXI@Z 10b03df0 f i LinkManager.obj
 0001:00002e20       ??_GPMSAOrderAns@@QAEPAXI@Z 10b03e20 f i LinkManager.obj
 0001:00002e50       ??_GPMSAWarningNtf@@QAEPAXI@Z 10b03e50 f i LinkManager.obj
 0001:00002e80       ??1PMSAGSInitNtf@@QAE@XZ   10b03e80 f i LinkManager.obj
 0001:00002ee0       ??1PMSAPerformAns@@QAE@XZ  10b03ee0 f i LinkManager.obj
 0001:00002f00       ??1?$ArcVectorT@J@@QAE@XZ  10b03f00 f i LinkManager.obj
 0001:00002f20       ??1PMSAStatInfoAns@@QAE@XZ 10b03f20 f i LinkManager.obj
 0001:00002f20       ??1PMSAStatInfoPCAns@@QAE@XZ 10b03f20 f i LinkManager.obj
 0001:00002f40       ??1?$ArcVectorT@VPMSStatBase@@@@QAE@XZ 10b03f40 f i LinkManager.obj
 0001:00002f60       ??1PMSARegionInfoAns@@QAE@XZ 10b03f60 f i LinkManager.obj
 0001:00002f60       ??1PMSARegionInfoPCAns@@QAE@XZ 10b03f60 f i LinkManager.obj
 0001:00002f80       ??1?$ArcVectorT@VPMSRegionInfo@@@@QAE@XZ 10b03f80 f i LinkManager.obj
 0001:00002fa0       ??1PMSAOrderAns@@QAE@XZ    10b03fa0 f i LinkManager.obj
 0001:00003020       ??1PMSAWarningNtf@@QAE@XZ  10b04020 f i LinkManager.obj
 0001:00003080       ?BeginThread@@YAPAXPAU_SECURITY_ATTRIBUTES@@KP6GKPAX@Z1KPAK@Z 10b04080 f i LinkManager.obj
 0001:000030b0       ?find_last_of@?$basic_string@DU?$char_traits@D@std@@V?$allocator@D@2@@std@@QBEIPBDI@Z 10b040b0 f i LinkManager.obj
 0001:000030e0       ??0?$ArcVectorT@J@@QAE@XZ  10b040e0 f i LinkManager.obj
 0001:00003100       ??0?$ArcVectorT@VPMSNSAP@@@@QAE@XZ 10b04100 f i LinkManager.obj
 0001:00003120       ??1?$vector@VPMSNSAP@@V?$allocator@VPMSNSAP@@@std@@@std@@QAE@XZ 10b04120 f i LinkManager.obj
 0001:00003180       ?push_back@?$vector@VPMSNSAP@@V?$allocator@VPMSNSAP@@@std@@@std@@QAEXABVPMSNSAP@@@Z 10b04180 f i LinkManager.obj
 0001:00003200       ?clear@?$vector@VPMSNSAP@@V?$allocator@VPMSNSAP@@@std@@@std@@QAEXXZ 10b04200 f i LinkManager.obj
 0001:00003260       ??0?$ArcVectorT@VPMSStatBase@@@@QAE@XZ 10b04260 f i LinkManager.obj
 0001:00003280       ??1?$vector@VPMSStatBase@@V?$allocator@VPMSStatBase@@@std@@@std@@QAE@XZ 10b04280 f i LinkManager.obj
 0001:000032e0       ??0?$ArcVectorT@VPMSRegionInfo@@@@QAE@XZ 10b042e0 f i LinkManager.obj
 0001:00003300       ??1?$vector@VPMSRegionInfo@@V?$allocator@VPMSRegionInfo@@@std@@@std@@QAE@XZ 10b04300 f i LinkManager.obj
 0001:00003360       ?OnReceive@?$AdlSocketDispatcherImplT@V?$BufSocketSingleT@VGSocketHandler@@VGBufSocket@@@@VPayloadGS@@@@MAEHPAVGBufSocket@@H@Z 10b04360 f i LinkManager.obj
 0001:000034c0       ??0PayloadGS@@QAE@XZ       10b044c0 f i LinkManager.obj
 0001:000034c0       ??0PMSAHeartBeatAns@@QAE@XZ 10b044c0 f i LinkManager.obj
 0001:000034c0       ??0PMSAAnnounceAns@@QAE@XZ 10b044c0 f i LinkManager.obj
 0001:000034f0       ??1PayloadGS@@QAE@XZ       10b044f0 f i LinkManager.obj
 0001:00003510       ?Destroy@PayloadGS@@QAEXXZ 10b04510 f i LinkManager.obj
 0001:00003620       ??_GPMSAAnnounceReq@@QAEPAXI@Z 10b04620 f i LinkManager.obj
 0001:00003650       ??_GPMSAOrderReq@@QAEPAXI@Z 10b04650 f i LinkManager.obj
 0001:00003680       ??1PMSAAnnounceReq@@QAE@XZ 10b04680 f i LinkManager.obj
 0001:000036a0       ??1PMSAOrderReq@@QAE@XZ    10b046a0 f i LinkManager.obj
 0001:00003710       ?OnSend@?$AdlSocketDispatcherImplT@V?$BufSocketSingleT@VGSocketHandler@@VGBufSocket@@@@VPayloadGS@@@@MAEHPAVGBufSocket@@H@Z 10b04710 f i LinkManager.obj
 0001:00003770       ?OnReceive@?$BufSocketDispatcherImplT@V?$SocketSingleT@VGSocketHandler@@VGBufSocket@@@@@@MAEHPAVGBufSocket@@H@Z 10b04770 f i LinkManager.obj
 0001:000037d0       ?OnSend@?$BufSocketDispatcherImplT@V?$SocketSingleT@VGSocketHandler@@VGBufSocket@@@@@@MAEHPAVGBufSocket@@H@Z 10b047d0 f i LinkManager.obj
 0001:00003830       ?GetSocket@?$SocketSingleT@VGSocketHandler@@VGBufSocket@@@@QAEPAVGBufSocket@@XZ 10b04830 f i LinkManager.obj
 0001:00003850       ?Attach@?$SocketSingleT@VGSocketHandler@@VGBufSocket@@@@IAEHPAVGBufSocket@@J@Z 10b04850 f i LinkManager.obj
 0001:00003890       ?Detach@?$SocketSingleT@VGSocketHandler@@VGBufSocket@@@@IAEPAVGBufSocket@@XZ 10b04890 f i LinkManager.obj
 0001:000038d0       ?Dispatch@?$SocketSingleT@VGSocketHandler@@VGBufSocket@@@@MAEXXZ 10b048d0 f i LinkManager.obj
 0001:00003910       ?DispatchSocket@?$SocketDispatcherT@VGSocketHandler@@VGBufSocket@@@@MAEXPAVGBufSocket@@@Z 10b04910 f i LinkManager.obj
 0001:000039b0       ?OnSocketNotify@?$SocketDispatcherT@VGSocketHandler@@VGBufSocket@@@@MAEHPAVGBufSocket@@JH@Z 10b049b0 f i LinkManager.obj
 0001:00003b80       ?OnReceive@?$SocketDispatcherT@VGSocketHandler@@VGBufSocket@@@@MAEHPAVGBufSocket@@H@Z 10b04b80 f i LinkManager.obj
 0001:00003bc0       ?OnSend@?$SocketDispatcherT@VGSocketHandler@@VGBufSocket@@@@MAEHPAVGBufSocket@@H@Z 10b04bc0 f i LinkManager.obj
 0001:00003c00       ?OnOOB@?$SocketDispatcherT@VGSocketHandler@@VGBufSocket@@@@MAEHPAVGBufSocket@@H@Z 10b04c00 f i LinkManager.obj
 0001:00003c40       ?OnAccept@?$SocketDispatcherT@VGSocketHandler@@VGBufSocket@@@@MAEHPAVGBufSocket@@H@Z 10b04c40 f i LinkManager.obj
 0001:00003c80       ?OnConnect@?$SocketDispatcherT@VGSocketHandler@@VGBufSocket@@@@MAEHPAVGBufSocket@@H@Z 10b04c80 f i LinkManager.obj
 0001:00003cc0       ?OnClose@?$SocketDispatcherT@VGSocketHandler@@VGBufSocket@@@@MAEHPAVGBufSocket@@H@Z 10b04cc0 f i LinkManager.obj
 0001:00003cf0       ?OnQOS@?$SocketDispatcherT@VGSocketHandler@@VGBufSocket@@@@MAEHPAVGBufSocket@@H@Z 10b04cf0 f i LinkManager.obj
 0001:00003d30       ?OnGroupQOS@?$SocketDispatcherT@VGSocketHandler@@VGBufSocket@@@@MAEHPAVGBufSocket@@H@Z 10b04d30 f i LinkManager.obj
 0001:00003d70       ?OnRoutingInterfaceChange@?$SocketDispatcherT@VGSocketHandler@@VGBufSocket@@@@MAEHPAVGBufSocket@@H@Z 10b04d70 f i LinkManager.obj
 0001:00003db0       ?OnAddressListChange@?$SocketDispatcherT@VGSocketHandler@@VGBufSocket@@@@MAEHPAVGBufSocket@@H@Z 10b04db0 f i LinkManager.obj
 0001:00003df0       ?OnError@?$SocketDispatcherT@VGSocketHandler@@VGBufSocket@@@@MAEHPAVGBufSocket@@JH@Z 10b04df0 f i LinkManager.obj
 0001:00003e00       ??0?$AutoPtrT@VGBufSocket@@@@QAE@PAVGBufSocket@@@Z 10b04e00 f i LinkManager.obj
 0001:00003e00       ??0_Aux_cont@std@@QAE@QBV_Container_base_aux@1@@Z 10b04e00 f i LinkManager.obj
 0001:00003e20       ??1?$AutoPtrT@VGBufSocket@@@@QAE@XZ 10b04e20 f i LinkManager.obj
 0001:00003e70       ??0?$ObjLockT@VCLinkManager@@@@QAE@QBVCLinkManager@@H@Z 10b04e70 f i LinkManager.obj
 0001:00003eb0       ??1?$ObjLockT@VCLinkManager@@@@QAE@XZ 10b04eb0 f i LinkManager.obj
 0001:00003ee0       ??1?$_Vector_val@PAVGSyncObj@@V?$allocator@PAVGSyncObj@@@std@@@std@@QAE@XZ 10b04ee0 f i GKernelObj.obj
 0001:00003ee0       ??1?$_Vector_val@VPMSRegionInfo@@V?$allocator@VPMSRegionInfo@@@std@@@std@@QAE@XZ 10b04ee0 f i LinkManager.obj
 0001:00003ee0       ??1?$_Vector_val@JV?$allocator@J@std@@@std@@QAE@XZ 10b04ee0 f i LinkManager.obj
 0001:00003ee0       ??1?$_Vector_val@VPMSStatBase@@V?$allocator@VPMSStatBase@@@std@@@std@@QAE@XZ 10b04ee0 f i LinkManager.obj
 0001:00003ee0       ??1?$_List_nod@VGBuf@@V?$allocator@VGBuf@@@std@@@std@@QAE@XZ 10b04ee0 f i LinkManager.obj
 0001:00003ee0       ??1?$_Vector_val@VPMSNSAP@@V?$allocator@VPMSNSAP@@@std@@@std@@QAE@XZ 10b04ee0 f i LinkManager.obj
 0001:00003f00       ?find_last_of@?$basic_string@DU?$char_traits@D@std@@V?$allocator@D@2@@std@@QBEIPBDII@Z 10b04f00 f i LinkManager.obj
 0001:00003fa0       ?find@?$char_traits@D@std@@SAPBDPBDIABD@Z 10b04fa0 f i LinkManager.obj
 0001:00003fc0       ??0?$vector@PAVGSyncObj@@V?$allocator@PAVGSyncObj@@@std@@@std@@QAE@XZ 10b04fc0 f i GKernelObj.obj
 0001:00003fc0       ??0?$vector@JV?$allocator@J@std@@@std@@QAE@XZ 10b04fc0 f i LinkManager.obj
 0001:00004030       ??1?$_Container_base_aux_alloc_real@V?$allocator@VPMSStatBase@@@std@@@std@@IAE@XZ 10b05030 f i LinkManager.obj
 0001:00004030       ??1?$_Container_base_aux_alloc_real@V?$allocator@VPMSNSAP@@@std@@@std@@IAE@XZ 10b05030 f i LinkManager.obj
 0001:00004030       ??1?$_Container_base_aux_alloc_real@V?$allocator@J@std@@@std@@IAE@XZ 10b05030 f i LinkManager.obj
 0001:00004030       ??1?$_Container_base_aux_alloc_real@V?$allocator@VPMSRegionInfo@@@std@@@std@@IAE@XZ 10b05030 f i LinkManager.obj
 0001:00004030       ??1?$_Container_base_aux_alloc_real@V?$allocator@VGBuf@@@std@@@std@@IAE@XZ 10b05030 f i LinkManager.obj
 0001:00004030       ??1?$_Container_base_aux_alloc_real@V?$allocator@PAVGSyncObj@@@std@@@std@@IAE@XZ 10b05030 f i GKernelObj.obj
 0001:00004090       ??0?$vector@VPMSNSAP@@V?$allocator@VPMSNSAP@@@std@@@std@@QAE@XZ 10b05090 f i LinkManager.obj
 0001:00004100       ?capacity@?$vector@VPMSNSAP@@V?$allocator@VPMSNSAP@@@std@@@std@@QBEIXZ 10b05100 f i LinkManager.obj
 0001:00004140       ?begin@?$vector@VPMSRegionInfo@@V?$allocator@VPMSRegionInfo@@@std@@@std@@QAE?AV?$_Vector_iterator@VPMSRegionInfo@@V?$allocator@VPMSRegionInfo@@@std@@@2@XZ 10b05140 f i LinkManagerMsg.obj
 0001:00004140       ?begin@?$vector@PAVGSyncObj@@V?$allocator@PAVGSyncObj@@@std@@@std@@QAE?AV?$_Vector_iterator@PAVGSyncObj@@V?$allocator@PAVGSyncObj@@@std@@@2@XZ 10b05140 f i GKernelObj.obj
 0001:00004140       ?begin@?$vector@VPMSStatBase@@V?$allocator@VPMSStatBase@@@std@@@std@@QAE?AV?$_Vector_iterator@VPMSStatBase@@V?$allocator@VPMSStatBase@@@std@@@2@XZ 10b05140 f i LinkManagerMsg.obj
 0001:00004140       ?begin@?$vector@VPMSNSAP@@V?$allocator@VPMSNSAP@@@std@@@std@@QAE?AV?$_Vector_iterator@VPMSNSAP@@V?$allocator@VPMSNSAP@@@std@@@2@XZ 10b05140 f i LinkManager.obj
 0001:00004140       ?begin@?$vector@PAXV?$allocator@PAX@std@@@std@@QAE?AV?$_Vector_iterator@PAXV?$allocator@PAX@std@@@2@XZ 10b05140 f i GKernelObj.obj
 0001:00004140       ?begin@?$vector@JV?$allocator@J@std@@@std@@QAE?AV?$_Vector_iterator@JV?$allocator@J@std@@@2@XZ 10b05140 f i LinkManagerMsg.obj
 0001:00004170       ?size@?$vector@VPMSNSAP@@V?$allocator@VPMSNSAP@@@std@@@std@@QBEIXZ 10b05170 f i LinkManager.obj
 0001:00004190       ?insert@?$vector@VPMSNSAP@@V?$allocator@VPMSNSAP@@@std@@@std@@QAE?AV?$_Vector_iterator@VPMSNSAP@@V?$allocator@VPMSNSAP@@@std@@@2@V?$_Vector_const_iterator@VPMSNSAP@@V?$allocator@VPMSNSAP@@@std@@@2@ABVPMSNSAP@@@Z 10b05190 f i LinkManager.obj
 0001:00004210       ?erase@?$vector@VPMSNSAP@@V?$allocator@VPMSNSAP@@@std@@@std@@QAE?AV?$_Vector_iterator@VPMSNSAP@@V?$allocator@VPMSNSAP@@@std@@@2@V?$_Vector_const_iterator@VPMSNSAP@@V?$allocator@VPMSNSAP@@@std@@@2@0@Z 10b05210 f i LinkManager.obj
 0001:000042b0       ?_Tidy@?$vector@VPMSNSAP@@V?$allocator@VPMSNSAP@@@std@@@std@@IAEXXZ 10b052b0 f i LinkManager.obj
 0001:00004320       ?_Ufill@?$vector@VPMSNSAP@@V?$allocator@VPMSNSAP@@@std@@@std@@IAEPAVPMSNSAP@@PAV3@IABV3@@Z 10b05320 f i LinkManager.obj
 0001:00004360       ??0?$vector@VPMSStatBase@@V?$allocator@VPMSStatBase@@@std@@@std@@QAE@XZ 10b05360 f i LinkManager.obj
 0001:000043d0       ?_Tidy@?$vector@VPMSStatBase@@V?$allocator@VPMSStatBase@@@std@@@std@@IAEXXZ 10b053d0 f i LinkManager.obj
 0001:00004440       ??0?$vector@VPMSRegionInfo@@V?$allocator@VPMSRegionInfo@@@std@@@std@@QAE@XZ 10b05440 f i LinkManager.obj
 0001:000044b0       ?_Tidy@?$vector@VPMSRegionInfo@@V?$allocator@VPMSRegionInfo@@@std@@@std@@IAEXXZ 10b054b0 f i LinkManager.obj
 0001:00004530       ??B?$AutoPtrT@VGBufSocket@@@@QBEPAVGBufSocket@@XZ 10b05530 f i LinkManager.obj
 0001:00004530       ?_Getcont@_Aux_cont@std@@QBEPBV_Container_base_aux@2@XZ 10b05530 f i LinkManager.obj
 0001:00004530       ??BGBuf@@QBEPAUIXBuf@@XZ   10b05530 f i LinkManager.obj
 0001:00004530       ??C?$AutoPtrT@VGBufSocket@@@@QBEPAVGBufSocket@@XZ 10b05530 f i LinkManager.obj
 0001:00004530       ?c_str@astring@@QBEPBDXZ   10b05530 f i GAdlUtl.obj
 0001:00004540       ??4?$AutoPtrT@VGBufSocket@@@@QAEPAVGBufSocket@@PAV1@@Z 10b05540 f i LinkManager.obj
 0001:00004560       ?Detach@?$AutoPtrT@VGBufSocket@@@@QAEPAVGBufSocket@@XZ 10b05560 f i LinkManager.obj
 0001:00004590       ?deallocate@?$allocator@PAX@std@@QAEXPAPAXI@Z 10b05590 f i GKernelObj.obj
 0001:00004590       ?deallocate@?$allocator@U_Node@?$_List_nod@VGBuf@@V?$allocator@VGBuf@@@std@@@std@@@std@@QAEXPAU_Node@?$_List_nod@VGBuf@@V?$allocator@VGBuf@@@std@@@2@I@Z 10b05590 f i LinkManager.obj
 0001:00004590       ?deallocate@?$allocator@D@std@@QAEXPADI@Z 10b05590 f i ErrorLog.obj
 0001:00004590       ?deallocate@?$allocator@G@std@@QAEXPAGI@Z 10b05590 f i GAdlUtl.obj
 0001:00004590       ?deallocate@?$allocator@VPMSStatBase@@@std@@QAEXPAVPMSStatBase@@I@Z 10b05590 f i LinkManager.obj
 0001:00004590       ?deallocate@?$allocator@PAVGSyncObj@@@std@@QAEXPAPAVGSyncObj@@I@Z 10b05590 f i GKernelObj.obj
 0001:00004590       ?deallocate@?$allocator@VPMSNSAP@@@std@@QAEXPAVPMSNSAP@@I@Z 10b05590 f i LinkManager.obj
 0001:00004590       ?deallocate@?$allocator@V_Aux_cont@std@@@std@@QAEXPAV_Aux_cont@2@I@Z 10b05590 f i LinkManager.obj
 0001:00004590       ?deallocate@?$allocator@VPMSRegionInfo@@@std@@QAEXPAVPMSRegionInfo@@I@Z 10b05590 f i LinkManager.obj
 0001:00004590       ?deallocate@?$allocator@J@std@@QAEXPAJI@Z 10b05590 f i LinkManager.obj
 0001:000045b0       ?_Make_iter@?$vector@JV?$allocator@J@std@@@std@@QBE?AV?$_Vector_iterator@JV?$allocator@J@std@@@2@V?$_Vector_const_iterator@JV?$allocator@J@std@@@2@@Z 10b055b0 f i LinkManagerMsg.obj
 0001:000045b0       ?_Make_iter@?$vector@PAXV?$allocator@PAX@std@@@std@@QBE?AV?$_Vector_iterator@PAXV?$allocator@PAX@std@@@2@V?$_Vector_const_iterator@PAXV?$allocator@PAX@std@@@2@@Z 10b055b0 f i GKernelObj.obj
 0001:000045b0       ?_Make_iter@?$vector@PAVGSyncObj@@V?$allocator@PAVGSyncObj@@@std@@@std@@QBE?AV?$_Vector_iterator@PAVGSyncObj@@V?$allocator@PAVGSyncObj@@@std@@@2@V?$_Vector_const_iterator@PAVGSyncObj@@V?$allocator@PAVGSyncObj@@@std@@@2@@Z 10b055b0 f i GKernelObj.obj
 0001:000045b0       ?_Make_iter@?$vector@VPMSNSAP@@V?$allocator@VPMSNSAP@@@std@@@std@@QBE?AV?$_Vector_iterator@VPMSNSAP@@V?$allocator@VPMSNSAP@@@std@@@2@V?$_Vector_const_iterator@VPMSNSAP@@V?$allocator@VPMSNSAP@@@std@@@2@@Z 10b055b0 f i LinkManager.obj
 0001:000045d0       ?_Buy@?$vector@VPMSNSAP@@V?$allocator@VPMSNSAP@@@std@@@std@@IAE_NI@Z 10b055d0 f i LinkManager.obj
 0001:00004650       ?_Destroy@?$vector@VPMSNSAP@@V?$allocator@VPMSNSAP@@@std@@@std@@IAEXPAVPMSNSAP@@0@Z 10b05650 f i LinkManager.obj
 0001:00004680       ?_Insert_n@?$vector@VPMSNSAP@@V?$allocator@VPMSNSAP@@@std@@@std@@IAEXV?$_Vector_const_iterator@VPMSNSAP@@V?$allocator@VPMSNSAP@@@std@@@2@IABVPMSNSAP@@@Z 10b05680 f i LinkManager.obj
 0001:00004a30       ??4PMSNSAP@@QAEAAV0@ABV0@@Z 10b05a30 f i LinkManager.obj
 0001:00004a30       ??0PMSNSAP@@QAE@ABV0@@Z    10b05a30 f i LinkManager.obj
 0001:00004a50       ?_Buy@?$vector@VPMSStatBase@@V?$allocator@VPMSStatBase@@@std@@@std@@IAE_NI@Z 10b05a50 f i LinkManager.obj
 0001:00004ad0       ?_Destroy@?$vector@VPMSStatBase@@V?$allocator@VPMSStatBase@@@std@@@std@@IAEXPAVPMSStatBase@@0@Z 10b05ad0 f i LinkManager.obj
 0001:00004b00       ?_Buy@?$vector@VPMSRegionInfo@@V?$allocator@VPMSRegionInfo@@@std@@@std@@IAE_NI@Z 10b05b00 f i LinkManager.obj
 0001:00004b80       ?_Destroy@?$vector@VPMSRegionInfo@@V?$allocator@VPMSRegionInfo@@@std@@@std@@IAEXPAVPMSRegionInfo@@0@Z 10b05b80 f i LinkManager.obj
 0001:00004bb0       ??0?$allocator@J@std@@QAE@XZ 10b05bb0 f i LinkManager.obj
 0001:00004bb0       ??0?$allocator@VPMSRegionInfo@@@std@@QAE@XZ 10b05bb0 f i LinkManager.obj
 0001:00004bb0       ??0PMSARegionInfoReq@@QAE@XZ 10b05bb0 f i LinkManager.obj
 0001:00004bb0       ??0_Container_base_aux@std@@QAE@XZ 10b05bb0 f i LinkManager.obj
 0001:00004bb0       ??0?$allocator@D@std@@QAE@XZ 10b05bb0 f i ErrorLog.obj
 0001:00004bb0       ??0?$allocator@VGBuf@@@std@@QAE@XZ 10b05bb0 f i LinkManager.obj
 0001:00004bb0       ??0?$allocator@G@std@@QAE@XZ 10b05bb0 f i GAdlUtl.obj
 0001:00004bb0       ??0?$allocator@VPMSNSAP@@@std@@QAE@XZ 10b05bb0 f i LinkManager.obj
 0001:00004bb0       ??0PMSAStatInfoReq@@QAE@XZ 10b05bb0 f i LinkManager.obj
 0001:00004bb0       ??0?$allocator@PAVGSyncObj@@@std@@QAE@XZ 10b05bb0 f i GKernelObj.obj
 0001:00004bb0       ??0PMSAPerformReq@@QAE@XZ  10b05bb0 f i LinkManager.obj
 0001:00004bb0       ??0?$allocator@VPMSStatBase@@@std@@QAE@XZ 10b05bb0 f i LinkManager.obj
 0001:00004bc0       ?PtrAssign@?$AutoPtrT@VGBufSocket@@@@KGPAVGBufSocket@@PAPAV2@PAV2@@Z 10b05bc0 f i LinkManager.obj
 0001:00004c20       ??H?$_Vector_iterator@VPMSNSAP@@V?$allocator@VPMSNSAP@@@std@@@std@@QBE?AV01@H@Z 10b05c20 f i LinkManager.obj
 0001:00004c60       ??G?$_Vector_const_iterator@VPMSNSAP@@V?$allocator@VPMSNSAP@@@std@@@std@@QBEHABV01@@Z 10b05c60 f i LinkManager.obj
 0001:00004cb0       ?_Has_container@_Iterator_base_secure@std@@QBE_NXZ 10b05cb0 f i LinkManagerMsg.obj
 0001:00004cb0       ?_Has_container@_Iterator_base_aux@std@@QBE_NXZ 10b05cb0 f i LinkManager.obj
 0001:00004cd0       ??0length_error@std@@QAE@ABV?$basic_string@DU?$char_traits@D@std@@V?$allocator@D@2@@1@@Z 10b05cd0 f i LinkManager.obj
 0001:00004d00       ??0logic_error@std@@QAE@ABV?$basic_string@DU?$char_traits@D@std@@V?$allocator@D@2@@1@@Z 10b05d00 f i LinkManager.obj
 0001:00004d70       ?what@logic_error@std@@UBEPBDXZ 10b05d70 f i LinkManager.obj
 0001:00004d90       ??_Elogic_error@std@@UAEPAXI@Z 10b05d90 f i LinkManager.obj
 0001:00004d90       ??_Glogic_error@std@@UAEPAXI@Z 10b05d90 f i LinkManager.obj
 0001:00004dc0       ??1logic_error@std@@UAE@XZ 10b05dc0 f i LinkManager.obj
 0001:00004df0       ??1length_error@std@@UAE@XZ 10b05df0 f i LinkManager.obj
 0001:00004e10       ??_Elength_error@std@@UAEPAXI@Z 10b05e10 f i LinkManager.obj
 0001:00004e10       ??_Glength_error@std@@UAEPAXI@Z 10b05e10 f i LinkManager.obj
 0001:00004e40       ??2@YAPAXIPAX@Z            10b05e40 f i LinkManager.obj
 0001:00004e50       ?allocate@?$allocator@V_Aux_cont@std@@@std@@QAEPAV_Aux_cont@2@I@Z 10b05e50 f i LinkManager.obj
 0001:00004e50       ?allocate@?$allocator@PAX@std@@QAEPAPAXI@Z 10b05e50 f i GKernelObj.obj
 0001:00004e50       ?allocate@?$allocator@J@std@@QAEPAJI@Z 10b05e50 f i LinkManager.obj
 0001:00004e50       ?allocate@?$allocator@PAVGSyncObj@@@std@@QAEPAPAVGSyncObj@@I@Z 10b05e50 f i GKernelObj.obj
 0001:00004e70       ?max_size@?$vector@VPMSNSAP@@V?$allocator@VPMSNSAP@@@std@@@std@@QBEIXZ 10b05e70 f i LinkManager.obj
 0001:00004e90       ?allocate@?$allocator@VPMSNSAP@@@std@@QAEPAVPMSNSAP@@I@Z 10b05e90 f i LinkManager.obj
 0001:00004eb0       ?max_size@?$vector@VPMSStatBase@@V?$allocator@VPMSStatBase@@@std@@@std@@QBEIXZ 10b05eb0 f i LinkManager.obj
 0001:00004ed0       ??0logic_error@std@@QAE@ABV01@@Z 10b05ed0 f i LinkManager.obj
 0001:00004f40       ?allocate@?$allocator@VPMSStatBase@@@std@@QAEPAVPMSStatBase@@I@Z 10b05f40 f i LinkManager.obj
 0001:00004f60       ?max_size@?$vector@VPMSRegionInfo@@V?$allocator@VPMSRegionInfo@@@std@@@std@@QBEIXZ 10b05f60 f i LinkManager.obj
 0001:00004f80       ?allocate@?$allocator@VPMSRegionInfo@@@std@@QAEPAVPMSRegionInfo@@I@Z 10b05f80 f i LinkManager.obj
 0001:00004fa0       ??Y?$_Vector_iterator@VPMSNSAP@@V?$allocator@VPMSNSAP@@@std@@@std@@QAEAAV01@H@Z 10b05fa0 f i LinkManager.obj
 0001:00004fc0       ?_Set_container@_Iterator_base_aux@std@@QAEXQBV_Container_base_aux@2@@Z 10b05fc0 f i LinkManager.obj
 0001:00004fe0       ?max_size@?$allocator@VPMSNSAP@@@std@@QBEIXZ 10b05fe0 f i LinkManager.obj
 0001:00005010       ?max_size@?$allocator@VPMSStatBase@@@std@@QBEIXZ 10b06010 f i LinkManager.obj
 0001:00005040       ?max_size@?$allocator@VPMSRegionInfo@@@std@@QBEIXZ 10b06040 f i LinkManager.obj
 0001:00005070       ??Y?$_Vector_const_iterator@VPMSNSAP@@V?$allocator@VPMSNSAP@@@std@@@std@@QAEAAV01@H@Z 10b06070 f i LinkManager.obj
 0001:000050f0       ?_Getmycont@_Iterator_base_aux@std@@QBEPBV_Container_base_aux@2@XZ 10b060f0 f i LinkManager.obj
 0001:00005120       ??$LStore@VPayloadHA@@@@YAHPAUIXBuf@@ABVPayloadHA@@@Z 10b06120 f i LinkManager.obj
 0001:000051b0       ?BStore@@YAHPAUIXBuf@@ABVPayloadHA@@@Z 10b061b0 f i LinkManager.obj
 0001:000051d0       ?BStore@PayloadHA@@QBEHPAUIXBuf@@@Z 10b061d0 f i LinkManager.obj
 0001:000053c0       ?BStore@@YAHPAUIXBuf@@ABVPMSAGSInitNtf@@@Z 10b063c0 f i LinkManager.obj
 0001:000053e0       ?BStore@PMSAGSInitNtf@@QBEHPAUIXBuf@@@Z 10b063e0 f i LinkManager.obj
 0001:000054a0       ?BStore@@YAHPAUIXBuf@@ABVPMSAInitFaultNtf@@@Z 10b064a0 f i LinkManager.obj
 0001:000054c0       ?BStore@PMSAInitFaultNtf@@QBEHPAUIXBuf@@@Z 10b064c0 f i LinkManager.obj
 0001:00005510       ?BStore@@YAHPAUIXBuf@@ABVPMSUnitID@@@Z 10b06510 f i LinkManager.obj
 0001:00005530       ?BStore@PMSUnitID@@QBEHPAUIXBuf@@@Z 10b06530 f i LinkManager.obj
 0001:000055a0       ?BStore@@YAHPAUIXBuf@@ABVPMSAPerformAns@@@Z 10b065a0 f i LinkManager.obj
 0001:000055c0       ?BStore@PMSAPerformAns@@QBEHPAUIXBuf@@@Z 10b065c0 f i LinkManager.obj
 0001:000055f0       ?BStore@@YAHPAUIXBuf@@ABVPMSAHeartBeatAns@@@Z 10b065f0 f i LinkManager.obj
 0001:00005610       ?BStore@PMSAHeartBeatAns@@QBEHPAUIXBuf@@@Z 10b06610 f i LinkManager.obj
 0001:00005660       ?BStore@@YAHPAUIXBuf@@ABVPMSAStatInfoAns@@@Z 10b06660 f i LinkManager.obj
 0001:00005660       ?BStore@@YAHPAUIXBuf@@ABVPMSAStatInfoPCAns@@@Z 10b06660 f i LinkManager.obj
 0001:00005680       ?BStore@PMSAStatInfoPCAns@@QBEHPAUIXBuf@@@Z 10b06680 f i LinkManager.obj
 0001:00005680       ?BStore@PMSAStatInfoAns@@QBEHPAUIXBuf@@@Z 10b06680 f i LinkManager.obj
 0001:000056b0       ?BStore@@YAHPAUIXBuf@@ABVPMSARegionInfoAns@@@Z 10b066b0 f i LinkManager.obj
 0001:000056b0       ?BStore@@YAHPAUIXBuf@@ABVPMSARegionInfoPCAns@@@Z 10b066b0 f i LinkManager.obj
 0001:000056d0       ?BStore@PMSARegionInfoPCAns@@QBEHPAUIXBuf@@@Z 10b066d0 f i LinkManager.obj
 0001:000056d0       ?BStore@PMSARegionInfoAns@@QBEHPAUIXBuf@@@Z 10b066d0 f i LinkManager.obj
 0001:00005700       ?BStore@@YAHPAUIXBuf@@ABVPMSAOrderAns@@@Z 10b06700 f i LinkManager.obj
 0001:00005720       ?BStore@PMSAOrderAns@@QBEHPAUIXBuf@@@Z 10b06720 f i LinkManager.obj
 0001:00005800       ?BStore@@YAHPAUIXBuf@@ABVPMSAWarningNtf@@@Z 10b06800 f i LinkManager.obj
 0001:00005820       ?BStore@PMSAWarningNtf@@QBEHPAUIXBuf@@@Z 10b06820 f i LinkManager.obj
 0001:000058a0       ??$BStore@J@@YAHPAUIXBuf@@ABV?$ArcVectorT@J@@@Z 10b068a0 f i LinkManager.obj
 0001:000058c0       ??$BStore@VPMSNSAP@@@@YAHPAUIXBuf@@ABV?$ArcVectorT@VPMSNSAP@@@@@Z 10b068c0 f i LinkManager.obj
 0001:000058e0       ??$BStore@VPMSStatBase@@@@YAHPAUIXBuf@@ABV?$ArcVectorT@VPMSStatBase@@@@@Z 10b068e0 f i LinkManager.obj
 0001:00005900       ??$BStore@VPMSRegionInfo@@@@YAHPAUIXBuf@@ABV?$ArcVectorT@VPMSRegionInfo@@@@@Z 10b06900 f i LinkManager.obj
 0001:00005920       ??$LLoad@VPayloadGS@@@@YAHAAVPayloadGS@@PAUIXBuf@@@Z 10b06920 f i LinkManager.obj
 0001:000059f0       ?BLoad@@YAHAAVPayloadGS@@PAUIXBuf@@@Z 10b069f0 f i LinkManager.obj
 0001:00005a10       ?BLoad@PayloadGS@@QAEHPAUIXBuf@@@Z 10b06a10 f i LinkManager.obj
 0001:00005d20       ?BLoad@@YAHAAVPMSAHeartBeatReq@@PAUIXBuf@@@Z 10b06d20 f i LinkManager.obj
 0001:00005d40       ?BLoad@PMSAHeartBeatReq@@QAEHPAUIXBuf@@@Z 10b06d40 f i LinkManager.obj
 0001:00005d70       ?BLoad@@YAHAAVPMSAPerformReq@@PAUIXBuf@@@Z 10b06d70 f i LinkManager.obj
 0001:00005d70       ?BLoad@@YAHAAVPMSAStatInfoReq@@PAUIXBuf@@@Z 10b06d70 f i LinkManager.obj
 0001:00005d70       ?BLoad@@YAHAAVPMSARegionInfoReq@@PAUIXBuf@@@Z 10b06d70 f i LinkManager.obj
 0001:00005d90       ?BLoad@PMSARegionInfoReq@@QAEHPAUIXBuf@@@Z 10b06d90 f i LinkManager.obj
 0001:00005d90       ?BLoad@PMSAPerformReq@@QAEHPAUIXBuf@@@Z 10b06d90 f i LinkManager.obj
 0001:00005d90       ?BLoad@PMSAStatInfoReq@@QAEHPAUIXBuf@@@Z 10b06d90 f i LinkManager.obj
 0001:00005db0       ??0PMSAAnnounceReq@@QAE@XZ 10b06db0 f i LinkManager.obj
 0001:00005e20       ?BLoad@@YAHAAVPMSAAnnounceReq@@PAUIXBuf@@@Z 10b06e20 f i LinkManager.obj
 0001:00005e40       ?BLoad@PMSAAnnounceReq@@QAEHPAUIXBuf@@@Z 10b06e40 f i LinkManager.obj
 0001:00005e90       ?BLoad@@YAHAAVPMSUnitID@@PAUIXBuf@@@Z 10b06e90 f i LinkManager.obj
 0001:00005eb0       ?BLoad@PMSUnitID@@QAEHPAUIXBuf@@@Z 10b06eb0 f i LinkManager.obj
 0001:00005f20       ??0PMSAOrderReq@@QAE@XZ    10b06f20 f i LinkManager.obj
 0001:00005fa0       ?BLoad@@YAHAAVPMSAOrderReq@@PAUIXBuf@@@Z 10b06fa0 f i LinkManager.obj
 0001:00005fc0       ?BLoad@PMSAOrderReq@@QAEHPAUIXBuf@@@Z 10b06fc0 f i LinkManager.obj
 0001:00006080       ??$unchecked_copy@PAVPMSNSAP@@PAV1@@stdext@@YAPAVPMSNSAP@@PAV1@00@Z 10b07080 f i LinkManager.obj
 0001:000060f0       ??$unchecked_uninitialized_fill_n@PAVPMSNSAP@@IV1@V?$allocator@VPMSNSAP@@@std@@@stdext@@YAXPAVPMSNSAP@@IABV1@AAV?$allocator@VPMSNSAP@@@std@@@Z 10b070f0 f i LinkManager.obj
 0001:00006140       ??$_Destroy_range@V?$allocator@VPMSNSAP@@@std@@@std@@YAXPAVPMSNSAP@@0AAV?$allocator@VPMSNSAP@@@0@@Z 10b07140 f i LinkManager.obj
 0001:00006180       ??$_Umove@PAVPMSNSAP@@@?$vector@VPMSNSAP@@V?$allocator@VPMSNSAP@@@std@@@std@@IAEPAVPMSNSAP@@PAV2@00@Z 10b07180 f i LinkManager.obj
 0001:000061b0       ??$fill@PAVPMSNSAP@@V1@@std@@YAXPAVPMSNSAP@@0ABV1@@Z 10b071b0 f i LinkManager.obj
 0001:000061e0       ??$_Unchecked_move_backward@PAVPMSNSAP@@PAV1@@stdext@@YAPAVPMSNSAP@@PAV1@00@Z 10b071e0 f i LinkManager.obj
 0001:00006250       ??$_Destroy_range@V?$allocator@VPMSStatBase@@@std@@@std@@YAXPAVPMSStatBase@@0AAV?$allocator@VPMSStatBase@@@0@@Z 10b07250 f i LinkManager.obj
 0001:00006290       ??$_Destroy_range@V?$allocator@VPMSRegionInfo@@@std@@@std@@YAXPAVPMSRegionInfo@@0AAV?$allocator@VPMSRegionInfo@@@0@@Z 10b07290 f i LinkManager.obj
 0001:000062d0       ??$_Allocate@PAVGSyncObj@@@std@@YAPAPAVGSyncObj@@IPAPAV1@@Z 10b072d0 f i GKernelObj.obj
 0001:000062d0       ??$_Allocate@J@std@@YAPAJIPAJ@Z 10b072d0 f i LinkManager.obj
 0001:000062d0       ??$_Allocate@PAX@std@@YAPAPAXIPAPAX@Z 10b072d0 f i GKernelObj.obj
 0001:000062d0       ??$_Allocate@V_Aux_cont@std@@@std@@YAPAV_Aux_cont@0@IPAV10@@Z 10b072d0 f i LinkManager.obj
 0001:00006320       ??$_Allocate@VPMSNSAP@@@std@@YAPAVPMSNSAP@@IPAV1@@Z 10b07320 f i LinkManager.obj
 0001:00006370       ??$_Allocate@VPMSStatBase@@@std@@YAPAVPMSStatBase@@IPAV1@@Z 10b07370 f i LinkManager.obj
 0001:000063c0       ??$_Allocate@VPMSRegionInfo@@@std@@YAPAVPMSRegionInfo@@IPAV1@@Z 10b073c0 f i LinkManager.obj
 0001:00006410       ?BStore@?$ArcVectorT@J@@QBEHPAUIXBuf@@@Z 10b07410 f i LinkManager.obj
 0001:000064b0       ?BStore@?$ArcVectorT@VPMSNSAP@@@@QBEHPAUIXBuf@@@Z 10b074b0 f i LinkManager.obj
 0001:00006550       ?BStore@@YAHPAUIXBuf@@ABVPMSAAnnounceAns@@@Z 10b07550 f i LinkManager.obj
 0001:00006550       ?BStore@@YAHPAUIXBuf@@ABVPMSNSAP@@@Z 10b07550 f i LinkManager.obj
 0001:00006570       ?BStore@PMSAAnnounceAns@@QBEHPAUIXBuf@@@Z 10b07570 f i LinkManager.obj
 0001:00006570       ?BStore@PMSNSAP@@QBEHPAUIXBuf@@@Z 10b07570 f i LinkManager.obj
 0001:000065c0       ?BStore@?$ArcVectorT@VPMSStatBase@@@@QBEHPAUIXBuf@@@Z 10b075c0 f i LinkManager.obj
 0001:00006660       ?BStore@@YAHPAUIXBuf@@ABVPMSStatBase@@@Z 10b07660 f i LinkManager.obj
 0001:00006680       ?BStore@PMSStatBase@@QBEHPAUIXBuf@@@Z 10b07680 f i LinkManager.obj
 0001:00006740       ?BStore@?$ArcVectorT@VPMSRegionInfo@@@@QBEHPAUIXBuf@@@Z 10b07740 f i LinkManager.obj
 0001:000067e0       ?BStore@@YAHPAUIXBuf@@ABVPMSRegionInfo@@@Z 10b077e0 f i LinkManager.obj
 0001:00006800       ?BStore@PMSRegionInfo@@QBEHPAUIXBuf@@@Z 10b07800 f i LinkManager.obj
 0001:00006850       ?begin@?$vector@PAXV?$allocator@PAX@std@@@std@@QBE?AV?$_Vector_const_iterator@PAXV?$allocator@PAX@std@@@2@XZ 10b07850 f i GKernelObj.obj
 0001:00006850       ?begin@?$vector@PAVGSyncObj@@V?$allocator@PAVGSyncObj@@@std@@@std@@QBE?AV?$_Vector_const_iterator@PAVGSyncObj@@V?$allocator@PAVGSyncObj@@@std@@@2@XZ 10b07850 f i GKernelObj.obj
 0001:00006850       ?begin@?$vector@VPMSNSAP@@V?$allocator@VPMSNSAP@@@std@@@std@@QBE?AV?$_Vector_const_iterator@VPMSNSAP@@V?$allocator@VPMSNSAP@@@std@@@2@XZ 10b07850 f i LinkManager.obj
 0001:00006850       ?begin@?$vector@VPMSRegionInfo@@V?$allocator@VPMSRegionInfo@@@std@@@std@@QBE?AV?$_Vector_const_iterator@VPMSRegionInfo@@V?$allocator@VPMSRegionInfo@@@std@@@2@XZ 10b07850 f i LinkManager.obj
 0001:00006850       ?begin@?$vector@VPMSStatBase@@V?$allocator@VPMSStatBase@@@std@@@std@@QBE?AV?$_Vector_const_iterator@VPMSStatBase@@V?$allocator@VPMSStatBase@@@std@@@2@XZ 10b07850 f i LinkManager.obj
 0001:00006850       ?begin@?$vector@JV?$allocator@J@std@@@std@@QBE?AV?$_Vector_const_iterator@JV?$allocator@J@std@@@2@XZ 10b07850 f i LinkManager.obj
 0001:00006880       ?size@?$vector@VPMSStatBase@@V?$allocator@VPMSStatBase@@@std@@@std@@QBEIXZ 10b07880 f i LinkManager.obj
 0001:000068a0       ?end@?$vector@VPMSNSAP@@V?$allocator@VPMSNSAP@@@std@@@std@@QBE?AV?$_Vector_const_iterator@VPMSNSAP@@V?$allocator@VPMSNSAP@@@std@@@2@XZ 10b078a0 f i LinkManager.obj
 0001:000068a0       ?end@?$vector@JV?$allocator@J@std@@@std@@QBE?AV?$_Vector_const_iterator@JV?$allocator@J@std@@@2@XZ 10b078a0 f i LinkManager.obj
 0001:000068a0       ?end@?$vector@VPMSRegionInfo@@V?$allocator@VPMSRegionInfo@@@std@@@std@@QBE?AV?$_Vector_const_iterator@VPMSRegionInfo@@V?$allocator@VPMSRegionInfo@@@std@@@2@XZ 10b078a0 f i LinkManager.obj
 0001:000068a0       ?end@?$vector@PAVGSyncObj@@V?$allocator@PAVGSyncObj@@@std@@@std@@QBE?AV?$_Vector_const_iterator@PAVGSyncObj@@V?$allocator@PAVGSyncObj@@@std@@@2@XZ 10b078a0 f i GKernelObj.obj
 0001:000068a0       ?end@?$vector@VPMSStatBase@@V?$allocator@VPMSStatBase@@@std@@@std@@QBE?AV?$_Vector_const_iterator@VPMSStatBase@@V?$allocator@VPMSStatBase@@@std@@@2@XZ 10b078a0 f i LinkManager.obj
 0001:000068d0       ?size@?$vector@VPMSRegionInfo@@V?$allocator@VPMSRegionInfo@@@std@@@std@@QBEIXZ 10b078d0 f i LinkManager.obj
 0001:000068f0       ??0?$_Vector_const_iterator@PAVGSyncObj@@V?$allocator@PAVGSyncObj@@@std@@@std@@QAE@XZ 10b078f0 f i GKernelObj.obj
 0001:000068f0       ??0?$_Vector_const_iterator@VPMSRegionInfo@@V?$allocator@VPMSRegionInfo@@@std@@@std@@QAE@XZ 10b078f0 f i LinkManager.obj
 0001:000068f0       ??0?$_Vector_const_iterator@JV?$allocator@J@std@@@std@@QAE@XZ 10b078f0 f i LinkManager.obj
 0001:000068f0       ??0?$_Vector_const_iterator@VPMSNSAP@@V?$allocator@VPMSNSAP@@@std@@@std@@QAE@XZ 10b078f0 f i LinkManager.obj
 0001:000068f0       ??0?$_Vector_const_iterator@VPMSStatBase@@V?$allocator@VPMSStatBase@@@std@@@std@@QAE@XZ 10b078f0 f i LinkManager.obj
 0001:00006910       ??E?$_Vector_const_iterator@JV?$allocator@J@std@@@std@@QAE?AV01@H@Z 10b07910 f i LinkManager.obj
 0001:00006950       ??E?$_Vector_const_iterator@JV?$allocator@J@std@@@std@@QAEAAV01@XZ 10b07950 f i LinkManager.obj
 0001:000069b0       ??E?$_Vector_const_iterator@VPMSNSAP@@V?$allocator@VPMSNSAP@@@std@@@std@@QAE?AV01@H@Z 10b079b0 f i LinkManager.obj
 0001:000069f0       ??E?$_Vector_const_iterator@VPMSNSAP@@V?$allocator@VPMSNSAP@@@std@@@std@@QAEAAV01@XZ 10b079f0 f i LinkManager.obj
 0001:00006a50       ??D?$_Vector_const_iterator@VPMSStatBase@@V?$allocator@VPMSStatBase@@@std@@@std@@QBEABVPMSStatBase@@XZ 10b07a50 f i LinkManager.obj
 0001:00006a50       ??D?$_Vector_const_iterator@JV?$allocator@J@std@@@std@@QBEABJXZ 10b07a50 f i LinkManager.obj
 0001:00006a50       ??D?$_Vector_const_iterator@VPMSNSAP@@V?$allocator@VPMSNSAP@@@std@@@std@@QBEABVPMSNSAP@@XZ 10b07a50 f i LinkManager.obj
 0001:00006a50       ??D?$_Vector_const_iterator@PAXV?$allocator@PAX@std@@@std@@QBEABQAXXZ 10b07a50 f i GKernelObj.obj
 0001:00006a50       ??D?$_Vector_const_iterator@VPMSRegionInfo@@V?$allocator@VPMSRegionInfo@@@std@@@std@@QBEABVPMSRegionInfo@@XZ 10b07a50 f i LinkManager.obj
 0001:00006aa0       ??E?$_Vector_const_iterator@VPMSStatBase@@V?$allocator@VPMSStatBase@@@std@@@std@@QAE?AV01@H@Z 10b07aa0 f i LinkManager.obj
 0001:00006ae0       ??E?$_Vector_const_iterator@VPMSStatBase@@V?$allocator@VPMSStatBase@@@std@@@std@@QAEAAV01@XZ 10b07ae0 f i LinkManager.obj
 0001:00006b40       ??9?$_Vector_const_iterator@VPMSRegionInfo@@V?$allocator@VPMSRegionInfo@@@std@@@std@@QBE_NABV01@@Z 10b07b40 f i LinkManager.obj
 0001:00006b40       ??9?$_Vector_const_iterator@VPMSNSAP@@V?$allocator@VPMSNSAP@@@std@@@std@@QBE_NABV01@@Z 10b07b40 f i LinkManager.obj
 0001:00006b40       ??9?$_Vector_const_iterator@VPMSStatBase@@V?$allocator@VPMSStatBase@@@std@@@std@@QBE_NABV01@@Z 10b07b40 f i LinkManager.obj
 0001:00006b40       ??9?$_Vector_const_iterator@PAXV?$allocator@PAX@std@@@std@@QBE_NABV01@@Z 10b07b40 f i GKernelObj.obj
 0001:00006b40       ??9?$_Vector_const_iterator@JV?$allocator@J@std@@@std@@QBE_NABV01@@Z 10b07b40 f i LinkManager.obj
 0001:00006b40       ??9?$_Vector_const_iterator@PAVGSyncObj@@V?$allocator@PAVGSyncObj@@@std@@@std@@QBE_NABV01@@Z 10b07b40 f i GKernelObj.obj
 0001:00006b70       ??8?$_Vector_const_iterator@VPMSStatBase@@V?$allocator@VPMSStatBase@@@std@@@std@@QBE_NABV01@@Z 10b07b70 f i LinkManager.obj
 0001:00006b70       ??8?$_Vector_const_iterator@VPMSRegionInfo@@V?$allocator@VPMSRegionInfo@@@std@@@std@@QBE_NABV01@@Z 10b07b70 f i LinkManager.obj
 0001:00006b70       ??8?$_Vector_const_iterator@VPMSNSAP@@V?$allocator@VPMSNSAP@@@std@@@std@@QBE_NABV01@@Z 10b07b70 f i LinkManager.obj
 0001:00006b70       ??8?$_Vector_const_iterator@PAXV?$allocator@PAX@std@@@std@@QBE_NABV01@@Z 10b07b70 f i GKernelObj.obj
 0001:00006b70       ??8?$_Vector_const_iterator@PAVGSyncObj@@V?$allocator@PAVGSyncObj@@@std@@@std@@QBE_NABV01@@Z 10b07b70 f i GKernelObj.obj
 0001:00006b70       ??8?$_Vector_const_iterator@JV?$allocator@J@std@@@std@@QBE_NABV01@@Z 10b07b70 f i LinkManager.obj
 0001:00006bc0       ??E?$_Vector_const_iterator@VPMSRegionInfo@@V?$allocator@VPMSRegionInfo@@@std@@@std@@QAE?AV01@H@Z 10b07bc0 f i LinkManager.obj
 0001:00006c00       ??E?$_Vector_const_iterator@VPMSRegionInfo@@V?$allocator@VPMSRegionInfo@@@std@@@std@@QAEAAV01@XZ 10b07c00 f i LinkManager.obj
 0001:00006c60       ??0?$_Iterator_with_base@Urandom_access_iterator_tag@std@@VPMSStatBase@@HPBV3@ABV3@V_Iterator_base_aux@2@@std@@QAE@XZ 10b07c60 f i LinkManager.obj
 0001:00006c60       ??0?$_Iterator_with_base@Urandom_access_iterator_tag@std@@PAXHPBQAXABQAXV_Iterator_base_aux@2@@std@@QAE@XZ 10b07c60 f i GKernelObj.obj
 0001:00006c60       ??0?$_Iterator_with_base@Urandom_access_iterator_tag@std@@VPMSRegionInfo@@HPBV3@ABV3@V_Iterator_base_aux@2@@std@@QAE@XZ 10b07c60 f i LinkManager.obj
 0001:00006c60       ??0?$_Ranit_base@DHPBDABDV_Iterator_base_secure@std@@@std@@QAE@XZ 10b07c60 f i LinkManagerMsg.obj
 0001:00006c60       ??0?$_Iterator_with_base@Urandom_access_iterator_tag@std@@VPMSNSAP@@HPBV3@ABV3@V_Iterator_base_aux@2@@std@@QAE@XZ 10b07c60 f i LinkManager.obj
 0001:00006c60       ??0?$_Iterator_with_base@Ubidirectional_iterator_tag@std@@VGBuf@@HPBV3@ABV3@V_Iterator_base_aux@2@@std@@QAE@XZ 10b07c60 f i LinkManager.obj
 0001:00006c60       ??0?$_Iterator_with_base@Urandom_access_iterator_tag@std@@JHPBJABJV_Iterator_base_aux@2@@std@@QAE@XZ 10b07c60 f i LinkManager.obj
 0001:00006c60       ??0?$_Iterator_with_base@Urandom_access_iterator_tag@std@@PAVGSyncObj@@HPBQAV3@ABQAV3@V_Iterator_base_aux@2@@std@@QAE@XZ 10b07c60 f i GKernelObj.obj
 0001:00006c80       ?Lock@GCRITICAL_SECTION@@QBEXXZ 10b07c80 f i LinkManager.obj
 0001:00006ca0       ?Unlock@GCRITICAL_SECTION@@QBEXXZ 10b07ca0 f i LinkManager.obj
 0001:00006cc0       ?GetHandle@GSocket@@QBEIXZ 10b07cc0 f i LinkManager.obj
 0001:00006cf0       ??0GBuf@@QAE@XZ            10b07cf0 f i LinkManager.obj
 0001:00006d10       ??1GBuf@@QAE@XZ            10b07d10 f i LinkManager.obj
 0001:00006d40       ??0GBufQ@@QAE@XZ           10b07d40 f i LinkManager.obj
 0001:00006d60       ??$_Char_traits_cat@U?$char_traits@D@std@@@std@@YA?AU_Secure_char_traits_tag@0@XZ 10b07d60 f i ErrorLog.obj
 0001:00006d60       ??$_Move_cat@PAJ@std@@YA?AU_Undefined_move_tag@0@ABQAJ@Z 10b07d60 f i LinkManagerMsg.obj
 0001:00006d60       ??$_Move_cat@PAVPMSRegionInfo@@@std@@YA?AU_Undefined_move_tag@0@ABQAVPMSRegionInfo@@@Z 10b07d60 f i LinkManagerMsg.obj
 0001:00006d60       ??$_Ptr_cat@PAJPAJ@std@@YA?AU_Scalar_ptr_iterator_tag@0@AAPAJ0@Z 10b07d60 f i LinkManager.obj
 0001:00006d60       ??$_Ptr_cat@PAPAXPAPAX@std@@YA?AU_Scalar_ptr_iterator_tag@0@AAPAPAX0@Z 10b07d60 f i GKernelObj.obj
 0001:00006d60       ??$_Move_cat@PAPAX@std@@YA?AU_Undefined_move_tag@0@ABQAPAX@Z 10b07d60 f i GKernelObj.obj
 0001:00006d60       ??$_Move_cat@PAPAVGSyncObj@@@std@@YA?AU_Undefined_move_tag@0@ABQAPAVGSyncObj@@@Z 10b07d60 f i GKernelObj.obj
 0001:00006d60       ??$_Move_cat@PAVPMSStatBase@@@std@@YA?AU_Undefined_move_tag@0@ABQAVPMSStatBase@@@Z 10b07d60 f i LinkManagerMsg.obj
 0001:00006d60       ??$_Ptr_cat@PAVPMSRegionInfo@@PAV1@@std@@YA?AU_Nonscalar_ptr_iterator_tag@0@AAPAVPMSRegionInfo@@0@Z 10b07d60 f i LinkManager.obj
 0001:00006d60       ??$_Ptr_cat@V?$_Vector_iterator@JV?$allocator@J@std@@@std@@PAJ@std@@YA?AU_Scalar_ptr_iterator_tag@0@AAV?$_Vector_iterator@JV?$allocator@J@std@@@0@AAPAJ@Z 10b07d60 f i LinkManagerMsg.obj
 0001:00006d60       ??$_Ptr_cat@PAPAVGSyncObj@@PAPAV1@@std@@YA?AU_Scalar_ptr_iterator_tag@0@AAPAPAVGSyncObj@@0@Z 10b07d60 f i GKernelObj.obj
 0001:00006d60       ??$_Ptr_cat@PAVPMSNSAP@@PAV1@@std@@YA?AU_Nonscalar_ptr_iterator_tag@0@AAPAVPMSNSAP@@0@Z 10b07d60 f i LinkManager.obj
 0001:00006d60       ??$_Char_traits_cat@U?$char_traits@G@std@@@std@@YA?AU_Secure_char_traits_tag@0@XZ 10b07d60 f i GAdlUtl.obj
 0001:00006d60       ??$_Move_cat@PAVPMSNSAP@@@std@@YA?AU_Undefined_move_tag@0@ABQAVPMSNSAP@@@Z 10b07d60 f i LinkManager.obj
 0001:00006d60       ??$_Ptr_cat@PAVPMSStatBase@@PAV1@@std@@YA?AU_Nonscalar_ptr_iterator_tag@0@AAPAVPMSStatBase@@0@Z 10b07d60 f i LinkManager.obj
 0001:00006d70       ??$_Checked_base@PAVPMSNSAP@@@std@@YAPAVPMSNSAP@@AAPAV1@@Z 10b07d70 f i LinkManager.obj
 0001:00006d70       ??$_Checked_base@PAPAX@std@@YAPAPAXAAPAPAX@Z 10b07d70 f i GKernelObj.obj
 0001:00006d70       ??$_Checked_base@PAVPMSStatBase@@@std@@YAPAVPMSStatBase@@AAPAV1@@Z 10b07d70 f i LinkManagerMsg.obj
 0001:00006d70       ??$_Checked_base@PAJ@std@@YAPAJAAPAJ@Z 10b07d70 f i LinkManagerMsg.obj
 0001:00006d70       ??$_Checked_base@PAPAVGSyncObj@@@std@@YAPAPAVGSyncObj@@AAPAPAV1@@Z 10b07d70 f i GKernelObj.obj
 0001:00006d70       ??$_Checked_base@PAVPMSRegionInfo@@@std@@YAPAVPMSRegionInfo@@AAPAV1@@Z 10b07d70 f i LinkManagerMsg.obj
 0001:00006d90       ??$_Copy_opt@PAVPMSNSAP@@PAV1@@std@@YAPAVPMSNSAP@@PAV1@00Urandom_access_iterator_tag@0@U_Nonscalar_ptr_iterator_tag@0@U_Range_checked_iterator_tag@0@@Z 10b07d90 f i LinkManager.obj
 0001:00006df0       ??$_Uninit_fill_n@PAVPMSNSAP@@IV1@V?$allocator@VPMSNSAP@@@std@@@std@@YAXPAVPMSNSAP@@IABV1@AAV?$allocator@VPMSNSAP@@@0@U_Nonscalar_ptr_iterator_tag@0@U_Range_checked_iterator_tag@0@@Z 10b07df0 f i LinkManager.obj
 0001:00006eb0       ??$_Destroy_range@V?$allocator@VPMSNSAP@@@std@@@std@@YAXPAVPMSNSAP@@0AAV?$allocator@VPMSNSAP@@@0@U_Nonscalar_ptr_iterator_tag@0@@Z 10b07eb0 f i LinkManager.obj
 0001:00006ee0       ??$_Unchecked_uninitialized_move@PAVPMSNSAP@@PAV1@V?$allocator@VPMSNSAP@@@std@@@stdext@@YAPAVPMSNSAP@@PAV1@00AAV?$allocator@VPMSNSAP@@@std@@@Z 10b07ee0 f i LinkManager.obj
 0001:00006f30       ??$_Fill@PAVPMSNSAP@@V1@@std@@YAXPAVPMSNSAP@@0ABV1@@Z 10b07f30 f i LinkManager.obj
 0001:00006f60       ??$_Move_backward_opt@PAVPMSNSAP@@PAV1@Urandom_access_iterator_tag@std@@U_Undefined_move_tag@3@@std@@YAPAVPMSNSAP@@PAV1@00Urandom_access_iterator_tag@0@U_Undefined_move_tag@0@U_Range_checked_iterator_tag@0@@Z 10b07f60 f i LinkManager.obj
 0001:00006fb0       ??$_Destroy_range@V?$allocator@VPMSStatBase@@@std@@@std@@YAXPAVPMSStatBase@@0AAV?$allocator@VPMSStatBase@@@0@U_Nonscalar_ptr_iterator_tag@0@@Z 10b07fb0 f i LinkManager.obj
 0001:00006fe0       ??1GBufQ@@QAE@XZ           10b07fe0 f i LinkManager.obj
 0001:00007000       ??$_Destroy_range@V?$allocator@VPMSRegionInfo@@@std@@@std@@YAXPAVPMSRegionInfo@@0AAV?$allocator@VPMSRegionInfo@@@0@U_Nonscalar_ptr_iterator_tag@0@@Z 10b08000 f i LinkManager.obj
 0001:00007030       ?Lock@GSafeBufQ@@UBGXXZ    10b08030 f i LinkManager.obj
 0001:00007050       ?Unlock@GSafeBufQ@@UBGXXZ  10b08050 f i LinkManager.obj
 0001:00007070       ?Pop@GSafeBufQ@@QAEHAAVGBuf@@@Z 10b08070 f i LinkManager.obj
 0001:00007110       ?IsEmpty@GBufQ@@QBEHXZ     10b08110 f i LinkManager.obj
 0001:00007130       ?Pop@GBufQ@@QAEHAAVGBuf@@@Z 10b08130 f i LinkManager.obj
 0001:00007170       ??4GBuf@@QAEAAV0@ABV0@@Z   10b08170 f i LinkManager.obj
 0001:000071a0       ?BCopy@@YAXAAJABJ@Z        10b081a0 f i LinkManager.obj
 0001:000071a0       ?BCopy@@YAXAAKABK@Z        10b081a0 f i LinkManager.obj
 0001:000071b0       ?EventSelect@GSocketHandler@@QAEHIJ@Z 10b081b0 f i LinkManager.obj
 0001:000071e0       ??1_Container_base_aux@std@@QAE@XZ 10b081e0 f i LinkManager.obj
 0001:000071e0       ?Dispatch@GSocketHandler@@UAEXXZ 10b081e0 f i LinkManager.obj
 0001:000071f0       ?construct@?$allocator@VPMSNSAP@@@std@@QAEXPAVPMSNSAP@@ABV3@@Z 10b081f0 f i LinkManager.obj
 0001:00007210       ?destroy@?$allocator@VPMSStatBase@@@std@@QAEXPAVPMSStatBase@@@Z 10b08210 f i LinkManager.obj
 0001:00007230       ?destroy@?$allocator@VPMSRegionInfo@@@std@@QAEXPAVPMSRegionInfo@@@Z 10b08230 f i LinkManager.obj
 0001:00007250       ??$_Copy_opt@PAVPMSNSAP@@PAV1@Uforward_iterator_tag@std@@@std@@YAPAVPMSNSAP@@PAV1@00Uforward_iterator_tag@0@U_Nonscalar_ptr_iterator_tag@0@U_Range_checked_iterator_tag@0@@Z 10b08250 f i LinkManager.obj
 0001:00007290       ??$_Uninit_move@PAVPMSNSAP@@PAV1@V?$allocator@VPMSNSAP@@@std@@U_Undefined_move_tag@3@@std@@YAPAVPMSNSAP@@PAV1@00AAV?$allocator@VPMSNSAP@@@0@U_Undefined_move_tag@0@U_Range_checked_iterator_tag@0@@Z 10b08290 f i LinkManager.obj
 0001:000072b0       ??$_Copy_backward_opt@PAVPMSNSAP@@PAV1@@std@@YAPAVPMSNSAP@@PAV1@00Urandom_access_iterator_tag@0@U_Nonscalar_ptr_iterator_tag@0@U_Range_checked_iterator_tag@0@@Z 10b082b0 f i LinkManager.obj
 0001:00007310       ??0?$basic_string@DU?$char_traits@D@std@@V?$allocator@D@2@@std@@QAE@XZ 10b08310 f i LinkManager.obj
 0001:00007340       ??0?$basic_string@DU?$char_traits@D@std@@V?$allocator@D@2@@std@@QAE@ABV01@@Z 10b08340 f i LinkManager.obj
 0001:00007380       ??4?$basic_string@DU?$char_traits@D@std@@V?$allocator@D@2@@std@@QAEAAV01@PBD@Z 10b08380 f i LinkManager.obj
 0001:000073a0       ??$_Construct@VPMSNSAP@@V1@@std@@YAXPAVPMSNSAP@@ABV1@@Z 10b083a0 f i LinkManager.obj
 0001:00007420       ??$_Destroy@PAU_Node@?$_List_nod@VGBuf@@V?$allocator@VGBuf@@@std@@@std@@@std@@YAXPAPAU_Node@?$_List_nod@VGBuf@@V?$allocator@VGBuf@@@std@@@0@@Z 10b08420 f i LinkManager.obj
 0001:00007420       ??$_Destroy_range@V?$allocator@PAVGSyncObj@@@std@@@std@@YAXPAPAVGSyncObj@@0AAV?$allocator@PAVGSyncObj@@@0@U_Scalar_ptr_iterator_tag@0@@Z 10b08420 f i GKernelObj.obj
 0001:00007420       ??$_Destroy@VPMSNSAP@@@std@@YAXPAVPMSNSAP@@@Z 10b08420 f i LinkManager.obj
 0001:00007420       ??$_Destroy_range@V?$allocator@PAX@std@@@std@@YAXPAPAX0AAV?$allocator@PAX@0@U_Scalar_ptr_iterator_tag@0@@Z 10b08420 f i GKernelObj.obj
 0001:00007420       ??3@YAXPAX0@Z              10b08420 f i LinkManager.obj
 0001:00007420       ??$_Destroy_range@V?$allocator@J@std@@@std@@YAXPAJ0AAV?$allocator@J@0@U_Scalar_ptr_iterator_tag@0@@Z 10b08420 f i LinkManager.obj
 0001:00007430       ??$_Destroy@VPMSStatBase@@@std@@YAXPAVPMSStatBase@@@Z 10b08430 f i LinkManager.obj
 0001:00007440       ??$_Destroy@VPMSRegionInfo@@@std@@YAXPAVPMSRegionInfo@@@Z 10b08440 f i LinkManager.obj
 0001:00007450       ??_GPMSStatBase@@QAEPAXI@Z 10b08450 f i LinkManager.obj
 0001:00007480       ??1PMSStatBase@@QAE@XZ     10b08480 f i LinkManager.obj
 0001:000074a0       ??_GPMSRegionInfo@@QAEPAXI@Z 10b084a0 f i LinkManager.obj
 0001:000074d0       ??1PMSRegionInfo@@QAE@XZ   10b084d0 f i LinkManager.obj
 0001:000074f0       ??$unchecked_uninitialized_copy@PAVPMSNSAP@@PAV1@V?$allocator@VPMSNSAP@@@std@@@stdext@@YAPAVPMSNSAP@@PAV1@00AAV?$allocator@VPMSNSAP@@@std@@@Z 10b084f0 f i LinkManager.obj
 0001:00007550       ??$_Copy_backward_opt@PAVPMSNSAP@@PAV1@Uforward_iterator_tag@std@@@std@@YAPAVPMSNSAP@@PAV1@00Uforward_iterator_tag@0@U_Nonscalar_ptr_iterator_tag@0@U_Range_checked_iterator_tag@0@@Z 10b08550 f i LinkManager.obj
 0001:00007580       ??$_Uninit_copy@PAVPMSNSAP@@PAV1@V?$allocator@VPMSNSAP@@@std@@@std@@YAPAVPMSNSAP@@PAV1@00AAV?$allocator@VPMSNSAP@@@0@U_Nonscalar_ptr_iterator_tag@0@U_Range_checked_iterator_tag@0@@Z 10b08580 f i LinkManager.obj
 0001:00007640       ??0?$list@VGBuf@@V?$allocator@VGBuf@@@std@@@std@@QAE@XZ 10b08640 f i LinkManager.obj
 0001:000076c0       ??1?$list@VGBuf@@V?$allocator@VGBuf@@@std@@@std@@QAE@XZ 10b086c0 f i LinkManager.obj
 0001:00007720       ?size@?$list@VGBuf@@V?$allocator@VGBuf@@@std@@@std@@QBEIXZ 10b08720 f i LinkManager.obj
 0001:00007740       ?front@?$list@VGBuf@@V?$allocator@VGBuf@@@std@@@std@@QAEAAVGBuf@@XZ 10b08740 f i LinkManager.obj
 0001:00007760       ?pop_front@?$list@VGBuf@@V?$allocator@VGBuf@@@std@@@std@@QAEXXZ 10b08760 f i LinkManager.obj
 0001:000077a0       ??0?$ObjLockT@VGSafeBufQ@@@@QAE@QBVGSafeBufQ@@H@Z 10b087a0 f i LinkManager.obj
 0001:000077e0       ??1?$ObjLockT@VGSafeBufQ@@@@QAE@XZ 10b087e0 f i LinkManager.obj
 0001:00007810       ??1?$_List_val@VGBuf@@V?$allocator@VGBuf@@@std@@@std@@QAE@XZ 10b08810 f i LinkManager.obj
 0001:00007830       ??1?$_List_ptr@VGBuf@@V?$allocator@VGBuf@@@std@@@std@@QAE@XZ 10b08830 f i LinkManager.obj
 0001:00007850       ?assign@?$basic_string@DU?$char_traits@D@std@@V?$allocator@D@2@@std@@QAEAAV12@ABV12@@Z 10b08850 f i LinkManager.obj
 0001:00007880       ?begin@?$list@VGBuf@@V?$allocator@VGBuf@@@std@@@std@@QAE?AV?$_Iterator@$00@12@XZ 10b08880 f i LinkManager.obj
 0001:000078b0       ?_Nextnode@?$list@VGBuf@@V?$allocator@VGBuf@@@std@@@std@@KAAAPAU_Node@?$_List_nod@VGBuf@@V?$allocator@VGBuf@@@std@@@2@PAU342@@Z 10b088b0 f i LinkManager.obj
 0001:000078c0       ?erase@?$list@VGBuf@@V?$allocator@VGBuf@@@std@@@std@@QAE?AV?$_Iterator@$00@12@V?$_Const_iterator@$00@12@@Z 10b088c0 f i LinkManager.obj
 0001:00007990       ?_Prevnode@?$list@VGBuf@@V?$allocator@VGBuf@@@std@@@std@@KAAAPAU_Node@?$_List_nod@VGBuf@@V?$allocator@VGBuf@@@std@@@2@PAU342@@Z 10b08990 f i LinkManager.obj
 0001:000079a0       ?_Buynode@?$list@VGBuf@@V?$allocator@VGBuf@@@std@@@std@@IAEPAU_Node@?$_List_nod@VGBuf@@V?$allocator@VGBuf@@@std@@@2@XZ 10b089a0 f i LinkManager.obj
 0001:00007aa0       ?_Tidy@?$list@VGBuf@@V?$allocator@VGBuf@@@std@@@std@@IAEXXZ 10b08aa0 f i LinkManager.obj
 0001:00007b10       ?clear@?$list@VGBuf@@V?$allocator@VGBuf@@@std@@@std@@QAEXXZ 10b08b10 f i LinkManager.obj
 0001:00007bb0       ??0?$_List_val@VGBuf@@V?$allocator@VGBuf@@@std@@@std@@QAE@V?$allocator@VGBuf@@@1@@Z 10b08bb0 f i LinkManager.obj
 0001:00007bf0       ?destroy@?$allocator@U_Node@?$_List_nod@VGBuf@@V?$allocator@VGBuf@@@std@@@std@@@std@@QAEXPAU_Node@?$_List_nod@VGBuf@@V?$allocator@VGBuf@@@std@@@2@@Z 10b08bf0 f i LinkManager.obj
 0001:00007c10       ??0?$_Iterator@$00@?$list@VGBuf@@V?$allocator@VGBuf@@@std@@@std@@QAE@PAU_Node@?$_List_nod@VGBuf@@V?$allocator@VGBuf@@@std@@@2@PBV12@@Z 10b08c10 f i LinkManager.obj
 0001:00007c30       ??D?$_Iterator@$00@?$list@VGBuf@@V?$allocator@VGBuf@@@std@@@std@@QBEAAVGBuf@@XZ 10b08c30 f i LinkManager.obj
 0001:00007c50       ??0?$_Const_iterator@$00@?$list@VGBuf@@V?$allocator@VGBuf@@@std@@@std@@QAE@PAU_Node@?$_List_nod@VGBuf@@V?$allocator@VGBuf@@@std@@@2@PBV12@@Z 10b08c50 f i LinkManager.obj
 0001:00007ca0       ??0?$_Ranit@VPMSNSAP@@HPBV1@ABV1@@std@@QAE@XZ 10b08ca0 f i LinkManager.obj
 0001:00007ca0       ??0?$_Ranit@PAVGSyncObj@@HPBQAV1@ABQAV1@@std@@QAE@XZ 10b08ca0 f i GKernelObj.obj
 0001:00007ca0       ??0?$_Ranit@VPMSStatBase@@HPBV1@ABV1@@std@@QAE@XZ 10b08ca0 f i LinkManager.obj
 0001:00007ca0       ??0?$_Ranit@VPMSRegionInfo@@HPBV1@ABV1@@std@@QAE@XZ 10b08ca0 f i LinkManager.obj
 0001:00007ca0       ??0?$_Ranit@PAXHPBQAXABQAX@std@@QAE@XZ 10b08ca0 f i GKernelObj.obj
 0001:00007ca0       ??0?$_Ranit@JHPBJABJ@std@@QAE@XZ 10b08ca0 f i LinkManager.obj
 0001:00007ca0       ??0?$_Bidit@VGBuf@@HPBV1@ABV1@@std@@QAE@XZ 10b08ca0 f i LinkManager.obj
 0001:00007cc0       ?_Make_iter@?$list@VGBuf@@V?$allocator@VGBuf@@@std@@@std@@QBE?AV?$_Iterator@$00@12@V?$_Const_iterator@$00@12@@Z 10b08cc0 f i LinkManager.obj
 0001:00007ce0       ??0?$_List_ptr@VGBuf@@V?$allocator@VGBuf@@@std@@@std@@IAE@V?$allocator@VGBuf@@@1@@Z 10b08ce0 f i LinkManager.obj
 0001:00007d20       ?allocate@?$allocator@U_Node@?$_List_nod@VGBuf@@V?$allocator@VGBuf@@@std@@@std@@@std@@QAEPAU_Node@?$_List_nod@VGBuf@@V?$allocator@VGBuf@@@std@@@2@I@Z 10b08d20 f i LinkManager.obj
 0001:00007d40       ?construct@?$allocator@PAU_Node@?$_List_nod@VGBuf@@V?$allocator@VGBuf@@@std@@@std@@@std@@QAEXPAPAU_Node@?$_List_nod@VGBuf@@V?$allocator@VGBuf@@@std@@@2@ABQAU342@@Z 10b08d40 f i LinkManager.obj
 0001:00007d60       ?destroy@?$allocator@PAU_Node@?$_List_nod@VGBuf@@V?$allocator@VGBuf@@@std@@@std@@@std@@QAEXPAPAU_Node@?$_List_nod@VGBuf@@V?$allocator@VGBuf@@@std@@@2@@Z 10b08d60 f i LinkManager.obj
 0001:00007d60       ?destroy@?$allocator@VPMSNSAP@@@std@@QAEXPAVPMSNSAP@@@Z 10b08d60 f i LinkManager.obj
 0001:00007d80       ??D?$_Const_iterator@$00@?$list@VGBuf@@V?$allocator@VGBuf@@@std@@@std@@QBEABVGBuf@@XZ 10b08d80 f i LinkManager.obj
 0001:00007de0       ??E?$_Const_iterator@$00@?$list@VGBuf@@V?$allocator@VGBuf@@@std@@@std@@QAE?AV012@H@Z 10b08de0 f i LinkManager.obj
 0001:00007e20       ?_Checked_iterator_base@?$_Vector_iterator@PAVGSyncObj@@V?$allocator@PAVGSyncObj@@@std@@@std@@QBEPAPAVGSyncObj@@XZ 10b08e20 f i GKernelObj.obj
 0001:00007e20       ?_Checked_iterator_base@?$_Vector_iterator@PAXV?$allocator@PAX@std@@@std@@QBEPAPAXXZ 10b08e20 f i GKernelObj.obj
 0001:00007e20       ?_Checked_iterator_base@?$_Vector_const_iterator@PAVGSyncObj@@V?$allocator@PAVGSyncObj@@@std@@@std@@QBEPBQAVGSyncObj@@XZ 10b08e20 f i GKernelObj.obj
 0001:00007e20       ?_Mynode@?$_Const_iterator@$00@?$list@VGBuf@@V?$allocator@VGBuf@@@std@@@std@@QBEPAU_Node@?$_List_nod@VGBuf@@V?$allocator@VGBuf@@@std@@@3@XZ 10b08e20 f i LinkManager.obj
 0001:00007e20       ?_Checked_iterator_base@?$_Vector_iterator@JV?$allocator@J@std@@@std@@QBEPAJXZ 10b08e20 f i LinkManagerMsg.obj
 0001:00007e40       ??0length_error@std@@QAE@ABV01@@Z 10b08e40 f i LinkManager.obj
 0001:00007e70       ?_Myval@?$list@VGBuf@@V?$allocator@VGBuf@@@std@@@std@@KAAAVGBuf@@PAU_Node@?$_List_nod@VGBuf@@V?$allocator@VGBuf@@@std@@@2@@Z 10b08e70 f i LinkManager.obj
 0001:00007e80       ??E?$_Const_iterator@$00@?$list@VGBuf@@V?$allocator@VGBuf@@@std@@@std@@QAEAAV012@XZ 10b08e80 f i LinkManager.obj
 0001:00007ef0       ??$_Destroy@U_Node@?$_List_nod@VGBuf@@V?$allocator@VGBuf@@@std@@@std@@@std@@YAXPAU_Node@?$_List_nod@VGBuf@@V?$allocator@VGBuf@@@std@@@0@@Z 10b08ef0 f i LinkManager.obj
 0001:00007f00       ??$_Allocate@U_Node@?$_List_nod@VGBuf@@V?$allocator@VGBuf@@@std@@@std@@@std@@YAPAU_Node@?$_List_nod@VGBuf@@V?$allocator@VGBuf@@@std@@@0@IPAU120@@Z 10b08f00 f i LinkManager.obj
 0001:00007f50       ??$_Construct@PAU_Node@?$_List_nod@VGBuf@@V?$allocator@VGBuf@@@std@@@std@@PAU123@@std@@YAXPAPAU_Node@?$_List_nod@VGBuf@@V?$allocator@VGBuf@@@std@@@0@ABQAU120@@Z 10b08f50 f i LinkManager.obj
 0001:00007f90       ??_G_Node@?$_List_nod@VGBuf@@V?$allocator@VGBuf@@@std@@@std@@QAEPAXI@Z 10b08f90 f i LinkManager.obj
 0001:00007fc0       ??1_Node@?$_List_nod@VGBuf@@V?$allocator@VGBuf@@@std@@@std@@QAE@XZ 10b08fc0 f i LinkManager.obj
 0001:00007fe0       ?AddRegionInfo@CPMSRegionInfoList@@UAEXKKPAV?$vector@JV?$allocator@J@std@@@std@@@Z 10b08fe0 f   LinkManagerMsg.obj
 0001:00008090       ?AddRegionInfo2@CPMSRegionInfoList@@UAEXKKQAJ@Z 10b09090 f   LinkManagerMsg.obj
 0001:00008130       ?AddRegionInfo238@CPMSRegionInfoList@@UAEXKKQAJ@Z 10b09130 f   LinkManagerMsg.obj
 0001:000081d0       ?AddRegionInfo272@CPMSRegionInfoList@@UAEXKKQAJ@Z 10b091d0 f   LinkManagerMsg.obj
 0001:00008270       ?AddRegionInfoPC@CPMSRegionInfoListPC@@UAEXKKPAV?$vector@JV?$allocator@J@std@@@std@@@Z 10b09270 f   LinkManagerMsg.obj
 0001:00008320       ?AddRegionInfoPC238@CPMSRegionInfoListPC@@UAEXKKQAJ@Z 10b09320 f   LinkManagerMsg.obj
 0001:000083c0       ?AddRegionInfoPC272@CPMSRegionInfoListPC@@UAEXKKQAJ@Z 10b093c0 f   LinkManagerMsg.obj
 0001:00008460       ?AddStatInfoList@CPMSStatInfoList@@UAEXKKKKKKPBD@Z 10b09460 f   LinkManagerMsg.obj
 0001:00008520       ?AddStatInfoListPC@CPMSStatInfoListPC@@UAEXKKKKKKPBD@Z 10b09520 f   LinkManagerMsg.obj
 0001:000085e0       ?SendMsg@CLinkManager@@AAEXABVPayloadHA@@@Z 10b095e0 f   LinkManagerMsg.obj
 0001:00008690       ?OnRcvMsg@CLinkManager@@EAEHPAVGBufSocket@@AAVPayloadGS@@@Z 10b09690 f   LinkManagerMsg.obj
 0001:00008770       ?OnError@CLinkManager@@EAEHPAVGBufSocket@@JH@Z 10b09770 f   LinkManagerMsg.obj
 0001:00008850       ?OnAnnounceReq@CLinkManager@@AAEXPAVPMSAAnnounceReq@@@Z 10b09850 f   LinkManagerMsg.obj
 0001:00008950       ?OnHeartBeatReq@CLinkManager@@AAEXPAVPMSAHeartBeatReq@@@Z 10b09950 f   LinkManagerMsg.obj
 0001:000089f0       ?OnOrderReq@CLinkManager@@AAEXPAVPMSAOrderReq@@@Z 10b099f0 f   LinkManagerMsg.obj
 0001:00008c30       ?OnPerformReq@CLinkManager@@AAEXPAVPMSAPerformReq@@@Z 10b09c30 f   LinkManagerMsg.obj
 0001:00008cc0       ?OnRegionInfoReq@CLinkManager@@AAEXPAVPMSARegionInfoReq@@@Z 10b09cc0 f   LinkManagerMsg.obj
 0001:00008d70       ?OnStatInfoReq@CLinkManager@@AAEXPAVPMSAStatInfoReq@@@Z 10b09d70 f   LinkManagerMsg.obj
 0001:00008e20       ?SendWarningMsg@CLinkManager@@QAEHKPBD0KK@Z 10b09e20 f   LinkManagerMsg.obj
 0001:00008f40       ?OnRegionInfoPCReq@CLinkManager@@AAEXPAVPMSARegionInfoReq@@@Z 10b09f40 f   LinkManagerMsg.obj
 0001:00008ff0       ?OnStatInfoPCReq@CLinkManager@@AAEXPAVPMSAStatInfoReq@@@Z 10b09ff0 f   LinkManagerMsg.obj
 0001:000090a0       ??0PMSRegionInfo@@QAE@XZ   10b0a0a0 f i LinkManagerMsg.obj
 0001:00009110       ?Clear@PMSRegionInfo@@UAEXXZ 10b0a110 f i LinkManagerMsg.obj
 0001:00009140       ??0PMSStatBase@@QAE@XZ     10b0a140 f i LinkManagerMsg.obj
 0001:000091b0       ?Clear@PMSStatBase@@UAEXXZ 10b0a1b0 f i LinkManagerMsg.obj
 0001:00009210       ??0PMSAHeartBeatAns@@QAE@ABJABK@Z 10b0a210 f i LinkManagerMsg.obj
 0001:00009210       ??0PMSAAnnounceAns@@QAE@ABKABJ@Z 10b0a210 f i LinkManagerMsg.obj
 0001:00009250       ??4PMSUnitID@@QAEAAV0@ABV0@@Z 10b0a250 f i LinkManagerMsg.obj
 0001:00009270       ?BCopy@PMSUnitID@@QAEXABV1@@Z 10b0a270 f i LinkManagerMsg.obj
 0001:000092c0       ??0CPMSPerformanceInfo@@QAE@PAV?$ArcVectorT@J@@@Z 10b0a2c0 f i LinkManagerMsg.obj
 0001:000092f0       ?AddPerformanceInfo@CPMSPerformanceInfo@@UAEXPAV?$vector@JV?$allocator@J@std@@@std@@@Z 10b0a2f0 f i LinkManagerMsg.obj
 0001:00009330       ?AddPerformanceInfo2@CPMSPerformanceInfo@@UAEXQAJ@Z 10b0a330 f i LinkManagerMsg.obj
 0001:00009360       ??0IPMSPerformanceInfo@@QAE@XZ 10b0a360 f i LinkManagerMsg.obj
 0001:00009380       ??0CPMSRegionInfoList@@QAE@ABKPAV?$ArcVectorT@VPMSRegionInfo@@@@@Z 10b0a380 f i LinkManagerMsg.obj
 0001:000093c0       ??1CPMSRegionInfoList@@UAE@XZ 10b0a3c0 f i LinkManagerMsg.obj
 0001:000093e0       ??_ECPMSRegionInfoList@@UAEPAXI@Z 10b0a3e0 f i LinkManagerMsg.obj
 0001:000093e0       ??_GCPMSRegionInfoList@@UAEPAXI@Z 10b0a3e0 f i LinkManagerMsg.obj
 0001:00009410       ??0IPMSRegionInfoList@@QAE@XZ 10b0a410 f i LinkManagerMsg.obj
 0001:00009430       ??0CPMSStatInfoList@@QAE@ABKPAV?$ArcVectorT@VPMSStatBase@@@@@Z 10b0a430 f i LinkManagerMsg.obj
 0001:00009470       ??1CPMSStatInfoList@@UAE@XZ 10b0a470 f i LinkManagerMsg.obj
 0001:00009490       ??_GCPMSStatInfoList@@UAEPAXI@Z 10b0a490 f i LinkManagerMsg.obj
 0001:00009490       ??_ECPMSStatInfoList@@UAEPAXI@Z 10b0a490 f i LinkManagerMsg.obj
 0001:000094c0       ??0IPMSStatInfoList@@QAE@XZ 10b0a4c0 f i LinkManagerMsg.obj
 0001:000094e0       ??0CPMSRegionInfoListPC@@QAE@ABKPAV?$ArcVectorT@VPMSRegionInfo@@@@@Z 10b0a4e0 f i LinkManagerMsg.obj
 0001:00009520       ??1CPMSRegionInfoListPC@@UAE@XZ 10b0a520 f i LinkManagerMsg.obj
 0001:00009540       ??_GCPMSRegionInfoListPC@@UAEPAXI@Z 10b0a540 f i LinkManagerMsg.obj
 0001:00009540       ??_ECPMSRegionInfoListPC@@UAEPAXI@Z 10b0a540 f i LinkManagerMsg.obj
 0001:00009570       ??0IPMSRegionInfoListPC@@QAE@XZ 10b0a570 f i LinkManagerMsg.obj
 0001:00009590       ??0CPMSStatInfoListPC@@QAE@ABKPAV?$ArcVectorT@VPMSStatBase@@@@@Z 10b0a590 f i LinkManagerMsg.obj
 0001:000095d0       ??1CPMSStatInfoListPC@@UAE@XZ 10b0a5d0 f i LinkManagerMsg.obj
 0001:000095f0       ??_GCPMSStatInfoListPC@@UAEPAXI@Z 10b0a5f0 f i LinkManagerMsg.obj
 0001:000095f0       ??_ECPMSStatInfoListPC@@UAEPAXI@Z 10b0a5f0 f i LinkManagerMsg.obj
 0001:00009620       ??0IPMSStatInfoListPC@@QAE@XZ 10b0a620 f i LinkManagerMsg.obj
 0001:00009640       ?assign@?$basic_string@DU?$char_traits@D@std@@V?$allocator@D@2@@std@@QAEAAV12@ID@Z 10b0a640 f i LinkManagerMsg.obj
 0001:00009690       ?clear@?$basic_string@DU?$char_traits@D@std@@V?$allocator@D@2@@std@@QAEXXZ 10b0a690 f i LinkManagerMsg.obj
 0001:000096f0       ?find_first_of@?$basic_string@DU?$char_traits@D@std@@V?$allocator@D@2@@std@@QBEIPBDI@Z 10b0a6f0 f i LinkManagerMsg.obj
 0001:00009720       ?push_back@?$vector@VPMSStatBase@@V?$allocator@VPMSStatBase@@@std@@@std@@QAEXABVPMSStatBase@@@Z 10b0a720 f i LinkManagerMsg.obj
 0001:000097a0       ?push_back@?$vector@VPMSRegionInfo@@V?$allocator@VPMSRegionInfo@@@std@@@std@@QAEXABVPMSRegionInfo@@@Z 10b0a7a0 f i LinkManagerMsg.obj
 0001:00009820       ?erase@?$basic_string@DU?$char_traits@D@std@@V?$allocator@D@2@@std@@QAE?AV?$_String_iterator@DU?$char_traits@D@std@@V?$allocator@D@2@@2@V?$_String_const_iterator@DU?$char_traits@D@std@@V?$allocator@D@2@@2@0@Z 10b0a820 f i LinkManagerMsg.obj
 0001:000098b0       ?begin@?$basic_string@DU?$char_traits@D@std@@V?$allocator@D@2@@std@@QAE?AV?$_String_iterator@DU?$char_traits@D@std@@V?$allocator@D@2@@2@XZ 10b0a8b0 f i LinkManagerMsg.obj
 0001:000098e0       ?end@?$basic_string@DU?$char_traits@D@std@@V?$allocator@D@2@@std@@QAE?AV?$_String_iterator@DU?$char_traits@D@std@@V?$allocator@D@2@@2@XZ 10b0a8e0 f i LinkManagerMsg.obj
 0001:00009910       ?find_first_of@?$basic_string@DU?$char_traits@D@std@@V?$allocator@D@2@@std@@QBEIPBDII@Z 10b0a910 f i LinkManagerMsg.obj
 0001:00009990       ?_Chassign@?$basic_string@DU?$char_traits@D@std@@V?$allocator@D@2@@std@@IAEXIID@Z 10b0a990 f i LinkManagerMsg.obj
 0001:000099e0       ?assign@?$char_traits@D@std@@SAPADPADID@Z 10b0a9e0 f i LinkManagerMsg.obj
 0001:00009a00       ?capacity@?$vector@VPMSStatBase@@V?$allocator@VPMSStatBase@@@std@@@std@@QBEIXZ 10b0aa00 f i LinkManagerMsg.obj
 0001:00009a40       ?insert@?$vector@VPMSStatBase@@V?$allocator@VPMSStatBase@@@std@@@std@@QAE?AV?$_Vector_iterator@VPMSStatBase@@V?$allocator@VPMSStatBase@@@std@@@2@V?$_Vector_const_iterator@VPMSStatBase@@V?$allocator@VPMSStatBase@@@std@@@2@ABVPMSStatBase@@@Z 10b0aa40 f i LinkManagerMsg.obj
 0001:00009ac0       ?_Ufill@?$vector@VPMSStatBase@@V?$allocator@VPMSStatBase@@@std@@@std@@IAEPAVPMSStatBase@@PAV3@IABV3@@Z 10b0aac0 f i LinkManagerMsg.obj
 0001:00009b00       ?capacity@?$vector@VPMSRegionInfo@@V?$allocator@VPMSRegionInfo@@@std@@@std@@QBEIXZ 10b0ab00 f i LinkManagerMsg.obj
 0001:00009b40       ?end@?$vector@JV?$allocator@J@std@@@std@@QAE?AV?$_Vector_iterator@JV?$allocator@J@std@@@2@XZ 10b0ab40 f i LinkManagerMsg.obj
 0001:00009b40       ?end@?$vector@PAXV?$allocator@PAX@std@@@std@@QAE?AV?$_Vector_iterator@PAXV?$allocator@PAX@std@@@2@XZ 10b0ab40 f i GKernelObj.obj
 0001:00009b40       ?end@?$vector@VPMSNSAP@@V?$allocator@VPMSNSAP@@@std@@@std@@QAE?AV?$_Vector_iterator@VPMSNSAP@@V?$allocator@VPMSNSAP@@@std@@@2@XZ 10b0ab40 f i LinkManager.obj
 0001:00009b40       ?end@?$vector@VPMSStatBase@@V?$allocator@VPMSStatBase@@@std@@@std@@QAE?AV?$_Vector_iterator@VPMSStatBase@@V?$allocator@VPMSStatBase@@@std@@@2@XZ 10b0ab40 f i LinkManagerMsg.obj
 0001:00009b40       ?end@?$vector@PAVGSyncObj@@V?$allocator@PAVGSyncObj@@@std@@@std@@QAE?AV?$_Vector_iterator@PAVGSyncObj@@V?$allocator@PAVGSyncObj@@@std@@@2@XZ 10b0ab40 f i GKernelObj.obj
 0001:00009b40       ?end@?$vector@VPMSRegionInfo@@V?$allocator@VPMSRegionInfo@@@std@@@std@@QAE?AV?$_Vector_iterator@VPMSRegionInfo@@V?$allocator@VPMSRegionInfo@@@std@@@2@XZ 10b0ab40 f i LinkManagerMsg.obj
 0001:00009b70       ?insert@?$vector@VPMSRegionInfo@@V?$allocator@VPMSRegionInfo@@@std@@@std@@QAE?AV?$_Vector_iterator@VPMSRegionInfo@@V?$allocator@VPMSRegionInfo@@@std@@@2@V?$_Vector_const_iterator@VPMSRegionInfo@@V?$allocator@VPMSRegionInfo@@@std@@@2@ABVPMSRegionInfo@@@Z 10b0ab70 f i LinkManagerMsg.obj
 0001:00009bf0       ?_Ufill@?$vector@VPMSRegionInfo@@V?$allocator@VPMSRegionInfo@@@std@@@std@@IAEPAVPMSRegionInfo@@PAV3@IABV3@@Z 10b0abf0 f i LinkManagerMsg.obj
 0001:00009c30       ?_Pdif@?$basic_string@DU?$char_traits@D@std@@V?$allocator@D@2@@std@@KAIV?$_String_const_iterator@DU?$char_traits@D@std@@V?$allocator@D@2@@2@0@Z 10b0ac30 f i LinkManagerMsg.obj
 0001:00009c60       ?_Insert_n@?$vector@VPMSStatBase@@V?$allocator@VPMSStatBase@@@std@@@std@@IAEXV?$_Vector_const_iterator@VPMSStatBase@@V?$allocator@VPMSStatBase@@@std@@@2@IABVPMSStatBase@@@Z 10b0ac60 f i LinkManagerMsg.obj
 0001:0000a0f0       ??0PMSStatBase@@QAE@ABV0@@Z 10b0b0f0 f i LinkManagerMsg.obj
 0001:0000a170       ?BCopy@PMSStatBase@@QAEXABV1@@Z 10b0b170 f i LinkManagerMsg.obj
 0001:0000a210       ?BCopy@@YAXAAVPMSUnitID@@ABV1@@Z 10b0b210 f i LinkManagerMsg.obj
 0001:0000a230       ?_Insert_n@?$vector@VPMSRegionInfo@@V?$allocator@VPMSRegionInfo@@@std@@@std@@IAEXV?$_Vector_const_iterator@VPMSRegionInfo@@V?$allocator@VPMSRegionInfo@@@std@@@2@IABVPMSRegionInfo@@@Z 10b0b230 f i LinkManagerMsg.obj
 0001:0000a630       ??0PMSRegionInfo@@QAE@ABV0@@Z 10b0b630 f i LinkManagerMsg.obj
 0001:0000a6b0       ?BCopy@PMSRegionInfo@@QAEXABV1@@Z 10b0b6b0 f i LinkManagerMsg.obj
 0001:0000a6f0       ??0?$_String_iterator@DU?$char_traits@D@std@@V?$allocator@D@2@@std@@QAE@PADPBV_Container_base_secure@1@@Z 10b0b6f0 f i LinkManagerMsg.obj
 0001:0000a710       ??H?$_Vector_iterator@VPMSStatBase@@V?$allocator@VPMSStatBase@@@std@@@std@@QBE?AV01@H@Z 10b0b710 f i LinkManagerMsg.obj
 0001:0000a750       ??G?$_Vector_const_iterator@VPMSStatBase@@V?$allocator@VPMSStatBase@@@std@@@std@@QBEHABV01@@Z 10b0b750 f i LinkManagerMsg.obj
 0001:0000a7a0       ??H?$_Vector_iterator@VPMSRegionInfo@@V?$allocator@VPMSRegionInfo@@@std@@@std@@QBE?AV01@H@Z 10b0b7a0 f i LinkManagerMsg.obj
 0001:0000a7e0       ??G?$_Vector_const_iterator@VPMSRegionInfo@@V?$allocator@VPMSRegionInfo@@@std@@@std@@QBEHABV01@@Z 10b0b7e0 f i LinkManagerMsg.obj
 0001:0000a830       ??0?$_String_const_iterator@DU?$char_traits@D@std@@V?$allocator@D@2@@std@@QAE@PBDPBV_Container_base_secure@1@@Z 10b0b830 f i LinkManagerMsg.obj
 0001:0000a890       ??G?$_String_const_iterator@DU?$char_traits@D@std@@V?$allocator@D@2@@std@@QBEHABV01@@Z 10b0b890 f i LinkManagerMsg.obj
 0001:0000a8e0       ?_Same_container@_Iterator_base_secure@std@@QBE_NABV12@@Z 10b0b8e0 f i LinkManagerMsg.obj
 0001:0000a8e0       ?_Same_container@_Iterator_base_aux@std@@QBE_NABV12@@Z 10b0b8e0 f i LinkManager.obj
 0001:0000a900       ??Y?$_Vector_iterator@VPMSStatBase@@V?$allocator@VPMSStatBase@@@std@@@std@@QAEAAV01@H@Z 10b0b900 f i LinkManagerMsg.obj
 0001:0000a920       ??Y?$_Vector_iterator@VPMSRegionInfo@@V?$allocator@VPMSRegionInfo@@@std@@@std@@QAEAAV01@H@Z 10b0b920 f i LinkManagerMsg.obj
 0001:0000a940       ??0_Iterator_base_secure@std@@QAE@XZ 10b0b940 f i LinkManagerMsg.obj
 0001:0000a940       ??0_Iterator_base_aux@std@@QAE@XZ 10b0b940 f i LinkManager.obj
 0001:0000a940       ??0PMSAHeartBeatReq@@QAE@XZ 10b0b940 f i LinkManager.obj
 0001:0000a960       ??Y?$_Vector_const_iterator@VPMSStatBase@@V?$allocator@VPMSStatBase@@@std@@@std@@QAEAAV01@H@Z 10b0b960 f i LinkManagerMsg.obj
 0001:0000a9e0       ??Y?$_Vector_const_iterator@VPMSRegionInfo@@V?$allocator@VPMSRegionInfo@@@std@@@std@@QAEAAV01@H@Z 10b0b9e0 f i LinkManagerMsg.obj
 0001:0000aa60       ??$BCopy@J@@YAXAAV?$ArcVectorT@J@@ABV0@@Z 10b0ba60 f i LinkManagerMsg.obj
 0001:0000aa80       ??$assign@V?$_Vector_iterator@JV?$allocator@J@std@@@std@@@?$vector@JV?$allocator@J@std@@@std@@QAEXV?$_Vector_iterator@JV?$allocator@J@std@@@1@0@Z 10b0ba80 f i LinkManagerMsg.obj
 0001:0000aac0       ??$assign@PAJ@?$vector@JV?$allocator@J@std@@@std@@QAEXPAJ0@Z 10b0bac0 f i LinkManagerMsg.obj
 0001:0000ab00       ??$?0VPMSAAnnounceAns@@@PayloadHA@@QAE@IABVPMSAAnnounceAns@@@Z 10b0bb00 f i LinkManagerMsg.obj
 0001:0000ab00       ??$?0VPMSAHeartBeatAns@@@PayloadHA@@QAE@IABVPMSAHeartBeatAns@@@Z 10b0bb00 f i LinkManagerMsg.obj
 0001:0000aba0       ?BCopy@@YAXAAVPMSAAnnounceAns@@ABV1@@Z 10b0bba0 f i LinkManagerMsg.obj
 0001:0000aba0       ?BCopy@@YAXAAVPMSAHeartBeatAns@@ABV1@@Z 10b0bba0 f i LinkManagerMsg.obj
 0001:0000abc0       ?BCopy@PMSAAnnounceAns@@QAEXABV1@@Z 10b0bbc0 f i LinkManagerMsg.obj
 0001:0000abc0       ?BCopy@PMSAHeartBeatAns@@QAEXABV1@@Z 10b0bbc0 f i LinkManagerMsg.obj
 0001:0000abc0       ?BCopy@PMSNSAP@@QAEXABV1@@Z 10b0bbc0 f i LinkManager.obj
 0001:0000ac00       ??$unchecked_uninitialized_fill_n@PAVPMSStatBase@@IV1@V?$allocator@VPMSStatBase@@@std@@@stdext@@YAXPAVPMSStatBase@@IABV1@AAV?$allocator@VPMSStatBase@@@std@@@Z 10b0bc00 f i LinkManagerMsg.obj
 0001:0000ac50       ??$unchecked_uninitialized_fill_n@PAVPMSRegionInfo@@IV1@V?$allocator@VPMSRegionInfo@@@std@@@stdext@@YAXPAVPMSRegionInfo@@IABV1@AAV?$allocator@VPMSRegionInfo@@@std@@@Z 10b0bc50 f i LinkManagerMsg.obj
 0001:0000aca0       ??$_Umove@PAVPMSStatBase@@@?$vector@VPMSStatBase@@V?$allocator@VPMSStatBase@@@std@@@std@@IAEPAVPMSStatBase@@PAV2@00@Z 10b0bca0 f i LinkManagerMsg.obj
 0001:0000acd0       ??$fill@PAVPMSStatBase@@V1@@std@@YAXPAVPMSStatBase@@0ABV1@@Z 10b0bcd0 f i LinkManagerMsg.obj
 0001:0000ad00       ??$_Unchecked_move_backward@PAVPMSStatBase@@PAV1@@stdext@@YAPAVPMSStatBase@@PAV1@00@Z 10b0bd00 f i LinkManagerMsg.obj
 0001:0000ad70       ??$_Umove@PAVPMSRegionInfo@@@?$vector@VPMSRegionInfo@@V?$allocator@VPMSRegionInfo@@@std@@@std@@IAEPAVPMSRegionInfo@@PAV2@00@Z 10b0bd70 f i LinkManagerMsg.obj
 0001:0000ada0       ??$fill@PAVPMSRegionInfo@@V1@@std@@YAXPAVPMSRegionInfo@@0ABV1@@Z 10b0bda0 f i LinkManagerMsg.obj
 0001:0000add0       ??$_Unchecked_move_backward@PAVPMSRegionInfo@@PAV1@@stdext@@YAPAVPMSRegionInfo@@PAV1@00@Z 10b0bdd0 f i LinkManagerMsg.obj
 0001:0000ae40       ?BCopy@?$ArcVectorT@J@@QAEXABV1@@Z 10b0be40 f i LinkManagerMsg.obj
 0001:0000aee0       ?back@?$vector@JV?$allocator@J@std@@@std@@QAEAAJXZ 10b0bee0 f i LinkManagerMsg.obj
 0001:0000af10       ??D?$_Vector_iterator@JV?$allocator@J@std@@@std@@QBEAAJXZ 10b0bf10 f i LinkManagerMsg.obj
 0001:0000af30       ??G?$_Vector_iterator@JV?$allocator@J@std@@@std@@QBE?AV01@H@Z 10b0bf30 f i LinkManagerMsg.obj
 0001:0000af70       ??Z?$_Vector_iterator@JV?$allocator@J@std@@@std@@QAEAAV01@H@Z 10b0bf70 f i LinkManagerMsg.obj
 0001:0000af90       ?Push@GSafeBufQ@@QAEXABVGBuf@@@Z 10b0bf90 f i LinkManagerMsg.obj
 0001:0000b000       ?Push@GBufQ@@QAEXABVGBuf@@@Z 10b0c000 f i LinkManagerMsg.obj
 0001:0000b020       ??Y?$_Vector_iterator@PAVGSyncObj@@V?$allocator@PAVGSyncObj@@@std@@@std@@QAEAAV01@H@Z 10b0c020 f i GKernelObj.obj
 0001:0000b020       ??Y?$_Vector_iterator@PAXV?$allocator@PAX@std@@@std@@QAEAAV01@H@Z 10b0c020 f i GKernelObj.obj
 0001:0000b020       ??Y?$_Vector_iterator@JV?$allocator@J@std@@@std@@QAEAAV01@H@Z 10b0c020 f i LinkManagerMsg.obj
 0001:0000b040       ??Y?$_Vector_const_iterator@PAVGSyncObj@@V?$allocator@PAVGSyncObj@@@std@@@std@@QAEAAV01@H@Z 10b0c040 f i GKernelObj.obj
 0001:0000b040       ??Y?$_Vector_const_iterator@JV?$allocator@J@std@@@std@@QAEAAV01@H@Z 10b0c040 f i LinkManagerMsg.obj
 0001:0000b040       ??Y?$_Vector_const_iterator@PAXV?$allocator@PAX@std@@@std@@QAEAAV01@H@Z 10b0c040 f i GKernelObj.obj
 0001:0000b0c0       ?BCopy@@YAXAAV?$basic_string@DU?$char_traits@D@std@@V?$allocator@D@2@@std@@ABV12@@Z 10b0c0c0 f i LinkManagerMsg.obj
[...]
 0001:0002a947       __ehhandler$??0GEvent@@QAE@PBDKH@Z 10b2b947 f   GKernelObj.obj
 0001:0002a962       __unwindfunclet$??0GMultiLock@@QAE@PAPAVGSyncObj@@KH@Z$0 10b2b962 f   GKernelObj.obj
 0001:0002a96a       __ehhandler$??0GMultiLock@@QAE@PAPAVGSyncObj@@KH@Z 10b2b96a f   GKernelObj.obj
 0001:0002a985       __unwindfunclet$??1GMultiLock@@QAE@XZ$0 10b2b985 f   GKernelObj.obj
 0001:0002a98d       __ehhandler$??1GMultiLock@@QAE@XZ 10b2b98d f   GKernelObj.obj
 0001:0002a9a8       __unwindfunclet$??0GSelector@@QAE@PAPAVGSyncObj@@KH@Z$0 10b2b9a8 f   GKernelObj.obj
 0001:0002a9b3       __ehhandler$??0GSelector@@QAE@PAPAVGSyncObj@@KH@Z 10b2b9b3 f   GKernelObj.obj
 0001:0002a9d0       __ehhandler$?_Insert_n@?$vector@PAVGSyncObj@@V?$allocator@PAVGSyncObj@@@std@@@std@@IAEXV?$_Vector_const_iterator@PAVGSyncObj@@V?$allocator@PAVGSyncObj@@@std@@@2@IABQAVGSyncObj@@@Z 10b2b9d0 f   GKernelObj.obj
 0001:0002a9d0       __ehhandler$?_Insert_n@?$vector@JV?$allocator@J@std@@@std@@IAEXV?$_Vector_const_iterator@JV?$allocator@J@std@@@2@IABJ@Z 10b2b9d0 f   GKernelObj.obj
 0001:0002a9d0       __ehhandler$?_Insert_n@?$vector@PAXV?$allocator@PAX@std@@@std@@IAEXV?$_Vector_const_iterator@PAXV?$allocator@PAX@std@@@2@IABQAX@Z 10b2b9d0 f   GKernelObj.obj
 0001:0002a9f0       __unwindfunclet$?_Xlen@?$vector@JV?$allocator@J@std@@@std@@KAXXZ$0 10b2b9f0 f   GKernelObj.obj
 0001:0002a9f0       __unwindfunclet$?_Xlen@?$vector@PAXV?$allocator@PAX@std@@@std@@KAXXZ$0 10b2b9f0 f   GKernelObj.obj
 0001:0002a9f0       __unwindfunclet$?_Xlen@?$vector@VPMSStatBase@@V?$allocator@VPMSStatBase@@@std@@@std@@KAXXZ$0 10b2b9f0 f   GKernelObj.obj
 0001:0002a9f0       __unwindfunclet$?_Xlen@?$vector@VPMSNSAP@@V?$allocator@VPMSNSAP@@@std@@@std@@KAXXZ$0 10b2b9f0 f   GKernelObj.obj
 0001:0002a9f0       __unwindfunclet$?_Xlen@?$vector@VPMSRegionInfo@@V?$allocator@VPMSRegionInfo@@@std@@@std@@KAXXZ$0 10b2b9f0 f   GKernelObj.obj
 0001:0002a9f0       __unwindfunclet$?_Xlen@?$vector@PAVGSyncObj@@V?$allocator@PAVGSyncObj@@@std@@@std@@KAXXZ$0 10b2b9f0 f   GKernelObj.obj
 0001:0002a9f8       __ehhandler$?_Xlen@?$vector@PAVGSyncObj@@V?$allocator@PAVGSyncObj@@@std@@@std@@KAXXZ 10b2b9f8 f   GKernelObj.obj
 0001:0002a9f8       __ehhandler$?_Xlen@?$vector@PAXV?$allocator@PAX@std@@@std@@KAXXZ 10b2b9f8 f   GKernelObj.obj
 0001:0002a9f8       __ehhandler$?_Xlen@?$vector@JV?$allocator@J@std@@@std@@KAXXZ 10b2b9f8 f   GKernelObj.obj
 0001:0002a9f8       __ehhandler$?_Xlen@?$vector@VPMSRegionInfo@@V?$allocator@VPMSRegionInfo@@@std@@@std@@KAXXZ 10b2b9f8 f   GKernelObj.obj
 0001:0002a9f8       __ehhandler$?_Xlen@?$vector@VPMSStatBase@@V?$allocator@VPMSStatBase@@@std@@@std@@KAXXZ 10b2b9f8 f   GKernelObj.obj
 0001:0002a9f8       __ehhandler$?_Xlen@?$vector@VPMSNSAP@@V?$allocator@VPMSNSAP@@@std@@@std@@KAXXZ 10b2b9f8 f   GKernelObj.obj
 0001:0002aa20       __unwindfunclet$??0?$_Container_base_aux_alloc_real@V?$allocator@VGBuf@@@std@@@std@@IAE@V?$allocator@VGBuf@@@1@@Z$0 10b2ba20 f   GKernelObj.obj
 0001:0002aa20       __unwindfunclet$??0?$_Container_base_aux_alloc_real@V?$allocator@VPMSRegionInfo@@@std@@@std@@IAE@V?$allocator@VPMSRegionInfo@@@1@@Z$0 10b2ba20 f   GKernelObj.obj
 0001:0002aa20       __unwindfunclet$??0?$_Container_base_aux_alloc_real@V?$allocator@PAVGSyncObj@@@std@@@std@@IAE@V?$allocator@PAVGSyncObj@@@1@@Z$0 10b2ba20 f   GKernelObj.obj
 0001:0002aa20       __unwindfunclet$??0?$_Container_base_aux_alloc_real@V?$allocator@VPMSStatBase@@@std@@@std@@IAE@V?$allocator@VPMSStatBase@@@1@@Z$0 10b2ba20 f   GKernelObj.obj
 0001:0002aa20       __unwindfunclet$??0?$_Container_base_aux_alloc_real@V?$allocator@J@std@@@std@@IAE@V?$allocator@J@1@@Z$0 10b2ba20 f   GKernelObj.obj
 0001:0002aa20       __unwindfunclet$??0?$_Container_base_aux_alloc_real@V?$allocator@VPMSNSAP@@@std@@@std@@IAE@V?$allocator@VPMSNSAP@@@1@@Z$0 10b2ba20 f   GKernelObj.obj
 0001:0002aa28       __unwindfunclet$??0?$_Container_base_aux_alloc_real@V?$allocator@VPMSRegionInfo@@@std@@@std@@IAE@V?$allocator@VPMSRegionInfo@@@1@@Z$1 10b2ba28 f   GKernelObj.obj
 0001:0002aa28       __unwindfunclet$??0?$_Container_base_aux_alloc_real@V?$allocator@VPMSNSAP@@@std@@@std@@IAE@V?$allocator@VPMSNSAP@@@1@@Z$1 10b2ba28 f   GKernelObj.obj
 0001:0002aa28       __unwindfunclet$??0?$_Container_base_aux_alloc_real@V?$allocator@VPMSStatBase@@@std@@@std@@IAE@V?$allocator@VPMSStatBase@@@1@@Z$1 10b2ba28 f   GKernelObj.obj
 0001:0002aa28       __unwindfunclet$??0?$_Container_base_aux_alloc_real@V?$allocator@J@std@@@std@@IAE@V?$allocator@J@1@@Z$1 10b2ba28 f   GKernelObj.obj
 0001:0002aa28       __unwindfunclet$??0?$_Container_base_aux_alloc_real@V?$allocator@VGBuf@@@std@@@std@@IAE@V?$allocator@VGBuf@@@1@@Z$1 10b2ba28 f   GKernelObj.obj
 0001:0002aa28       __unwindfunclet$??0?$_Container_base_aux_alloc_real@V?$allocator@PAVGSyncObj@@@std@@@std@@IAE@V?$allocator@PAVGSyncObj@@@1@@Z$1 10b2ba28 f   GKernelObj.obj
 0001:0002aa39       __ehhandler$??0?$_Container_base_aux_alloc_real@V?$allocator@VGBuf@@@std@@@std@@IAE@V?$allocator@VGBuf@@@1@@Z 10b2ba39 f   GKernelObj.obj
 0001:0002aa39       __ehhandler$??0?$_Container_base_aux_alloc_real@V?$allocator@J@std@@@std@@IAE@V?$allocator@J@1@@Z 10b2ba39 f   GKernelObj.obj
 0001:0002aa39       __ehhandler$??0?$_Container_base_aux_alloc_real@V?$allocator@VPMSStatBase@@@std@@@std@@IAE@V?$allocator@VPMSStatBase@@@1@@Z 10b2ba39 f   GKernelObj.obj
 0001:0002aa39       __ehhandler$??0?$_Container_base_aux_alloc_real@V?$allocator@VPMSNSAP@@@std@@@std@@IAE@V?$allocator@VPMSNSAP@@@1@@Z 10b2ba39 f   GKernelObj.obj
 0001:0002aa39       __ehhandler$??0?$_Container_base_aux_alloc_real@V?$allocator@PAVGSyncObj@@@std@@@std@@IAE@V?$allocator@PAVGSyncObj@@@1@@Z 10b2ba39 f   GKernelObj.obj
 0001:0002aa39       __ehhandler$??0?$_Container_base_aux_alloc_real@V?$allocator@VPMSRegionInfo@@@std@@@std@@IAE@V?$allocator@VPMSRegionInfo@@@1@@Z 10b2ba39 f   GKernelObj.obj
 0001:0002aa60       __unwindfunclet$??1?$pvector@VGSyncObj@@@@UAE@XZ$0 10b2ba60 f   GKernelObj.obj
 0001:0002aa6b       __ehhandler$??1?$pvector@VGSyncObj@@@@UAE@XZ 10b2ba6b f   GKernelObj.obj
 0001:0002aa90       __unwindfunclet$?Create@GSocket@@UAEHJHV?$basic_string@DU?$char_traits@D@std@@V?$allocator@D@2@@std@@@Z$0 10b2ba90 f   GSocket.obj
 0001:0002aa98       __ehhandler$?Create@GSocket@@UAEHJHV?$basic_string@DU?$char_traits@D@std@@V?$allocator@D@2@@std@@@Z 10b2ba98 f   GSocket.obj
 0001:0002aab3       __unwindfunclet$?Create@GSocket@@UAEHJHV?$basic_string@GU?$char_traits@G@std@@V?$allocator@G@2@@std@@@Z$0 10b2bab3 f   GSocket.obj
 0001:0002aabb       __ehhandler$?Create@GSocket@@UAEHJHV?$basic_string@GU?$char_traits@G@std@@V?$allocator@G@2@@std@@@Z 10b2babb f   GSocket.obj
 0001:0002aad6       __unwindfunclet$?GetPeerName@GSocket@@QAEHAAV?$basic_string@GU?$char_traits@G@std@@V?$allocator@G@2@@std@@AAJ@Z$0 10b2bad6 f   GSocket.obj
 0001:0002aade       __ehhandler$?GetPeerName@GSocket@@QAEHAAV?$basic_string@GU?$char_traits@G@std@@V?$allocator@G@2@@std@@AAJ@Z 10b2bade f   GSocket.obj
 0001:0002ab03       __unwindfunclet$?GetSockName@GSocket@@QAEHAAV?$basic_string@GU?$char_traits@G@std@@V?$allocator@G@2@@std@@AAJ@Z$0 10b2bb03 f   GSocket.obj
 0001:0002ab0b       __ehhandler$?GetSockName@GSocket@@QAEHAAV?$basic_string@GU?$char_traits@G@std@@V?$allocator@G@2@@std@@AAJ@Z 10b2bb0b f   GSocket.obj
 0001:0002ab30       __unwindfunclet$?Bind@GSocket@@QAEHJV?$basic_string@DU?$char_traits@D@std@@V?$allocator@D@2@@std@@@Z$0 10b2bb30 f   GSocket.obj
 0001:0002ab38       __ehhandler$?Bind@GSocket@@QAEHJV?$basic_string@DU?$char_traits@D@std@@V?$allocator@D@2@@std@@@Z 10b2bb38 f   GSocket.obj
 0001:0002ab5d       __unwindfunclet$?Bind@GSocket@@QAEHJV?$basic_string@GU?$char_traits@G@std@@V?$allocator@G@2@@std@@@Z$0 10b2bb5d f   GSocket.obj
 0001:0002ab65       __ehhandler$?Bind@GSocket@@QAEHJV?$basic_string@GU?$char_traits@G@std@@V?$allocator@G@2@@std@@@Z 10b2bb65 f   GSocket.obj
 0001:0002ab8a       __unwindfunclet$?Connect@GSocket@@QAEHV?$basic_string@DU?$char_traits@D@std@@V?$allocator@D@2@@std@@J@Z$0 10b2bb8a f   GSocket.obj
 0001:0002ab92       __ehhandler$?Connect@GSocket@@QAEHV?$basic_string@DU?$char_traits@D@std@@V?$allocator@D@2@@std@@J@Z 10b2bb92 f   GSocket.obj
 0001:0002abb7       __unwindfunclet$?Connect@GSocket@@QAEHV?$basic_string@GU?$char_traits@G@std@@V?$allocator@G@2@@std@@J@Z$0 10b2bbb7 f   GSocket.obj
 0001:0002abbf       __ehhandler$?Connect@GSocket@@QAEHV?$basic_string@GU?$char_traits@G@std@@V?$allocator@G@2@@std@@J@Z 10b2bbbf f   GSocket.obj
 0001:0002abe4       __unwindfunclet$?SendTo@GSocket@@QAEHPBXHJV?$basic_string@DU?$char_traits@D@std@@V?$allocator@D@2@@std@@H@Z$0 10b2bbe4 f   GSocket.obj
 0001:0002abec       __ehhandler$?SendTo@GSocket@@QAEHPBXHJV?$basic_string@DU?$char_traits@D@std@@V?$allocator@D@2@@std@@H@Z 10b2bbec f   GSocket.obj
 0001:0002ac11       __unwindfunclet$?SendTo@GSocket@@QAEHPBXHJV?$basic_string@GU?$char_traits@G@std@@V?$allocator@G@2@@std@@H@Z$0 10b2bc11 f   GSocket.obj
 0001:0002ac19       __ehhandler$?SendTo@GSocket@@QAEHPBXHJV?$basic_string@GU?$char_traits@G@std@@V?$allocator@G@2@@std@@H@Z 10b2bc19 f   GSocket.obj
 0001:0002ac3e       __unwindfunclet$?GetHostAddr@GSocket@@QAEHV?$basic_string@GU?$char_traits@G@std@@V?$allocator@G@2@@std@@PAUsockaddr_in@@HH@Z$0 10b2bc3e f   GSocket.obj
 0001:0002ac46       __unwindfunclet$?GetHostAddr@GSocket@@QAEHV?$basic_string@GU?$char_traits@G@std@@V?$allocator@G@2@@std@@PAUsockaddr_in@@HH@Z$1 10b2bc46 f   GSocket.obj
 0001:0002ac4e       __ehhandler$?GetHostAddr@GSocket@@QAEHV?$basic_string@GU?$char_traits@G@std@@V?$allocator@G@2@@std@@PAUsockaddr_in@@HH@Z 10b2bc4e f   GSocket.obj
 0001:0002ac73       __unwindfunclet$?GetHostAddr@GSocket@@QAEHV?$basic_string@DU?$char_traits@D@std@@V?$allocator@D@2@@std@@PAUsockaddr_in@@HH@Z$0 10b2bc73 f   GSocket.obj
 0001:0002ac7b       __unwindfunclet$?GetHostAddr@GSocket@@QAEHV?$basic_string@DU?$char_traits@D@std@@V?$allocator@D@2@@std@@PAUsockaddr_in@@HH@Z$1 10b2bc7b f   GSocket.obj
 0001:0002ac83       __ehhandler$?GetHostAddr@GSocket@@QAEHV?$basic_string@DU?$char_traits@D@std@@V?$allocator@D@2@@std@@PAUsockaddr_in@@HH@Z 10b2bc83 f   GSocket.obj
 0001:0002acb0       __unwindfunclet$?str2wstr@@YAHAAV?$basic_string@GU?$char_traits@G@std@@V?$allocator@G@2@@std@@V?$basic_string@DU?$char_traits@D@std@@V?$allocator@D@2@@2@@Z$0 10b2bcb0 f   GSocket.obj
 0001:0002acb8       __unwindfunclet$?str2wstr@@YAHAAV?$basic_string@GU?$char_traits@G@std@@V?$allocator@G@2@@std@@V?$basic_string@DU?$char_traits@D@std@@V?$allocator@D@2@@2@@Z$1 10b2bcb8 f   GSocket.obj
 0001:0002acc0       __ehhandler$?str2wstr@@YAHAAV?$basic_string@GU?$char_traits@G@std@@V?$allocator@G@2@@std@@V?$basic_string@DU?$char_traits@D@std@@V?$allocator@D@2@@2@@Z 10b2bcc0 f   GSocket.obj
 0001:0002ace0       __unwindfunclet$?wstr2str@@YAHAAV?$basic_string@DU?$char_traits@D@std@@V?$allocator@D@2@@std@@V?$basic_string@GU?$char_traits@G@std@@V?$allocator@G@2@@2@@Z$0 10b2bce0 f   GSocket.obj
 0001:0002ace8       __unwindfunclet$?wstr2str@@YAHAAV?$basic_string@DU?$char_traits@D@std@@V?$allocator@D@2@@std@@V?$basic_string@GU?$char_traits@G@std@@V?$allocator@G@2@@2@@Z$1 10b2bce8 f   GSocket.obj
 0001:0002acf0       __ehhandler$?wstr2str@@YAHAAV?$basic_string@DU?$char_traits@D@std@@V?$allocator@D@2@@std@@V?$basic_string@GU?$char_traits@G@std@@V?$allocator@G@2@@2@@Z 10b2bcf0 f   GSocket.obj
 0001:0002ad10       __unwindfunclet$?TrySend@@YAHIAAV?$basic_string@DU?$char_traits@D@std@@V?$allocator@D@2@@std@@@Z$0 10b2bd10 f   GSocketUtl.obj
 0001:0002ad18       __ehhandler$?TrySend@@YAHIAAV?$basic_string@DU?$char_traits@D@std@@V?$allocator@D@2@@std@@@Z 10b2bd18 f   GSocketUtl.obj
 0001:0002ad33       __unwindfunclet$??0GTxtSocket@@QAE@XZ$0 10b2bd33 f   GSocketUtl.obj
 0001:0002ad3b       __unwindfunclet$??0GTxtSocket@@QAE@XZ$1 10b2bd3b f   GSocketUtl.obj
 0001:0002ad46       __ehhandler$??0GTxtSocket@@QAE@XZ 10b2bd46 f   GSocketUtl.obj
 0001:0002ad61       __unwindfunclet$??1GTxtSocket@@UAE@XZ$0 10b2bd61 f   GSocketUtl.obj
 0001:0002ad69       __unwindfunclet$??1GTxtSocket@@UAE@XZ$1 10b2bd69 f   GSocketUtl.obj
 0001:0002ad74       __ehhandler$??1GTxtSocket@@UAE@XZ 10b2bd74 f   GSocketUtl.obj
 0001:0002ad8f       __unwindfunclet$?DoSend@GTxtSocket@@UAEHV?$basic_string@DU?$char_traits@D@std@@V?$allocator@D@2@@std@@@Z$0 10b2bd8f f   GSocketUtl.obj
 0001:0002ad97       __ehhandler$?DoSend@GTxtSocket@@UAEHV?$basic_string@DU?$char_traits@D@std@@V?$allocator@D@2@@std@@@Z 10b2bd97 f   GSocketUtl.obj
 0001:0002adb2       __unwindfunclet$??0GBufSocket@@QAE@XZ$0 10b2bdb2 f   GSocketUtl.obj
 0001:0002adba       __unwindfunclet$??0GBufSocket@@QAE@XZ$1 10b2bdba f   GSocketUtl.obj
 0001:0002adc5       __ehhandler$??0GBufSocket@@QAE@XZ 10b2bdc5 f   GSocketUtl.obj
 0001:0002ade0       __unwindfunclet$??1GBufSocket@@UAE@XZ$0 10b2bde0 f   GSocketUtl.obj
 0001:0002ade8       __unwindfunclet$??1GBufSocket@@UAE@XZ$1 10b2bde8 f   GSocketUtl.obj
 0001:0002adf3       __ehhandler$??1GBufSocket@@UAE@XZ 10b2bdf3 f   GSocketUtl.obj
 0001:0002ae10       __unwindfunclet$?Pop@GBufQ@@QAE?AVGBuf@@XZ$0 10b2be10 f   GSocketUtl.obj
 0001:0002ae18       __unwindfunclet$?Pop@GBufQ@@QAE?AVGBuf@@XZ$1 10b2be18 f   GSocketUtl.obj
 0001:0002ae31       __ehhandler$?Pop@GBufQ@@QAE?AVGBuf@@XZ 10b2be31 f   GSocketUtl.obj
 0001:0002ae50       __unwindfunclet$?format@@YA?AV?$basic_string@DU?$char_traits@D@std@@V?$allocator@D@2@@std@@PBDZZ$0 10b2be50 f   GString.obj
 0001:0002ae58       __unwindfunclet$?format@@YA?AV?$basic_string@DU?$char_traits@D@std@@V?$allocator@D@2@@std@@PBDZZ$1 10b2be58 f   GString.obj
 0001:0002ae71       __ehhandler$?format@@YA?AV?$basic_string@DU?$char_traits@D@std@@V?$allocator@D@2@@std@@PBDZZ 10b2be71 f   GString.obj
 0001:0002ae96       __unwindfunclet$?format@@YA?AV?$basic_string@GU?$char_traits@G@std@@V?$allocator@G@2@@std@@PBGZZ$0 10b2be96 f   GString.obj
 0001:0002ae9e       __unwindfunclet$?format@@YA?AV?$basic_string@GU?$char_traits@G@std@@V?$allocator@G@2@@std@@PBGZZ$1 10b2be9e f   GString.obj
 0001:0002aeb7       __ehhandler$?format@@YA?AV?$basic_string@GU?$char_traits@G@std@@V?$allocator@G@2@@std@@PBGZZ 10b2beb7 f   GString.obj
 0001:0002aedc       __unwindfunclet$?trimleft@@YAAAV?$basic_string@DU?$char_traits@D@std@@V?$allocator@D@2@@std@@AAV12@@Z$0 10b2bedc f   GString.obj
 0001:0002aee4       __ehhandler$?trimleft@@YAAAV?$basic_string@DU?$char_traits@D@std@@V?$allocator@D@2@@std@@AAV12@@Z 10b2bee4 f   GString.obj
 0001:0002aeff       __unwindfunclet$?stricmp@@YAHABV?$basic_string@DU?$char_traits@D@std@@V?$allocator@D@2@@std@@0@Z$0 10b2beff f   GString.obj
 0001:0002af07       __unwindfunclet$?stricmp@@YAHABV?$basic_string@DU?$char_traits@D@std@@V?$allocator@D@2@@std@@0@Z$1 10b2bf07 f   GString.obj
 0001:0002af0f       __ehhandler$?stricmp@@YAHABV?$basic_string@DU?$char_traits@D@std@@V?$allocator@D@2@@std@@0@Z 10b2bf0f f   GString.obj
 0001:0002af34       __unwindfunclet$?strncmp@@YAHABV?$basic_string@DU?$char_traits@D@std@@V?$allocator@D@2@@std@@0I@Z$0 10b2bf34 f   GString.obj
 0001:0002af3c       __unwindfunclet$?strncmp@@YAHABV?$basic_string@DU?$char_traits@D@std@@V?$allocator@D@2@@std@@0I@Z$1 10b2bf3c f   GString.obj
 0001:0002af44       __ehhandler$?strncmp@@YAHABV?$basic_string@DU?$char_traits@D@std@@V?$allocator@D@2@@std@@0I@Z 10b2bf44 f   GString.obj
 0001:0002af69       __unwindfunclet$?strnicmp@@YAHABV?$basic_string@DU?$char_traits@D@std@@V?$allocator@D@2@@std@@0I@Z$0 10b2bf69 f   GString.obj
 0001:0002af71       __unwindfunclet$?strnicmp@@YAHABV?$basic_string@DU?$char_traits@D@std@@V?$allocator@D@2@@std@@0I@Z$1 10b2bf71 f   GString.obj
 0001:0002af79       __unwindfunclet$?strnicmp@@YAHABV?$basic_string@DU?$char_traits@D@std@@V?$allocator@D@2@@std@@0I@Z$2 10b2bf79 f   GString.obj
 0001:0002af81       __unwindfunclet$?strnicmp@@YAHABV?$basic_string@DU?$char_traits@D@std@@V?$allocator@D@2@@std@@0I@Z$3 10b2bf81 f   GString.obj
 0001:0002af8c       __ehhandler$?strnicmp@@YAHABV?$basic_string@DU?$char_traits@D@std@@V?$allocator@D@2@@std@@0I@Z 10b2bf8c f   GString.obj
 0001:0002afb4       __unwindfunclet$?trimleft@@YAAAV?$basic_string@GU?$char_traits@G@std@@V?$allocator@G@2@@std@@AAV12@@Z$0 10b2bfb4 f   GString.obj
 0001:0002afbc       __ehhandler$?trimleft@@YAAAV?$basic_string@GU?$char_traits@G@std@@V?$allocator@G@2@@std@@AAV12@@Z 10b2bfbc f   GString.obj
 0001:0002afd7       __unwindfunclet$?stricmp@@YAHABV?$basic_string@GU?$char_traits@G@std@@V?$allocator@G@2@@std@@0@Z$0 10b2bfd7 f   GString.obj
 0001:0002afdf       __unwindfunclet$?stricmp@@YAHABV?$basic_string@GU?$char_traits@G@std@@V?$allocator@G@2@@std@@0@Z$1 10b2bfdf f   GString.obj
 0001:0002afe7       __ehhandler$?stricmp@@YAHABV?$basic_string@GU?$char_traits@G@std@@V?$allocator@G@2@@std@@0@Z 10b2bfe7 f   GString.obj
 0001:0002b00c       __unwindfunclet$?strncmp@@YAHABV?$basic_string@GU?$char_traits@G@std@@V?$allocator@G@2@@std@@0I@Z$0 10b2c00c f   GString.obj
 0001:0002b014       __unwindfunclet$?strncmp@@YAHABV?$basic_string@GU?$char_traits@G@std@@V?$allocator@G@2@@std@@0I@Z$1 10b2c014 f   GString.obj
 0001:0002b01c       __ehhandler$?strncmp@@YAHABV?$basic_string@GU?$char_traits@G@std@@V?$allocator@G@2@@std@@0I@Z 10b2c01c f   GString.obj
 0001:0002b041       __unwindfunclet$?strnicmp@@YAHABV?$basic_string@GU?$char_traits@G@std@@V?$allocator@G@2@@std@@0I@Z$0 10b2c041 f   GString.obj
 0001:0002b049       __unwindfunclet$?strnicmp@@YAHABV?$basic_string@GU?$char_traits@G@std@@V?$allocator@G@2@@std@@0I@Z$1 10b2c049 f   GString.obj
 0001:0002b051       __unwindfunclet$?strnicmp@@YAHABV?$basic_string@GU?$char_traits@G@std@@V?$allocator@G@2@@std@@0I@Z$2 10b2c051 f   GString.obj
 0001:0002b059       __unwindfunclet$?strnicmp@@YAHABV?$basic_string@GU?$char_traits@G@std@@V?$allocator@G@2@@std@@0I@Z$3 10b2c059 f   GString.obj
 0001:0002b064       __ehhandler$?strnicmp@@YAHABV?$basic_string@GU?$char_traits@G@std@@V?$allocator@G@2@@std@@0I@Z 10b2c064 f   GString.obj
 0001:0002b08c       __unwindfunclet$?wstr2str@@YA?AV?$basic_string@DU?$char_traits@D@std@@V?$allocator@D@2@@std@@ABV?$basic_string@GU?$char_traits@G@std@@V?$allocator@G@2@@2@@Z$0 10b2c08c f   GString.obj
 0001:0002b097       __unwindfunclet$?wstr2str@@YA?AV?$basic_string@DU?$char_traits@D@std@@V?$allocator@D@2@@std@@ABV?$basic_string@GU?$char_traits@G@std@@V?$allocator@G@2@@2@@Z$1 10b2c097 f   GString.obj
 0001:0002b0b6       __ehhandler$?wstr2str@@YA?AV?$basic_string@DU?$char_traits@D@std@@V?$allocator@D@2@@std@@ABV?$basic_string@GU?$char_traits@G@std@@V?$allocator@G@2@@2@@Z 10b2c0b6 f   GString.obj
 0001:0002b0de       __unwindfunclet$?str2wstr@@YA?AV?$basic_string@GU?$char_traits@G@std@@V?$allocator@G@2@@std@@ABV?$basic_string@DU?$char_traits@D@std@@V?$allocator@D@2@@2@@Z$0 10b2c0de f   GString.obj
 0001:0002b0e9       __unwindfunclet$?str2wstr@@YA?AV?$basic_string@GU?$char_traits@G@std@@V?$allocator@G@2@@std@@ABV?$basic_string@DU?$char_traits@D@std@@V?$allocator@D@2@@2@@Z$1 10b2c0e9 f   GString.obj
 0001:0002b108       __ehhandler$?str2wstr@@YA?AV?$basic_string@GU?$char_traits@G@std@@V?$allocator@G@2@@std@@ABV?$basic_string@DU?$char_traits@D@std@@V?$allocator@D@2@@2@@Z 10b2c108 f   GString.obj
 0001:0002b130       __unwindfunclet$?_Xran@_String_base@std@@SAXXZ$0 10b2c130 f   libcpmt:string.obj
 0001:0002b130       __unwindfunclet$?_Xlen@_String_base@std@@SAXXZ$0 10b2c130 f   libcpmt:string.obj
 0001:0002b138       __ehhandler$?_Xran@_String_base@std@@SAXXZ 10b2c138 f   libcpmt:string.obj
 0001:0002b138       __ehhandler$?_Xlen@_String_base@std@@SAXXZ 10b2c138 f   libcpmt:string.obj
 0001:0002b153       __ehhandler$?CallUnexpected@@YAXPBU_s_ESTypeList@@@Z 10b2c153 f   LIBCMT:frame.obj
 0001:0002b170       ??__EtheErr@@YAXXZ         10b2c170 f   ErrorLog.obj
 0001:0002b190       ??__Eg_linkMgr@@YAXXZ      10b2c190 f   LinkManager.obj
 0001:0002b1b0       ??__FtheErr@@YAXXZ         10b2c1b0 f   ErrorLog.obj
 0001:0002b1c0       ??__Fg_linkMgr@@YAXXZ      10b2c1c0 f   LinkManager.obj
 0001:0002b1cf       ??__Fnomem@?5???2@YAPAXI@Z@YAXXZ 10b2c1cf f   LIBCMT:new.obj
